++========================================
||
||   Package:  ./perl-io-tty/perl-io-tty-1.17-x86_64-1cf.txz
||
++========================================
drwxr-xr-x root/root         0 2022-11-12 08:31 ./
drwxr-xr-x root/root         0 2022-11-12 08:31 install/
-rw-r--r-- root/root       756 2022-11-12 08:31 install/slack-desc
drwxr-xr-x root/root         0 2022-11-12 08:31 usr/
drwxr-xr-x root/root         0 2022-11-12 08:31 usr/doc/
drwxr-xr-x root/root         0 2022-11-12 08:31 usr/doc/perl-io-tty-1.17/
-rw-r--r-- root/root     10202 2022-11-11 21:14 usr/doc/perl-io-tty-1.17/ChangeLog
-rw-r--r-- root/root       295 2022-11-11 21:15 usr/doc/perl-io-tty-1.17/MANIFEST
-rw-r--r-- root/root      5661 2022-11-11 21:14 usr/doc/perl-io-tty-1.17/README
-rw-r--r-- root/root      3815 2022-11-12 08:31 usr/doc/perl-io-tty-1.17/perl-io-tty.SlackBuild
drwxr-xr-x root/root         0 2022-11-12 08:31 usr/lib64/
drwxr-xr-x root/root         0 2022-11-12 08:31 usr/lib64/perl5/
drwxr-xr-x root/root         0 2022-11-12 08:31 usr/lib64/perl5/vendor_perl/
drwxr-xr-x root/root         0 2022-11-12 08:31 usr/lib64/perl5/vendor_perl/IO/
-r--r--r-- root/root      9471 2022-11-11 21:14 usr/lib64/perl5/vendor_perl/IO/Pty.pm
drwxr-xr-x root/root         0 2022-11-12 08:31 usr/lib64/perl5/vendor_perl/IO/Tty/
-r-xr-xr-x root/root      8476 2022-11-11 21:14 usr/lib64/perl5/vendor_perl/IO/Tty.pm
-r--r--r-- root/root      7224 2022-11-12 08:30 usr/lib64/perl5/vendor_perl/IO/Tty/Constant.pm
drwxr-xr-x root/root         0 2022-11-12 08:31 usr/lib64/perl5/vendor_perl/auto/
drwxr-xr-x root/root         0 2022-11-12 08:31 usr/lib64/perl5/vendor_perl/auto/IO/
drwxr-xr-x root/root         0 2022-11-12 08:31 usr/lib64/perl5/vendor_perl/auto/IO/Tty/
-r-xr-xr-x root/root     35048 2022-11-12 08:31 usr/lib64/perl5/vendor_perl/auto/IO/Tty/Tty.so
drwxr-xr-x root/root         0 2022-11-12 08:31 usr/man/
drwxr-xr-x root/root         0 2022-11-12 08:31 usr/man/man3/
-rw-r--r-- root/root      3864 2022-11-12 08:30 usr/man/man3/IO::Pty.3.gz
-rw-r--r-- root/root      3866 2022-11-12 08:30 usr/man/man3/IO::Tty.3.gz
-rw-r--r-- root/root      2572 2022-11-12 08:30 usr/man/man3/IO::Tty::Constant.3.gz


