++========================================
||
||   Package:  ./pmount/pmount-0.9.23-x86_64-8cf.txz
||
++========================================
drwxr-xr-x root/root         0 2020-10-05 12:24 ./
drwxr-xr-x root/root         0 2020-10-05 12:24 etc/
-rw-r--r-- root/root       104 2020-10-05 12:24 etc/pmount.allow.new
drwxr-xr-x root/root         0 2020-10-05 12:24 install/
-rw-r--r-- root/root       388 2020-10-05 12:24 install/doinst.sh
-rw-r--r-- root/root       746 2020-10-05 12:24 install/slack-desc
drwxr-xr-x root/root         0 2020-10-05 12:24 usr/
drwxr-xr-x root/root         0 2020-10-05 12:24 usr/bin/
-rwsr-x--- root/plugdev  59616 2020-10-05 12:24 usr/bin/pmount
-rwsr-x--- root/plugdev  49488 2020-10-05 12:24 usr/bin/pumount
drwxr-xr-x root/root         0 2020-10-05 12:24 usr/doc/
drwxr-xr-x root/root         0 2020-10-05 12:24 usr/doc/pmount-0.9.23/
-rw-r--r-- root/root        41 2009-02-12 23:45 usr/doc/pmount-0.9.23/AUTHORS
-rw-r--r-- root/root     35147 2010-01-18 07:28 usr/doc/pmount-0.9.23/COPYING
-rw-r--r-- root/root     13466 2010-06-16 01:22 usr/doc/pmount-0.9.23/ChangeLog
-rw-r--r-- root/root     15578 2010-01-18 07:28 usr/doc/pmount-0.9.23/INSTALL
-rw-r--r-- root/root         0 2009-02-12 23:45 usr/doc/pmount-0.9.23/NEWS
-rw-r--r-- root/root       726 2009-02-12 23:45 usr/doc/pmount-0.9.23/README.devel
-rw-r--r-- root/root       470 2009-02-12 23:45 usr/doc/pmount-0.9.23/TODO
-rw-r--r-- root/root      3772 2020-10-05 12:24 usr/doc/pmount-0.9.23/pmount.SlackBuild
drwxr-xr-x root/root         0 2020-10-05 12:24 usr/man/
drwxr-xr-x root/root         0 2020-10-05 12:24 usr/man/man1/
-rw-r--r-- root/root      3689 2020-10-05 12:24 usr/man/man1/pmount.1.gz
-rw-r--r-- root/root      1454 2020-10-05 12:24 usr/man/man1/pumount.1.gz
drwxr-xr-x root/root         0 2020-10-05 12:24 usr/share/
drwxr-xr-x root/root         0 2020-10-05 12:24 usr/share/locale/
drwxr-xr-x root/root         0 2020-10-05 12:24 usr/share/locale/bs/
drwxr-xr-x root/root         0 2020-10-05 12:24 usr/share/locale/bs/LC_MESSAGES/
-rw-r--r-- root/root      1702 2020-10-05 12:24 usr/share/locale/bs/LC_MESSAGES/pmount.mo
drwxr-xr-x root/root         0 2020-10-05 12:24 usr/share/locale/ca/
drwxr-xr-x root/root         0 2020-10-05 12:24 usr/share/locale/ca/LC_MESSAGES/
-rw-r--r-- root/root     12470 2020-10-05 12:24 usr/share/locale/ca/LC_MESSAGES/pmount.mo
drwxr-xr-x root/root         0 2020-10-05 12:24 usr/share/locale/cs/
drwxr-xr-x root/root         0 2020-10-05 12:24 usr/share/locale/cs/LC_MESSAGES/
-rw-r--r-- root/root     12033 2020-10-05 12:24 usr/share/locale/cs/LC_MESSAGES/pmount.mo
drwxr-xr-x root/root         0 2020-10-05 12:24 usr/share/locale/de/
drwxr-xr-x root/root         0 2020-10-05 12:24 usr/share/locale/de/LC_MESSAGES/
-rw-r--r-- root/root     12303 2020-10-05 12:24 usr/share/locale/de/LC_MESSAGES/pmount.mo
drwxr-xr-x root/root         0 2020-10-05 12:24 usr/share/locale/el/
drwxr-xr-x root/root         0 2020-10-05 12:24 usr/share/locale/el/LC_MESSAGES/
-rw-r--r-- root/root      1097 2020-10-05 12:24 usr/share/locale/el/LC_MESSAGES/pmount.mo
drwxr-xr-x root/root         0 2020-10-05 12:24 usr/share/locale/en/
drwxr-xr-x root/root         0 2020-10-05 12:24 usr/share/locale/en/LC_MESSAGES/
-rw-r--r-- root/root       450 2020-10-05 12:24 usr/share/locale/en/LC_MESSAGES/pmount.mo
drwxr-xr-x root/root         0 2020-10-05 12:24 usr/share/locale/en_AU/
drwxr-xr-x root/root         0 2020-10-05 12:24 usr/share/locale/en_AU/LC_MESSAGES/
-rw-r--r-- root/root     11549 2020-10-05 12:24 usr/share/locale/en_AU/LC_MESSAGES/pmount.mo
drwxr-xr-x root/root         0 2020-10-05 12:24 usr/share/locale/en_GB/
drwxr-xr-x root/root         0 2020-10-05 12:24 usr/share/locale/en_GB/LC_MESSAGES/
-rw-r--r-- root/root     11530 2020-10-05 12:24 usr/share/locale/en_GB/LC_MESSAGES/pmount.mo
drwxr-xr-x root/root         0 2020-10-05 12:24 usr/share/locale/es/
drwxr-xr-x root/root         0 2020-10-05 12:24 usr/share/locale/es/LC_MESSAGES/
-rw-r--r-- root/root     12594 2020-10-05 12:24 usr/share/locale/es/LC_MESSAGES/pmount.mo
drwxr-xr-x root/root         0 2020-10-05 12:24 usr/share/locale/et/
drwxr-xr-x root/root         0 2020-10-05 12:24 usr/share/locale/et/LC_MESSAGES/
-rw-r--r-- root/root       460 2020-10-05 12:24 usr/share/locale/et/LC_MESSAGES/pmount.mo
drwxr-xr-x root/root         0 2020-10-05 12:24 usr/share/locale/eu/
drwxr-xr-x root/root         0 2020-10-05 12:24 usr/share/locale/eu/LC_MESSAGES/
-rw-r--r-- root/root      1540 2020-10-05 12:24 usr/share/locale/eu/LC_MESSAGES/pmount.mo
drwxr-xr-x root/root         0 2020-10-05 12:24 usr/share/locale/fa/
drwxr-xr-x root/root         0 2020-10-05 12:24 usr/share/locale/fa/LC_MESSAGES/
-rw-r--r-- root/root       572 2020-10-05 12:24 usr/share/locale/fa/LC_MESSAGES/pmount.mo
drwxr-xr-x root/root         0 2020-10-05 12:24 usr/share/locale/fr/
drwxr-xr-x root/root         0 2020-10-05 12:24 usr/share/locale/fr/LC_MESSAGES/
-rw-r--r-- root/root     12781 2020-10-05 12:24 usr/share/locale/fr/LC_MESSAGES/pmount.mo
drwxr-xr-x root/root         0 2020-10-05 12:24 usr/share/locale/he/
drwxr-xr-x root/root         0 2020-10-05 12:24 usr/share/locale/he/LC_MESSAGES/
-rw-r--r-- root/root      6963 2020-10-05 12:24 usr/share/locale/he/LC_MESSAGES/pmount.mo
drwxr-xr-x root/root         0 2020-10-05 12:24 usr/share/locale/hr/
drwxr-xr-x root/root         0 2020-10-05 12:24 usr/share/locale/hr/LC_MESSAGES/
-rw-r--r-- root/root     11935 2020-10-05 12:24 usr/share/locale/hr/LC_MESSAGES/pmount.mo
drwxr-xr-x root/root         0 2020-10-05 12:24 usr/share/locale/hu/
drwxr-xr-x root/root         0 2020-10-05 12:24 usr/share/locale/hu/LC_MESSAGES/
-rw-r--r-- root/root     12867 2020-10-05 12:24 usr/share/locale/hu/LC_MESSAGES/pmount.mo
drwxr-xr-x root/root         0 2020-10-05 12:24 usr/share/locale/id/
drwxr-xr-x root/root         0 2020-10-05 12:24 usr/share/locale/id/LC_MESSAGES/
-rw-r--r-- root/root     12361 2020-10-05 12:24 usr/share/locale/id/LC_MESSAGES/pmount.mo
drwxr-xr-x root/root         0 2020-10-05 12:24 usr/share/locale/it/
drwxr-xr-x root/root         0 2020-10-05 12:24 usr/share/locale/it/LC_MESSAGES/
-rw-r--r-- root/root     12515 2020-10-05 12:24 usr/share/locale/it/LC_MESSAGES/pmount.mo
drwxr-xr-x root/root         0 2020-10-05 12:24 usr/share/locale/ko/
drwxr-xr-x root/root         0 2020-10-05 12:24 usr/share/locale/ko/LC_MESSAGES/
-rw-r--r-- root/root      1000 2020-10-05 12:24 usr/share/locale/ko/LC_MESSAGES/pmount.mo
drwxr-xr-x root/root         0 2020-10-05 12:24 usr/share/locale/ml/
drwxr-xr-x root/root         0 2020-10-05 12:24 usr/share/locale/ml/LC_MESSAGES/
-rw-r--r-- root/root       427 2020-10-05 12:24 usr/share/locale/ml/LC_MESSAGES/pmount.mo
drwxr-xr-x root/root         0 2020-10-05 12:24 usr/share/locale/nb/
drwxr-xr-x root/root         0 2020-10-05 12:24 usr/share/locale/nb/LC_MESSAGES/
-rw-r--r-- root/root     11783 2020-10-05 12:24 usr/share/locale/nb/LC_MESSAGES/pmount.mo
drwxr-xr-x root/root         0 2020-10-05 12:24 usr/share/locale/nds/
drwxr-xr-x root/root         0 2020-10-05 12:24 usr/share/locale/nds/LC_MESSAGES/
-rw-r--r-- root/root      6472 2020-10-05 12:24 usr/share/locale/nds/LC_MESSAGES/pmount.mo
drwxr-xr-x root/root         0 2020-10-05 12:24 usr/share/locale/nl/
drwxr-xr-x root/root         0 2020-10-05 12:24 usr/share/locale/nl/LC_MESSAGES/
-rw-r--r-- root/root     12005 2020-10-05 12:24 usr/share/locale/nl/LC_MESSAGES/pmount.mo
drwxr-xr-x root/root         0 2020-10-05 12:24 usr/share/locale/pa/
drwxr-xr-x root/root         0 2020-10-05 12:24 usr/share/locale/pa/LC_MESSAGES/
-rw-r--r-- root/root       810 2020-10-05 12:24 usr/share/locale/pa/LC_MESSAGES/pmount.mo
drwxr-xr-x root/root         0 2020-10-05 12:24 usr/share/locale/pl/
drwxr-xr-x root/root         0 2020-10-05 12:24 usr/share/locale/pl/LC_MESSAGES/
-rw-r--r-- root/root     12336 2020-10-05 12:24 usr/share/locale/pl/LC_MESSAGES/pmount.mo
drwxr-xr-x root/root         0 2020-10-05 12:24 usr/share/locale/pt/
drwxr-xr-x root/root         0 2020-10-05 12:24 usr/share/locale/pt/LC_MESSAGES/
-rw-r--r-- root/root     12861 2020-10-05 12:24 usr/share/locale/pt/LC_MESSAGES/pmount.mo
drwxr-xr-x root/root         0 2020-10-05 12:24 usr/share/locale/pt_BR/
drwxr-xr-x root/root         0 2020-10-05 12:24 usr/share/locale/pt_BR/LC_MESSAGES/
-rw-r--r-- root/root     12597 2020-10-05 12:24 usr/share/locale/pt_BR/LC_MESSAGES/pmount.mo
drwxr-xr-x root/root         0 2020-10-05 12:24 usr/share/locale/ro/
drwxr-xr-x root/root         0 2020-10-05 12:24 usr/share/locale/ro/LC_MESSAGES/
-rw-r--r-- root/root     11882 2020-10-05 12:24 usr/share/locale/ro/LC_MESSAGES/pmount.mo
drwxr-xr-x root/root         0 2020-10-05 12:24 usr/share/locale/ru/
drwxr-xr-x root/root         0 2020-10-05 12:24 usr/share/locale/ru/LC_MESSAGES/
-rw-r--r-- root/root     11462 2020-10-05 12:24 usr/share/locale/ru/LC_MESSAGES/pmount.mo
drwxr-xr-x root/root         0 2020-10-05 12:24 usr/share/locale/sk/
drwxr-xr-x root/root         0 2020-10-05 12:24 usr/share/locale/sk/LC_MESSAGES/
-rw-r--r-- root/root     12108 2020-10-05 12:24 usr/share/locale/sk/LC_MESSAGES/pmount.mo
drwxr-xr-x root/root         0 2020-10-05 12:24 usr/share/locale/sr/
drwxr-xr-x root/root         0 2020-10-05 12:24 usr/share/locale/sr/LC_MESSAGES/
-rw-r--r-- root/root       427 2020-10-05 12:24 usr/share/locale/sr/LC_MESSAGES/pmount.mo
drwxr-xr-x root/root         0 2020-10-05 12:24 usr/share/locale/sv/
drwxr-xr-x root/root         0 2020-10-05 12:24 usr/share/locale/sv/LC_MESSAGES/
-rw-r--r-- root/root     11648 2020-10-05 12:24 usr/share/locale/sv/LC_MESSAGES/pmount.mo
drwxr-xr-x root/root         0 2020-10-05 12:24 usr/share/locale/te/
drwxr-xr-x root/root         0 2020-10-05 12:24 usr/share/locale/te/LC_MESSAGES/
-rw-r--r-- root/root      1062 2020-10-05 12:24 usr/share/locale/te/LC_MESSAGES/pmount.mo
drwxr-xr-x root/root         0 2020-10-05 12:24 usr/share/locale/tl/
drwxr-xr-x root/root         0 2020-10-05 12:24 usr/share/locale/tl/LC_MESSAGES/
-rw-r--r-- root/root       402 2020-10-05 12:24 usr/share/locale/tl/LC_MESSAGES/pmount.mo
drwxr-xr-x root/root         0 2020-10-05 12:24 usr/share/locale/tr/
drwxr-xr-x root/root         0 2020-10-05 12:24 usr/share/locale/tr/LC_MESSAGES/
-rw-r--r-- root/root       894 2020-10-05 12:24 usr/share/locale/tr/LC_MESSAGES/pmount.mo
drwxr-xr-x root/root         0 2020-10-05 12:24 usr/share/locale/vi/
drwxr-xr-x root/root         0 2020-10-05 12:24 usr/share/locale/vi/LC_MESSAGES/
-rw-r--r-- root/root      2529 2020-10-05 12:24 usr/share/locale/vi/LC_MESSAGES/pmount.mo
drwxr-xr-x root/root         0 2020-10-05 12:24 usr/share/locale/yi/
drwxr-xr-x root/root         0 2020-10-05 12:24 usr/share/locale/yi/LC_MESSAGES/
-rw-r--r-- root/root       425 2020-10-05 12:24 usr/share/locale/yi/LC_MESSAGES/pmount.mo
drwxr-xr-x root/root         0 2020-10-05 12:24 usr/share/locale/zh_CN/
drwxr-xr-x root/root         0 2020-10-05 12:24 usr/share/locale/zh_CN/LC_MESSAGES/
-rw-r--r-- root/root     11155 2020-10-05 12:24 usr/share/locale/zh_CN/LC_MESSAGES/pmount.mo


