++========================================
||
||   Package:  ./dcfldd/dcfldd-1.3.4_1-x86_64-5cf.txz
||
++========================================
drwxr-xr-x root/root         0 2020-10-05 11:03 ./
drwxr-xr-x root/root         0 2020-10-05 11:03 install/
-rw-r--r-- root/root       803 2020-10-05 11:03 install/slack-desc
drwxr-xr-x root/root         0 2020-10-05 11:03 usr/
drwxr-xr-x root/root         0 2020-10-05 11:03 usr/bin/
-rwxr-xr-x root/root     77080 2020-10-05 11:03 usr/bin/dcfldd
drwxr-xr-x root/root         0 2020-10-05 11:03 usr/doc/
drwxr-xr-x root/root         0 2020-10-05 11:03 usr/doc/dcfldd-1.3.4_1/
-rw-r--r-- root/root        82 2005-05-10 01:56 usr/doc/dcfldd-1.3.4_1/AUTHORS
-rw-r--r-- root/root     17992 2005-05-10 01:56 usr/doc/dcfldd-1.3.4_1/COPYING
-rw-r--r-- root/root       592 2005-05-10 01:56 usr/doc/dcfldd-1.3.4_1/ChangeLog
-rw-r--r-- root/root     15756 2020-10-05 11:03 usr/doc/dcfldd-1.3.4_1/INSTALL
-rw-r--r-- root/root         0 2005-05-10 01:56 usr/doc/dcfldd-1.3.4_1/NEWS
-rw-r--r-- root/root       412 2005-05-10 01:56 usr/doc/dcfldd-1.3.4_1/README
-rw-r--r-- root/root      3738 2020-10-05 11:03 usr/doc/dcfldd-1.3.4_1/dcfldd.SlackBuild
drwxr-xr-x root/root         0 2020-10-05 11:03 usr/man/
drwxr-xr-x root/root         0 2020-10-05 11:03 usr/man/man1/
-rw-r--r-- root/root      2913 2020-10-05 11:03 usr/man/man1/dcfldd.1.gz


