++========================================
||
||   Package:  ./smplayer/smplayer-22.7.0-x86_64-1cf.txz
||
++========================================
drwxr-xr-x root/root         0 2022-07-14 11:44 ./
drwxr-xr-x root/root         0 2022-07-14 11:44 install/
-rw-r--r-- root/root       434 2022-07-14 11:44 install/doinst.sh
-rw-r--r-- root/root       791 2022-07-14 11:44 install/slack-desc
drwxr-xr-x root/root         0 2022-07-14 11:44 usr/
drwxr-xr-x root/root         0 2022-07-14 11:44 usr/bin/
-rwxr-xr-x root/root    113312 2022-07-14 11:44 usr/bin/simple_web_server
-rwxr-xr-x root/root   4355040 2022-07-14 11:44 usr/bin/smplayer
drwxr-xr-x root/root         0 2022-07-14 11:44 usr/doc/
drwxr-xr-x root/root         0 2022-07-14 11:44 usr/doc/smplayer-22.7.0/
-rw-r--r-- root/root     18328 2022-07-14 11:44 usr/doc/smplayer-22.7.0/Copying.txt
-rw-r--r-- root/root      2064 2022-07-14 11:44 usr/doc/smplayer-22.7.0/Copying_BSD.txt
-rw-r--r-- root/root      1582 2022-07-14 11:44 usr/doc/smplayer-22.7.0/Copying_libmaia.txt
-rw-r--r-- root/root      6516 2022-07-14 11:44 usr/doc/smplayer-22.7.0/Copying_openssl.txt
-rw-r--r-- root/root      1531 2022-07-14 11:44 usr/doc/smplayer-22.7.0/Install.txt
-rw-r--r-- root/root      1138 2022-07-14 11:44 usr/doc/smplayer-22.7.0/Portable_Edition.txt
-rw-r--r-- root/root      4004 2022-07-14 11:44 usr/doc/smplayer-22.7.0/Readme.txt
-rw-r--r-- root/root      2826 2022-07-14 11:44 usr/doc/smplayer-22.7.0/Release_notes.md
drwxr-xr-x root/root         0 2022-07-13 16:39 usr/doc/smplayer-22.7.0/cs/
-rw-r--r-- root/root     21405 2021-04-02 17:10 usr/doc/smplayer-22.7.0/cs/gpl.html
drwxr-xr-x root/root         0 2022-07-13 16:39 usr/doc/smplayer-22.7.0/de/
-rw-r--r-- root/root     27953 2021-04-02 17:10 usr/doc/smplayer-22.7.0/de/gpl.html
drwxr-xr-x root/root         0 2022-07-13 16:39 usr/doc/smplayer-22.7.0/en/
-rw-r--r-- root/root     20317 2021-04-02 17:10 usr/doc/smplayer-22.7.0/en/gpl.html
drwxr-xr-x root/root         0 2022-07-13 16:39 usr/doc/smplayer-22.7.0/es/
-rw-r--r-- root/root     24331 2021-04-02 17:10 usr/doc/smplayer-22.7.0/es/gpl.html
drwxr-xr-x root/root         0 2022-07-13 16:39 usr/doc/smplayer-22.7.0/fr/
-rw-r--r-- root/root     21193 2021-04-02 17:10 usr/doc/smplayer-22.7.0/fr/gpl.html
drwxr-xr-x root/root         0 2022-07-13 16:39 usr/doc/smplayer-22.7.0/hu/
-rw-r--r-- root/root     21859 2021-04-02 17:10 usr/doc/smplayer-22.7.0/hu/gpl.html
drwxr-xr-x root/root         0 2022-07-13 16:39 usr/doc/smplayer-22.7.0/it/
-rw-r--r-- root/root     23678 2021-04-02 17:10 usr/doc/smplayer-22.7.0/it/gpl.html
drwxr-xr-x root/root         0 2022-07-13 16:39 usr/doc/smplayer-22.7.0/ja/
-rw-r--r-- root/root     32403 2021-04-02 17:10 usr/doc/smplayer-22.7.0/ja/gpl.html
drwxr-xr-x root/root         0 2022-07-13 16:39 usr/doc/smplayer-22.7.0/nl/
-rw-r--r-- root/root     23088 2021-04-02 17:10 usr/doc/smplayer-22.7.0/nl/gpl.html
drwxr-xr-x root/root         0 2022-07-13 16:39 usr/doc/smplayer-22.7.0/ro/
-rw-r--r-- root/root     22219 2021-04-02 17:10 usr/doc/smplayer-22.7.0/ro/gpl.html
drwxr-xr-x root/root         0 2022-07-13 16:39 usr/doc/smplayer-22.7.0/ru/
-rw-r--r-- root/root     47478 2021-04-02 17:10 usr/doc/smplayer-22.7.0/ru/gpl.html
-rw-r--r-- root/root      3597 2022-07-14 11:44 usr/doc/smplayer-22.7.0/smplayer.SlackBuild
drwxr-xr-x root/root         0 2022-07-13 16:39 usr/doc/smplayer-22.7.0/zh_CN/
-rw-r--r-- root/root     19230 2021-04-02 17:10 usr/doc/smplayer-22.7.0/zh_CN/gpl.html
drwxr-xr-x root/root         0 2022-07-14 11:44 usr/man/
drwxr-xr-x root/root         0 2022-07-14 11:44 usr/man/man1/
-rw-r--r-- root/root      1616 2022-07-14 11:44 usr/man/man1/smplayer.1.gz
drwxr-xr-x root/root         0 2022-07-14 11:44 usr/share/
drwxr-xr-x root/root         0 2022-07-14 11:44 usr/share/applications/
-rw-r--r-- root/root      5361 2022-07-14 11:44 usr/share/applications/smplayer.desktop
-rw-r--r-- root/root      4418 2022-07-14 11:44 usr/share/applications/smplayer_enqueue.desktop
drwxr-xr-x root/root         0 2022-07-14 11:44 usr/share/icons/
drwxr-xr-x root/root         0 2022-07-14 11:44 usr/share/icons/hicolor/
drwxr-xr-x root/root         0 2022-07-14 11:44 usr/share/icons/hicolor/128x128/
drwxr-xr-x root/root         0 2022-07-14 11:44 usr/share/icons/hicolor/128x128/apps/
-rw-r--r-- root/root     19826 2022-07-14 11:44 usr/share/icons/hicolor/128x128/apps/smplayer.png
drwxr-xr-x root/root         0 2022-07-14 11:44 usr/share/icons/hicolor/16x16/
drwxr-xr-x root/root         0 2022-07-14 11:44 usr/share/icons/hicolor/16x16/apps/
-rw-r--r-- root/root      1121 2022-07-14 11:44 usr/share/icons/hicolor/16x16/apps/smplayer.png
drwxr-xr-x root/root         0 2022-07-14 11:44 usr/share/icons/hicolor/192x192/
drwxr-xr-x root/root         0 2022-07-14 11:44 usr/share/icons/hicolor/192x192/apps/
-rw-r--r-- root/root     35675 2022-07-14 11:44 usr/share/icons/hicolor/192x192/apps/smplayer.png
drwxr-xr-x root/root         0 2022-07-14 11:44 usr/share/icons/hicolor/22x22/
drwxr-xr-x root/root         0 2022-07-14 11:44 usr/share/icons/hicolor/22x22/apps/
-rw-r--r-- root/root      1490 2022-07-14 11:44 usr/share/icons/hicolor/22x22/apps/smplayer.png
drwxr-xr-x root/root         0 2022-07-14 11:44 usr/share/icons/hicolor/256x256/
drwxr-xr-x root/root         0 2022-07-14 11:44 usr/share/icons/hicolor/256x256/apps/
-rw-r--r-- root/root     53360 2022-07-14 11:44 usr/share/icons/hicolor/256x256/apps/smplayer.png
drwxr-xr-x root/root         0 2022-07-14 11:44 usr/share/icons/hicolor/32x32/
drwxr-xr-x root/root         0 2022-07-14 11:44 usr/share/icons/hicolor/32x32/apps/
-rw-r--r-- root/root      2377 2022-07-14 11:44 usr/share/icons/hicolor/32x32/apps/smplayer.png
drwxr-xr-x root/root         0 2022-07-14 11:44 usr/share/icons/hicolor/512x512/
drwxr-xr-x root/root         0 2022-07-14 11:44 usr/share/icons/hicolor/512x512/apps/
-rw-r--r-- root/root    141024 2022-07-14 11:44 usr/share/icons/hicolor/512x512/apps/smplayer.png
drwxr-xr-x root/root         0 2022-07-14 11:44 usr/share/icons/hicolor/64x64/
drwxr-xr-x root/root         0 2022-07-14 11:44 usr/share/icons/hicolor/64x64/apps/
-rw-r--r-- root/root      7042 2022-07-14 11:44 usr/share/icons/hicolor/64x64/apps/smplayer.png
drwxr-xr-x root/root         0 2022-07-14 11:44 usr/share/icons/hicolor/scalable/
drwxr-xr-x root/root         0 2022-07-14 11:44 usr/share/icons/hicolor/scalable/apps/
-rw-r--r-- root/root     66301 2022-07-14 11:44 usr/share/icons/hicolor/scalable/apps/smplayer.svg
drwxr-xr-x root/root         0 2022-07-14 11:44 usr/share/metainfo/
-rw-r--r-- root/root      2662 2022-07-14 11:44 usr/share/metainfo/smplayer.appdata.xml
drwxr-xr-x root/root         0 2022-07-14 11:44 usr/share/smplayer/
-rw-r--r-- root/root      1327 2022-07-14 11:44 usr/share/smplayer/input.conf
drwxr-xr-x root/root         0 2022-07-14 11:44 usr/share/smplayer/shortcuts/
-rw-r--r-- root/root      4474 2022-07-14 11:44 usr/share/smplayer/shortcuts/default.keys
-rw-r--r-- root/root      3744 2022-07-14 11:44 usr/share/smplayer/shortcuts/euskara.keys
-rw-r--r-- root/root      4231 2022-07-14 11:44 usr/share/smplayer/shortcuts/vlc.keys
drwxr-xr-x root/root         0 2022-07-14 11:44 usr/share/smplayer/translations/
-rw-r--r-- root/root    235718 2022-07-14 11:44 usr/share/smplayer/translations/smplayer_am.qm
-rw-r--r-- root/root    266743 2022-07-14 11:44 usr/share/smplayer/translations/smplayer_ar.qm
-rw-r--r-- root/root    263012 2022-07-14 11:44 usr/share/smplayer/translations/smplayer_ar_SY.qm
-rw-r--r-- root/root    267098 2022-07-14 11:44 usr/share/smplayer/translations/smplayer_bg.qm
-rw-r--r-- root/root    218654 2022-07-14 11:44 usr/share/smplayer/translations/smplayer_ca.qm
-rw-r--r-- root/root    268795 2022-07-14 11:44 usr/share/smplayer/translations/smplayer_cs.qm
-rw-r--r-- root/root    282075 2022-07-14 11:44 usr/share/smplayer/translations/smplayer_da.qm
-rw-r--r-- root/root    301492 2022-07-14 11:44 usr/share/smplayer/translations/smplayer_de.qm
-rw-r--r-- root/root    302068 2022-07-14 11:44 usr/share/smplayer/translations/smplayer_el.qm
-rw-r--r-- root/root       103 2022-07-14 11:44 usr/share/smplayer/translations/smplayer_en.qm
-rw-r--r-- root/root    203869 2022-07-14 11:44 usr/share/smplayer/translations/smplayer_en_GB.qm
-rw-r--r-- root/root        33 2022-07-14 11:44 usr/share/smplayer/translations/smplayer_en_US.qm
-rw-r--r-- root/root    300094 2022-07-14 11:44 usr/share/smplayer/translations/smplayer_es.qm
-rw-r--r-- root/root    297215 2022-07-14 11:44 usr/share/smplayer/translations/smplayer_es_ES.qm
-rw-r--r-- root/root    225814 2022-07-14 11:44 usr/share/smplayer/translations/smplayer_et.qm
-rw-r--r-- root/root    286797 2022-07-14 11:44 usr/share/smplayer/translations/smplayer_eu.qm
-rw-r--r-- root/root     62781 2022-07-14 11:44 usr/share/smplayer/translations/smplayer_fa.qm
-rw-r--r-- root/root    288086 2022-07-14 11:44 usr/share/smplayer/translations/smplayer_fi.qm
-rw-r--r-- root/root    299583 2022-07-14 11:44 usr/share/smplayer/translations/smplayer_fr.qm
-rw-r--r-- root/root    294142 2022-07-14 11:44 usr/share/smplayer/translations/smplayer_gl.qm
-rw-r--r-- root/root    178928 2022-07-14 11:44 usr/share/smplayer/translations/smplayer_he_IL.qm
-rw-r--r-- root/root    290371 2022-07-14 11:44 usr/share/smplayer/translations/smplayer_hr.qm
-rw-r--r-- root/root    234644 2022-07-14 11:44 usr/share/smplayer/translations/smplayer_hu.qm
-rw-r--r-- root/root    283211 2022-07-14 11:44 usr/share/smplayer/translations/smplayer_id.qm
-rw-r--r-- root/root    288708 2022-07-14 11:44 usr/share/smplayer/translations/smplayer_it.qm
-rw-r--r-- root/root    225729 2022-07-14 11:44 usr/share/smplayer/translations/smplayer_ja.qm
-rw-r--r-- root/root     30095 2022-07-14 11:44 usr/share/smplayer/translations/smplayer_ka.qm
-rw-r--r-- root/root    207770 2022-07-14 11:44 usr/share/smplayer/translations/smplayer_ko.qm
-rw-r--r-- root/root     93100 2022-07-14 11:44 usr/share/smplayer/translations/smplayer_ku.qm
-rw-r--r-- root/root    223035 2022-07-14 11:44 usr/share/smplayer/translations/smplayer_lt.qm
-rw-r--r-- root/root     78152 2022-07-14 11:44 usr/share/smplayer/translations/smplayer_mk.qm
-rw-r--r-- root/root    282694 2022-07-14 11:44 usr/share/smplayer/translations/smplayer_ms_MY.qm
-rw-r--r-- root/root    265133 2022-07-14 11:44 usr/share/smplayer/translations/smplayer_nb_NO.qm
-rw-r--r-- root/root    290584 2022-07-14 11:44 usr/share/smplayer/translations/smplayer_nl.qm
-rw-r--r-- root/root    169973 2022-07-14 11:44 usr/share/smplayer/translations/smplayer_nn_NO.qm
-rw-r--r-- root/root    286138 2022-07-14 11:44 usr/share/smplayer/translations/smplayer_pl.qm
-rw-r--r-- root/root    286344 2022-07-14 11:44 usr/share/smplayer/translations/smplayer_pt.qm
-rw-r--r-- root/root    288261 2022-07-14 11:44 usr/share/smplayer/translations/smplayer_pt_BR.qm
-rw-r--r-- root/root    123865 2022-07-14 11:44 usr/share/smplayer/translations/smplayer_ro_RO.qm
-rw-r--r-- root/root    287467 2022-07-14 11:44 usr/share/smplayer/translations/smplayer_ru_RU.qm
-rw-r--r-- root/root    284222 2022-07-14 11:44 usr/share/smplayer/translations/smplayer_sk.qm
-rw-r--r-- root/root     37102 2022-07-14 11:44 usr/share/smplayer/translations/smplayer_sl_SI.qm
-rw-r--r-- root/root     82603 2022-07-14 11:44 usr/share/smplayer/translations/smplayer_sq_AL.qm
-rw-r--r-- root/root    256458 2022-07-14 11:44 usr/share/smplayer/translations/smplayer_sr.qm
-rw-r--r-- root/root     35660 2022-07-14 11:44 usr/share/smplayer/translations/smplayer_sv.qm
-rw-r--r-- root/root    177993 2022-07-14 11:44 usr/share/smplayer/translations/smplayer_th.qm
-rw-r--r-- root/root    282251 2022-07-14 11:44 usr/share/smplayer/translations/smplayer_tr.qm
-rw-r--r-- root/root    285009 2022-07-14 11:44 usr/share/smplayer/translations/smplayer_uk_UA.qm
-rw-r--r-- root/root      6476 2022-07-14 11:44 usr/share/smplayer/translations/smplayer_uz.qm
-rw-r--r-- root/root    185766 2022-07-14 11:44 usr/share/smplayer/translations/smplayer_vi_VN.qm
-rw-r--r-- root/root    199864 2022-07-14 11:44 usr/share/smplayer/translations/smplayer_zh_CN.qm
-rw-r--r-- root/root    201390 2022-07-14 11:44 usr/share/smplayer/translations/smplayer_zh_TW.qm


