++========================================
||
||   Package:  ./smplayer/smplayer-21.1.0-x86_64-1cf.txz
||
++========================================
drwxr-xr-x root/root         0 2021-01-07 10:32 ./
drwxr-xr-x root/root         0 2021-01-07 10:32 install/
-rw-r--r-- root/root       434 2021-01-07 10:32 install/doinst.sh
-rw-r--r-- root/root       791 2021-01-07 10:32 install/slack-desc
drwxr-xr-x root/root         0 2021-01-07 10:32 usr/
drwxr-xr-x root/root         0 2021-01-07 10:32 usr/bin/
-rwxr-xr-x root/root    113224 2021-01-07 10:32 usr/bin/simple_web_server
-rwxr-xr-x root/root   3912560 2021-01-07 10:32 usr/bin/smplayer
drwxr-xr-x root/root         0 2021-01-07 10:32 usr/doc/
drwxr-xr-x root/root         0 2021-01-07 10:32 usr/doc/smplayer-21.1.0/
-rw-r--r-- root/root     23988 2021-01-07 10:32 usr/doc/smplayer-21.1.0/Changelog
-rw-r--r-- root/root     18328 2021-01-07 10:32 usr/doc/smplayer-21.1.0/Copying.txt
-rw-r--r-- root/root      2064 2021-01-07 10:32 usr/doc/smplayer-21.1.0/Copying_BSD.txt
-rw-r--r-- root/root      1582 2021-01-07 10:32 usr/doc/smplayer-21.1.0/Copying_libmaia.txt
-rw-r--r-- root/root      6516 2021-01-07 10:32 usr/doc/smplayer-21.1.0/Copying_openssl.txt
-rw-r--r-- root/root       863 2021-01-07 10:32 usr/doc/smplayer-21.1.0/Finding_subtitles.txt
-rw-r--r-- root/root      1531 2021-01-07 10:32 usr/doc/smplayer-21.1.0/Install.txt
-rw-r--r-- root/root      3306 2021-01-07 10:32 usr/doc/smplayer-21.1.0/Not_so_obvious_things.txt
-rw-r--r-- root/root      1138 2021-01-07 10:32 usr/doc/smplayer-21.1.0/Portable_Edition.txt
-rw-r--r-- root/root      3922 2021-01-07 10:32 usr/doc/smplayer-21.1.0/Readme.txt
-rw-r--r-- root/root     13127 2021-01-07 10:32 usr/doc/smplayer-21.1.0/Release_notes.txt
-rw-r--r-- root/root      4634 2021-01-07 10:32 usr/doc/smplayer-21.1.0/Watching_TV.txt
drwxr-xr-x root/root         0 2021-01-06 15:02 usr/doc/smplayer-21.1.0/cs/
-rw-r--r-- root/root     21405 2008-12-12 22:58 usr/doc/smplayer-21.1.0/cs/gpl.html
drwxr-xr-x root/root         0 2021-01-06 15:02 usr/doc/smplayer-21.1.0/de/
-rw-r--r-- root/root     27953 2008-01-17 01:31 usr/doc/smplayer-21.1.0/de/gpl.html
-rw-r--r-- root/root      1492 2021-01-07 10:32 usr/doc/smplayer-21.1.0/dvdmenus.txt
drwxr-xr-x root/root         0 2021-01-06 15:02 usr/doc/smplayer-21.1.0/en/
-rw-r--r-- root/root     20317 2008-01-04 00:00 usr/doc/smplayer-21.1.0/en/gpl.html
drwxr-xr-x root/root         0 2021-01-06 15:02 usr/doc/smplayer-21.1.0/es/
-rw-r--r-- root/root     24331 2008-01-17 01:31 usr/doc/smplayer-21.1.0/es/gpl.html
drwxr-xr-x root/root         0 2021-01-06 15:02 usr/doc/smplayer-21.1.0/fr/
-rw-r--r-- root/root     21193 2016-02-27 04:07 usr/doc/smplayer-21.1.0/fr/gpl.html
drwxr-xr-x root/root         0 2021-01-06 15:02 usr/doc/smplayer-21.1.0/hu/
-rw-r--r-- root/root     21859 2009-07-09 00:09 usr/doc/smplayer-21.1.0/hu/gpl.html
drwxr-xr-x root/root         0 2021-01-06 15:02 usr/doc/smplayer-21.1.0/it/
-rw-r--r-- root/root     23678 2009-07-09 03:50 usr/doc/smplayer-21.1.0/it/gpl.html
drwxr-xr-x root/root         0 2021-01-06 15:02 usr/doc/smplayer-21.1.0/ja/
-rw-r--r-- root/root     32403 2016-02-27 04:07 usr/doc/smplayer-21.1.0/ja/gpl.html
drwxr-xr-x root/root         0 2021-01-06 15:02 usr/doc/smplayer-21.1.0/nl/
-rw-r--r-- root/root     23088 2008-08-17 02:08 usr/doc/smplayer-21.1.0/nl/gpl.html
drwxr-xr-x root/root         0 2021-01-06 15:02 usr/doc/smplayer-21.1.0/ro/
-rw-r--r-- root/root     22219 2008-01-20 14:54 usr/doc/smplayer-21.1.0/ro/gpl.html
drwxr-xr-x root/root         0 2021-01-06 15:02 usr/doc/smplayer-21.1.0/ru/
-rw-r--r-- root/root     47478 2008-01-20 10:01 usr/doc/smplayer-21.1.0/ru/gpl.html
-rw-r--r-- root/root      3390 2021-01-07 10:32 usr/doc/smplayer-21.1.0/smplayer.SlackBuild
drwxr-xr-x root/root         0 2021-01-06 15:02 usr/doc/smplayer-21.1.0/zh_CN/
-rw-r--r-- root/root     19230 2012-01-01 00:47 usr/doc/smplayer-21.1.0/zh_CN/gpl.html
drwxr-xr-x root/root         0 2021-01-07 10:32 usr/man/
drwxr-xr-x root/root         0 2021-01-07 10:32 usr/man/man1/
-rw-r--r-- root/root      1620 2021-01-07 10:32 usr/man/man1/smplayer.1.gz
drwxr-xr-x root/root         0 2021-01-07 10:32 usr/share/
drwxr-xr-x root/root         0 2021-01-07 10:32 usr/share/applications/
-rw-r--r-- root/root      5365 2021-01-07 10:32 usr/share/applications/smplayer.desktop
-rw-r--r-- root/root      4422 2021-01-07 10:32 usr/share/applications/smplayer_enqueue.desktop
drwxr-xr-x root/root         0 2021-01-07 10:32 usr/share/icons/
drwxr-xr-x root/root         0 2021-01-07 10:32 usr/share/icons/hicolor/
drwxr-xr-x root/root         0 2021-01-07 10:32 usr/share/icons/hicolor/128x128/
drwxr-xr-x root/root         0 2021-01-07 10:32 usr/share/icons/hicolor/128x128/apps/
-rw-r--r-- root/root     19826 2021-01-07 10:32 usr/share/icons/hicolor/128x128/apps/smplayer.png
drwxr-xr-x root/root         0 2021-01-07 10:32 usr/share/icons/hicolor/16x16/
drwxr-xr-x root/root         0 2021-01-07 10:32 usr/share/icons/hicolor/16x16/apps/
-rw-r--r-- root/root      1121 2021-01-07 10:32 usr/share/icons/hicolor/16x16/apps/smplayer.png
drwxr-xr-x root/root         0 2021-01-07 10:32 usr/share/icons/hicolor/192x192/
drwxr-xr-x root/root         0 2021-01-07 10:32 usr/share/icons/hicolor/192x192/apps/
-rw-r--r-- root/root     35675 2021-01-07 10:32 usr/share/icons/hicolor/192x192/apps/smplayer.png
drwxr-xr-x root/root         0 2021-01-07 10:32 usr/share/icons/hicolor/22x22/
drwxr-xr-x root/root         0 2021-01-07 10:32 usr/share/icons/hicolor/22x22/apps/
-rw-r--r-- root/root      1490 2021-01-07 10:32 usr/share/icons/hicolor/22x22/apps/smplayer.png
drwxr-xr-x root/root         0 2021-01-07 10:32 usr/share/icons/hicolor/256x256/
drwxr-xr-x root/root         0 2021-01-07 10:32 usr/share/icons/hicolor/256x256/apps/
-rw-r--r-- root/root     53360 2021-01-07 10:32 usr/share/icons/hicolor/256x256/apps/smplayer.png
drwxr-xr-x root/root         0 2021-01-07 10:32 usr/share/icons/hicolor/32x32/
drwxr-xr-x root/root         0 2021-01-07 10:32 usr/share/icons/hicolor/32x32/apps/
-rw-r--r-- root/root      2377 2021-01-07 10:32 usr/share/icons/hicolor/32x32/apps/smplayer.png
drwxr-xr-x root/root         0 2021-01-07 10:32 usr/share/icons/hicolor/512x512/
drwxr-xr-x root/root         0 2021-01-07 10:32 usr/share/icons/hicolor/512x512/apps/
-rw-r--r-- root/root    141024 2021-01-07 10:32 usr/share/icons/hicolor/512x512/apps/smplayer.png
drwxr-xr-x root/root         0 2021-01-07 10:32 usr/share/icons/hicolor/64x64/
drwxr-xr-x root/root         0 2021-01-07 10:32 usr/share/icons/hicolor/64x64/apps/
-rw-r--r-- root/root      7042 2021-01-07 10:32 usr/share/icons/hicolor/64x64/apps/smplayer.png
drwxr-xr-x root/root         0 2021-01-07 10:32 usr/share/icons/hicolor/scalable/
drwxr-xr-x root/root         0 2021-01-07 10:32 usr/share/icons/hicolor/scalable/apps/
-rw-r--r-- root/root     66301 2021-01-07 10:32 usr/share/icons/hicolor/scalable/apps/smplayer.svg
drwxr-xr-x root/root         0 2021-01-07 10:32 usr/share/smplayer/
-rw-r--r-- root/root      1327 2021-01-07 10:32 usr/share/smplayer/input.conf
drwxr-xr-x root/root         0 2021-01-07 10:32 usr/share/smplayer/shortcuts/
-rw-r--r-- root/root      4474 2021-01-07 10:32 usr/share/smplayer/shortcuts/default.keys
-rw-r--r-- root/root      3744 2021-01-07 10:32 usr/share/smplayer/shortcuts/euskara.keys
-rw-r--r-- root/root      4231 2021-01-07 10:32 usr/share/smplayer/shortcuts/vlc.keys
drwxr-xr-x root/root         0 2021-01-07 10:32 usr/share/smplayer/translations/
-rw-r--r-- root/root    235904 2021-01-07 10:32 usr/share/smplayer/translations/smplayer_am.qm
-rw-r--r-- root/root    265522 2021-01-07 10:32 usr/share/smplayer/translations/smplayer_ar.qm
-rw-r--r-- root/root    265525 2021-01-07 10:32 usr/share/smplayer/translations/smplayer_ar_SY.qm
-rw-r--r-- root/root    268897 2021-01-07 10:32 usr/share/smplayer/translations/smplayer_bg.qm
-rw-r--r-- root/root    219709 2021-01-07 10:32 usr/share/smplayer/translations/smplayer_ca.qm
-rw-r--r-- root/root    268755 2021-01-07 10:32 usr/share/smplayer/translations/smplayer_cs.qm
-rw-r--r-- root/root    280252 2021-01-07 10:32 usr/share/smplayer/translations/smplayer_da.qm
-rw-r--r-- root/root    303985 2021-01-07 10:32 usr/share/smplayer/translations/smplayer_de.qm
-rw-r--r-- root/root    304543 2021-01-07 10:32 usr/share/smplayer/translations/smplayer_el.qm
-rw-r--r-- root/root       103 2021-01-07 10:32 usr/share/smplayer/translations/smplayer_en.qm
-rw-r--r-- root/root    205478 2021-01-07 10:32 usr/share/smplayer/translations/smplayer_en_GB.qm
-rw-r--r-- root/root        33 2021-01-07 10:32 usr/share/smplayer/translations/smplayer_en_US.qm
-rw-r--r-- root/root    298359 2021-01-07 10:32 usr/share/smplayer/translations/smplayer_es.qm
-rw-r--r-- root/root    295374 2021-01-07 10:32 usr/share/smplayer/translations/smplayer_es_ES.qm
-rw-r--r-- root/root    227531 2021-01-07 10:32 usr/share/smplayer/translations/smplayer_et.qm
-rw-r--r-- root/root    288209 2021-01-07 10:32 usr/share/smplayer/translations/smplayer_eu.qm
-rw-r--r-- root/root     63333 2021-01-07 10:32 usr/share/smplayer/translations/smplayer_fa.qm
-rw-r--r-- root/root    286625 2021-01-07 10:32 usr/share/smplayer/translations/smplayer_fi.qm
-rw-r--r-- root/root    298212 2021-01-07 10:32 usr/share/smplayer/translations/smplayer_fr.qm
-rw-r--r-- root/root    292279 2021-01-07 10:32 usr/share/smplayer/translations/smplayer_gl.qm
-rw-r--r-- root/root    180235 2021-01-07 10:32 usr/share/smplayer/translations/smplayer_he_IL.qm
-rw-r--r-- root/root    288896 2021-01-07 10:32 usr/share/smplayer/translations/smplayer_hr.qm
-rw-r--r-- root/root    226091 2021-01-07 10:32 usr/share/smplayer/translations/smplayer_hu.qm
-rw-r--r-- root/root    285621 2021-01-07 10:32 usr/share/smplayer/translations/smplayer_id.qm
-rw-r--r-- root/root    290403 2021-01-07 10:32 usr/share/smplayer/translations/smplayer_it.qm
-rw-r--r-- root/root    224223 2021-01-07 10:32 usr/share/smplayer/translations/smplayer_ja.qm
-rw-r--r-- root/root     30095 2021-01-07 10:32 usr/share/smplayer/translations/smplayer_ka.qm
-rw-r--r-- root/root    209050 2021-01-07 10:32 usr/share/smplayer/translations/smplayer_ko.qm
-rw-r--r-- root/root     93310 2021-01-07 10:32 usr/share/smplayer/translations/smplayer_ku.qm
-rw-r--r-- root/root    224769 2021-01-07 10:32 usr/share/smplayer/translations/smplayer_lt.qm
-rw-r--r-- root/root     78750 2021-01-07 10:32 usr/share/smplayer/translations/smplayer_mk.qm
-rw-r--r-- root/root    275922 2021-01-07 10:32 usr/share/smplayer/translations/smplayer_ms_MY.qm
-rw-r--r-- root/root    266816 2021-01-07 10:32 usr/share/smplayer/translations/smplayer_nb_NO.qm
-rw-r--r-- root/root    292546 2021-01-07 10:32 usr/share/smplayer/translations/smplayer_nl.qm
-rw-r--r-- root/root    167074 2021-01-07 10:32 usr/share/smplayer/translations/smplayer_nn_NO.qm
-rw-r--r-- root/root    288584 2021-01-07 10:32 usr/share/smplayer/translations/smplayer_pl.qm
-rw-r--r-- root/root    284425 2021-01-07 10:32 usr/share/smplayer/translations/smplayer_pt.qm
-rw-r--r-- root/root    286314 2021-01-07 10:32 usr/share/smplayer/translations/smplayer_pt_BR.qm
-rw-r--r-- root/root    124579 2021-01-07 10:32 usr/share/smplayer/translations/smplayer_ro_RO.qm
-rw-r--r-- root/root    286409 2021-01-07 10:32 usr/share/smplayer/translations/smplayer_ru_RU.qm
-rw-r--r-- root/root     87283 2021-01-07 10:32 usr/share/smplayer/translations/smplayer_sk.qm
-rw-r--r-- root/root     37144 2021-01-07 10:32 usr/share/smplayer/translations/smplayer_sl_SI.qm
-rw-r--r-- root/root     83243 2021-01-07 10:32 usr/share/smplayer/translations/smplayer_sq_AL.qm
-rw-r--r-- root/root    246316 2021-01-07 10:32 usr/share/smplayer/translations/smplayer_sr.qm
-rw-r--r-- root/root     35822 2021-01-07 10:32 usr/share/smplayer/translations/smplayer_sv.qm
-rw-r--r-- root/root    179519 2021-01-07 10:32 usr/share/smplayer/translations/smplayer_th.qm
-rw-r--r-- root/root    220662 2021-01-07 10:32 usr/share/smplayer/translations/smplayer_tr.qm
-rw-r--r-- root/root    281602 2021-01-07 10:32 usr/share/smplayer/translations/smplayer_uk_UA.qm
-rw-r--r-- root/root      6476 2021-01-07 10:32 usr/share/smplayer/translations/smplayer_uz.qm
-rw-r--r-- root/root    187496 2021-01-07 10:32 usr/share/smplayer/translations/smplayer_vi_VN.qm
-rw-r--r-- root/root    198530 2021-01-07 10:32 usr/share/smplayer/translations/smplayer_zh_CN.qm
-rw-r--r-- root/root    199992 2021-01-07 10:32 usr/share/smplayer/translations/smplayer_zh_TW.qm


