++========================================
||
||   Package:  ./signond/signond-8.60-x86_64-1cf.txz
||
++========================================
drwxr-xr-x root/root         0 2020-02-23 15:42 ./
drwxr-xr-x root/root         0 2020-02-23 15:42 etc/
-rw-r--r-- root/root      1803 2018-09-17 18:28 etc/signond.conf.new
drwxr-xr-x root/root         0 2020-02-23 15:42 install/
-rw-r--r-- root/root      1923 2020-02-23 15:42 install/doinst.sh
-rw-r--r-- root/root       840 2020-02-23 15:42 install/slack-desc
drwxr-xr-x root/root         0 2020-02-23 15:42 usr/
drwxr-xr-x root/root         0 2020-02-23 15:42 usr/bin/
-rwxr-xr-x root/root    611624 2020-02-23 15:42 usr/bin/signond
-rwxr-xr-x root/root     89160 2020-02-23 15:42 usr/bin/signonpluginprocess
drwxr-xr-x root/root         0 2020-02-23 15:42 usr/doc/
drwxr-xr-x root/root         0 2020-02-23 15:42 usr/doc/signond-8.60/
-rw-r--r-- root/root     26434 2018-09-17 18:28 usr/doc/signond-8.60/COPYING
-rw-r--r-- root/root       686 2018-09-17 18:28 usr/doc/signond-8.60/INSTALL
-rw-r--r-- root/root         1 2018-09-17 18:28 usr/doc/signond-8.60/NOTES
-rw-r--r-- root/root       600 2018-09-17 18:28 usr/doc/signond-8.60/README.md
-rw-r--r-- root/root         1 2018-09-17 18:28 usr/doc/signond-8.60/TODO
drwxr-xr-x root/root         0 2020-02-23 15:42 usr/doc/signond-8.60/libsignon-qt/
drwxr-xr-x root/root         0 2020-02-23 15:42 usr/doc/signond-8.60/libsignon-qt/html/
-rw-r--r-- root/root      6306 2020-02-23 15:42 usr/doc/signond-8.60/libsignon-qt/html/annotated.html
-rw-r--r-- root/root        84 2020-02-23 15:42 usr/doc/signond-8.60/libsignon-qt/html/annotated_dup.js
-rw-r--r-- root/root     48647 2020-02-23 15:42 usr/doc/signond-8.60/libsignon-qt/html/async-dbus-proxy_8cpp_source.html
-rw-r--r-- root/root     24049 2020-02-23 15:42 usr/doc/signond-8.60/libsignon-qt/html/async-dbus-proxy_8h_source.html
-rw-r--r-- root/root     16191 2020-02-23 15:42 usr/doc/signond-8.60/libsignon-qt/html/authservice_8cpp_source.html
-rw-r--r-- root/root     22416 2020-02-23 15:42 usr/doc/signond-8.60/libsignon-qt/html/authservice_8h_source.html
-rw-r--r-- root/root     17570 2020-02-23 15:42 usr/doc/signond-8.60/libsignon-qt/html/authsession_8cpp_source.html
-rw-r--r-- root/root     42587 2020-02-23 15:42 usr/doc/signond-8.60/libsignon-qt/html/authsession_8h_source.html
-rw-r--r-- root/root       676 2020-02-23 15:42 usr/doc/signond-8.60/libsignon-qt/html/bc_s.png
-rw-r--r-- root/root       147 2020-02-23 15:42 usr/doc/signond-8.60/libsignon-qt/html/bdwn.png
-rw-r--r-- root/root     10923 2020-02-23 15:42 usr/doc/signond-8.60/libsignon-qt/html/classSignOn_1_1AuthService-members.html
-rw-r--r-- root/root     37136 2020-02-23 15:42 usr/doc/signond-8.60/libsignon-qt/html/classSignOn_1_1AuthService.html
-rw-r--r-- root/root      3301 2020-02-23 15:42 usr/doc/signond-8.60/libsignon-qt/html/classSignOn_1_1AuthService.js
-rw-r--r-- root/root      4396 2020-02-23 15:42 usr/doc/signond-8.60/libsignon-qt/html/classSignOn_1_1AuthService_1_1IdentityRegExp-members.html
-rw-r--r-- root/root     11026 2020-02-23 15:42 usr/doc/signond-8.60/libsignon-qt/html/classSignOn_1_1AuthService_1_1IdentityRegExp.html
-rw-r--r-- root/root       516 2020-02-23 15:42 usr/doc/signond-8.60/libsignon-qt/html/classSignOn_1_1AuthService_1_1IdentityRegExp.js
-rw-r--r-- root/root       549 2020-02-23 15:42 usr/doc/signond-8.60/libsignon-qt/html/classSignOn_1_1AuthService__inherit__graph.dot
-rw-r--r-- root/root     17330 2020-02-23 15:42 usr/doc/signond-8.60/libsignon-qt/html/classSignOn_1_1AuthSession-members.html
-rw-r--r-- root/root     50735 2020-02-23 15:42 usr/doc/signond-8.60/libsignon-qt/html/classSignOn_1_1AuthSession.html
-rw-r--r-- root/root      5949 2020-02-23 15:42 usr/doc/signond-8.60/libsignon-qt/html/classSignOn_1_1AuthSession.js
-rw-r--r-- root/root       549 2020-02-23 15:42 usr/doc/signond-8.60/libsignon-qt/html/classSignOn_1_1AuthSession__inherit__graph.dot
-rw-r--r-- root/root      6155 2020-02-23 15:42 usr/doc/signond-8.60/libsignon-qt/html/classSignOn_1_1ConnectionManager-members.html
-rw-r--r-- root/root      7947 2020-02-23 15:42 usr/doc/signond-8.60/libsignon-qt/html/classSignOn_1_1ConnectionManager.html
-rw-r--r-- root/root       976 2020-02-23 15:42 usr/doc/signond-8.60/libsignon-qt/html/classSignOn_1_1ConnectionManager.js
-rw-r--r-- root/root       561 2020-02-23 15:42 usr/doc/signond-8.60/libsignon-qt/html/classSignOn_1_1ConnectionManager__inherit__graph.dot
-rw-r--r-- root/root      4119 2020-02-23 15:42 usr/doc/signond-8.60/libsignon-qt/html/classSignOn_1_1DBusInterface-members.html
-rw-r--r-- root/root      5142 2020-02-23 15:42 usr/doc/signond-8.60/libsignon-qt/html/classSignOn_1_1DBusInterface.html
-rw-r--r-- root/root       339 2020-02-23 15:42 usr/doc/signond-8.60/libsignon-qt/html/classSignOn_1_1DBusInterface.js
-rw-r--r-- root/root       568 2020-02-23 15:42 usr/doc/signond-8.60/libsignon-qt/html/classSignOn_1_1DBusInterface__inherit__graph.dot
-rw-r--r-- root/root     17341 2020-02-23 15:42 usr/doc/signond-8.60/libsignon-qt/html/classSignOn_1_1Error-members.html
-rw-r--r-- root/root     33357 2020-02-23 15:42 usr/doc/signond-8.60/libsignon-qt/html/classSignOn_1_1Error.html
-rw-r--r-- root/root      5994 2020-02-23 15:42 usr/doc/signond-8.60/libsignon-qt/html/classSignOn_1_1Error.js
-rw-r--r-- root/root     15268 2020-02-23 15:42 usr/doc/signond-8.60/libsignon-qt/html/classSignOn_1_1Identity-members.html
-rw-r--r-- root/root     72477 2020-02-23 15:42 usr/doc/signond-8.60/libsignon-qt/html/classSignOn_1_1Identity.html
-rw-r--r-- root/root      4554 2020-02-23 15:42 usr/doc/signond-8.60/libsignon-qt/html/classSignOn_1_1Identity.js
-rw-r--r-- root/root     13539 2020-02-23 15:42 usr/doc/signond-8.60/libsignon-qt/html/classSignOn_1_1IdentityInfo-members.html
-rw-r--r-- root/root     63280 2020-02-23 15:42 usr/doc/signond-8.60/libsignon-qt/html/classSignOn_1_1IdentityInfo.html
-rw-r--r-- root/root      3910 2020-02-23 15:42 usr/doc/signond-8.60/libsignon-qt/html/classSignOn_1_1IdentityInfo.js
-rw-r--r-- root/root       543 2020-02-23 15:42 usr/doc/signond-8.60/libsignon-qt/html/classSignOn_1_1Identity__inherit__graph.dot
-rw-r--r-- root/root      4862 2020-02-23 15:42 usr/doc/signond-8.60/libsignon-qt/html/classSignOn_1_1SecurityContext-members.html
-rw-r--r-- root/root     14428 2020-02-23 15:42 usr/doc/signond-8.60/libsignon-qt/html/classSignOn_1_1SecurityContext.html
-rw-r--r-- root/root       684 2020-02-23 15:42 usr/doc/signond-8.60/libsignon-qt/html/classSignOn_1_1SecurityContext.js
-rw-r--r-- root/root      6179 2020-02-23 15:42 usr/doc/signond-8.60/libsignon-qt/html/classSignOn_1_1SessionData-members.html
-rw-r--r-- root/root     26526 2020-02-23 15:42 usr/doc/signond-8.60/libsignon-qt/html/classSignOn_1_1SessionData.html
-rw-r--r-- root/root      1008 2020-02-23 15:42 usr/doc/signond-8.60/libsignon-qt/html/classSignOn_1_1SessionData.js
-rw-r--r-- root/root      6423 2020-02-23 15:42 usr/doc/signond-8.60/libsignon-qt/html/classes.html
-rw-r--r-- root/root       132 2020-02-23 15:42 usr/doc/signond-8.60/libsignon-qt/html/closed.png
-rw-r--r-- root/root     26275 2020-02-23 15:42 usr/doc/signond-8.60/libsignon-qt/html/connection-manager_8cpp_source.html
-rw-r--r-- root/root     14319 2020-02-23 15:42 usr/doc/signond-8.60/libsignon-qt/html/connection-manager_8h_source.html
-rw-r--r-- root/root     11917 2020-02-23 15:42 usr/doc/signond-8.60/libsignon-qt/html/dbusinterface_8cpp_source.html
-rw-r--r-- root/root     10731 2020-02-23 15:42 usr/doc/signond-8.60/libsignon-qt/html/dbusinterface_8h_source.html
-rw-r--r-- root/root      8804 2020-02-23 15:42 usr/doc/signond-8.60/libsignon-qt/html/debug_8cpp_source.html
-rw-r--r-- root/root     11601 2020-02-23 15:42 usr/doc/signond-8.60/libsignon-qt/html/debug_8h_source.html
-rw-r--r-- root/root      4473 2020-02-23 15:42 usr/doc/signond-8.60/libsignon-qt/html/deprecated.html
-rw-r--r-- root/root      3004 2020-02-23 15:42 usr/doc/signond-8.60/libsignon-qt/html/dir_61c9e5842729cb34568d93cb98ad85b9.html
-rw-r--r-- root/root      2905 2020-02-23 15:42 usr/doc/signond-8.60/libsignon-qt/html/dir_e68e8157741866f444e17edd764ebbae.html
-rw-r--r-- root/root       746 2020-02-23 15:42 usr/doc/signond-8.60/libsignon-qt/html/doc.png
-rw-r--r-- root/root     31103 2020-02-23 15:42 usr/doc/signond-8.60/libsignon-qt/html/doxygen.css
-rw-r--r-- root/root      3779 2020-02-23 15:42 usr/doc/signond-8.60/libsignon-qt/html/doxygen.png
-rw-r--r-- root/root      4369 2020-02-23 15:42 usr/doc/signond-8.60/libsignon-qt/html/dynsections.js
-rw-r--r-- root/root      8172 2020-02-23 15:42 usr/doc/signond-8.60/libsignon-qt/html/files.html
-rw-r--r-- root/root      1512 2020-02-23 15:42 usr/doc/signond-8.60/libsignon-qt/html/files_dup.js
-rw-r--r-- root/root       616 2020-02-23 15:42 usr/doc/signond-8.60/libsignon-qt/html/folderclosed.png
-rw-r--r-- root/root       597 2020-02-23 15:42 usr/doc/signond-8.60/libsignon-qt/html/folderopen.png
-rw-r--r-- root/root     31780 2020-02-23 15:42 usr/doc/signond-8.60/libsignon-qt/html/functions.html
-rw-r--r-- root/root      3634 2020-02-23 15:42 usr/doc/signond-8.60/libsignon-qt/html/functions_enum.html
-rw-r--r-- root/root     16623 2020-02-23 15:42 usr/doc/signond-8.60/libsignon-qt/html/functions_eval.html
-rw-r--r-- root/root     17057 2020-02-23 15:42 usr/doc/signond-8.60/libsignon-qt/html/functions_func.html
-rw-r--r-- root/root      2813 2020-02-23 15:42 usr/doc/signond-8.60/libsignon-qt/html/functions_type.html
-rw-r--r-- root/root      2806 2020-02-23 15:42 usr/doc/signond-8.60/libsignon-qt/html/functions_vars.html
-rw-r--r-- root/root      2071 2020-02-23 15:42 usr/doc/signond-8.60/libsignon-qt/html/graph_legend.dot
-rw-r--r-- root/root      7017 2020-02-23 15:42 usr/doc/signond-8.60/libsignon-qt/html/graph_legend.html
-rw-r--r-- root/root      6569 2020-02-23 15:42 usr/doc/signond-8.60/libsignon-qt/html/hierarchy.html
-rw-r--r-- root/root       872 2020-02-23 15:42 usr/doc/signond-8.60/libsignon-qt/html/hierarchy.js
-rw-r--r-- root/root     34021 2020-02-23 15:42 usr/doc/signond-8.60/libsignon-qt/html/identity_8cpp_source.html
-rw-r--r-- root/root     27162 2020-02-23 15:42 usr/doc/signond-8.60/libsignon-qt/html/identity_8h_source.html
-rw-r--r-- root/root     54522 2020-02-23 15:42 usr/doc/signond-8.60/libsignon-qt/html/identityinfo_8cpp_source.html
-rw-r--r-- root/root     23563 2020-02-23 15:42 usr/doc/signond-8.60/libsignon-qt/html/identityinfo_8h_source.html
-rw-r--r-- root/root      4968 2020-02-23 15:42 usr/doc/signond-8.60/libsignon-qt/html/index.html
-rw-r--r-- root/root     81041 2020-02-23 15:42 usr/doc/signond-8.60/libsignon-qt/html/index.qhp
-rw-r--r-- root/root      1376 2020-02-23 15:42 usr/doc/signond-8.60/libsignon-qt/html/inherit_graph_0.dot
-rw-r--r-- root/root       416 2020-02-23 15:42 usr/doc/signond-8.60/libsignon-qt/html/inherit_graph_1.dot
-rw-r--r-- root/root       609 2020-02-23 15:42 usr/doc/signond-8.60/libsignon-qt/html/inherit_graph_2.dot
-rw-r--r-- root/root       368 2020-02-23 15:42 usr/doc/signond-8.60/libsignon-qt/html/inherit_graph_3.dot
-rw-r--r-- root/root       382 2020-02-23 15:42 usr/doc/signond-8.60/libsignon-qt/html/inherit_graph_4.dot
-rw-r--r-- root/root       388 2020-02-23 15:42 usr/doc/signond-8.60/libsignon-qt/html/inherit_graph_5.dot
-rw-r--r-- root/root       380 2020-02-23 15:42 usr/doc/signond-8.60/libsignon-qt/html/inherit_graph_6.dot
-rw-r--r-- root/root      3656 2020-02-23 15:42 usr/doc/signond-8.60/libsignon-qt/html/inherits.html
-rw-r--r-- root/root    175457 2020-02-23 15:42 usr/doc/signond-8.60/libsignon-qt/html/jquery.js
-rw-r--r-- root/root      8306 2020-02-23 15:42 usr/doc/signond-8.60/libsignon-qt/html/libsignoncommon_8h_source.html
-rw-r--r-- root/root      2856 2020-02-23 15:42 usr/doc/signond-8.60/libsignon-qt/html/menu.js
-rw-r--r-- root/root      3827 2020-02-23 15:42 usr/doc/signond-8.60/libsignon-qt/html/menudata.js
-rw-r--r-- root/root     15413 2020-02-23 15:42 usr/doc/signond-8.60/libsignon-qt/html/namespaceSignOn.html
-rw-r--r-- root/root       829 2020-02-23 15:42 usr/doc/signond-8.60/libsignon-qt/html/namespaceSignOn.js
-rw-r--r-- root/root      3131 2020-02-23 15:42 usr/doc/signond-8.60/libsignon-qt/html/namespaceSignOnTests.html
-rw-r--r-- root/root      3850 2020-02-23 15:42 usr/doc/signond-8.60/libsignon-qt/html/namespacemembers.html
-rw-r--r-- root/root      2789 2020-02-23 15:42 usr/doc/signond-8.60/libsignon-qt/html/namespacemembers_enum.html
-rw-r--r-- root/root      3280 2020-02-23 15:42 usr/doc/signond-8.60/libsignon-qt/html/namespacemembers_eval.html
-rw-r--r-- root/root      3018 2020-02-23 15:42 usr/doc/signond-8.60/libsignon-qt/html/namespacemembers_type.html
-rw-r--r-- root/root       153 2020-02-23 15:42 usr/doc/signond-8.60/libsignon-qt/html/nav_f.png
-rw-r--r-- root/root        95 2020-02-23 15:42 usr/doc/signond-8.60/libsignon-qt/html/nav_g.png
-rw-r--r-- root/root        98 2020-02-23 15:42 usr/doc/signond-8.60/libsignon-qt/html/nav_h.png
-rw-r--r-- root/root      2087 2020-02-23 15:42 usr/doc/signond-8.60/libsignon-qt/html/navtree.css
-rw-r--r-- root/root     15184 2020-02-23 15:42 usr/doc/signond-8.60/libsignon-qt/html/navtree.js
-rw-r--r-- root/root      2381 2020-02-23 15:42 usr/doc/signond-8.60/libsignon-qt/html/navtreedata.js
-rw-r--r-- root/root     22915 2020-02-23 15:42 usr/doc/signond-8.60/libsignon-qt/html/navtreeindex0.js
-rw-r--r-- root/root      1531 2020-02-23 15:42 usr/doc/signond-8.60/libsignon-qt/html/navtreeindex1.js
-rw-r--r-- root/root       123 2020-02-23 15:42 usr/doc/signond-8.60/libsignon-qt/html/open.png
-rw-r--r-- root/root      3314 2020-02-23 15:42 usr/doc/signond-8.60/libsignon-qt/html/pages.html
-rw-r--r-- root/root      4646 2020-02-23 15:42 usr/doc/signond-8.60/libsignon-qt/html/resize.js
-rw-r--r-- root/root     18739 2020-02-23 15:42 usr/doc/signond-8.60/libsignon-qt/html/securitycontext_8cpp_source.html
-rw-r--r-- root/root     12232 2020-02-23 15:42 usr/doc/signond-8.60/libsignon-qt/html/securitycontext_8h_source.html
-rw-r--r-- root/root      8642 2020-02-23 15:42 usr/doc/signond-8.60/libsignon-qt/html/securitycontextpriv_8h_source.html
-rw-r--r-- root/root     29094 2020-02-23 15:42 usr/doc/signond-8.60/libsignon-qt/html/sessiondata_8h_source.html
-rw-r--r-- root/root      7117 2020-02-23 15:42 usr/doc/signond-8.60/libsignon-qt/html/signon_8h_source.html
-rw-r--r-- root/root     40108 2020-02-23 15:42 usr/doc/signond-8.60/libsignon-qt/html/signonerror_8h_source.html
-rw-r--r-- root/root       314 2020-02-23 15:42 usr/doc/signond-8.60/libsignon-qt/html/splitbar.png
-rw-r--r-- root/root       853 2020-02-23 15:42 usr/doc/signond-8.60/libsignon-qt/html/sync_off.png
-rw-r--r-- root/root       845 2020-02-23 15:42 usr/doc/signond-8.60/libsignon-qt/html/sync_on.png
-rw-r--r-- root/root       142 2020-02-23 15:42 usr/doc/signond-8.60/libsignon-qt/html/tab_a.png
-rw-r--r-- root/root       169 2020-02-23 15:42 usr/doc/signond-8.60/libsignon-qt/html/tab_b.png
-rw-r--r-- root/root       177 2020-02-23 15:42 usr/doc/signond-8.60/libsignon-qt/html/tab_h.png
-rw-r--r-- root/root       184 2020-02-23 15:42 usr/doc/signond-8.60/libsignon-qt/html/tab_s.png
-rw-r--r-- root/root      9184 2020-02-23 15:42 usr/doc/signond-8.60/libsignon-qt/html/tabs.css
-rw-r--r-- root/root      3275 2020-02-23 15:42 usr/doc/signond-8.60/libsignon-qt/html/todo.html
drwxr-xr-x root/root         0 2020-02-23 15:42 usr/doc/signond-8.60/libsignon-qt/qch/
-rw-r--r-- root/root    479232 2020-02-23 15:42 usr/doc/signond-8.60/libsignon-qt/qch/signon.qch
drwxr-xr-x root/root         0 2020-02-23 15:42 usr/doc/signond-8.60/signon/
drwxr-xr-x root/root         0 2020-02-23 15:42 usr/doc/signond-8.60/signon-plugins/
drwxr-xr-x root/root         0 2020-02-23 15:42 usr/doc/signond-8.60/signon-plugins-dev/
drwxr-xr-x root/root         0 2020-02-23 15:42 usr/doc/signond-8.60/signon-plugins-dev/example/
-rw-r--r-- root/root      1536 2018-09-17 18:28 usr/doc/signond-8.60/signon-plugins-dev/example/exampledata.h
-rw-r--r-- root/root      4575 2018-09-17 18:28 usr/doc/signond-8.60/signon-plugins-dev/example/exampleplugin.cpp
-rw-r--r-- root/root      1767 2018-09-17 18:28 usr/doc/signond-8.60/signon-plugins-dev/example/exampleplugin.h
-rw-r--r-- root/root       431 2018-09-17 18:28 usr/doc/signond-8.60/signon-plugins-dev/example/exampleplugin.pro
drwxr-xr-x root/root         0 2020-02-23 15:42 usr/doc/signond-8.60/signon-plugins/html/
-rw-r--r-- root/root      4560 2020-02-23 15:42 usr/doc/signond-8.60/signon-plugins/html/annotated.html
-rw-r--r-- root/root       249 2020-02-23 15:42 usr/doc/signond-8.60/signon-plugins/html/annotated_dup.js
-rw-r--r-- root/root     27651 2020-02-23 15:42 usr/doc/signond-8.60/signon-plugins/html/authpluginif_8h_source.html
-rw-r--r-- root/root       676 2020-02-23 15:42 usr/doc/signond-8.60/signon-plugins/html/bc_s.png
-rw-r--r-- root/root       147 2020-02-23 15:42 usr/doc/signond-8.60/signon-plugins/html/bdwn.png
-rw-r--r-- root/root     34884 2020-02-23 15:42 usr/doc/signond-8.60/signon-plugins/html/blobiohandler_8cpp_source.html
-rw-r--r-- root/root     14053 2020-02-23 15:42 usr/doc/signond-8.60/signon-plugins/html/blobiohandler_8h_source.html
-rw-r--r-- root/root      8143 2020-02-23 15:42 usr/doc/signond-8.60/signon-plugins/html/classAuthPluginInterface-members.html
-rw-r--r-- root/root     34544 2020-02-23 15:42 usr/doc/signond-8.60/signon-plugins/html/classAuthPluginInterface.html
-rw-r--r-- root/root      1461 2020-02-23 15:42 usr/doc/signond-8.60/signon-plugins/html/classAuthPluginInterface.js
-rw-r--r-- root/root      3233 2020-02-23 15:42 usr/doc/signond-8.60/signon-plugins/html/classAuthPluginInterface_1_1Interface.html
-rw-r--r-- root/root       549 2020-02-23 15:42 usr/doc/signond-8.60/signon-plugins/html/classAuthPluginInterface__inherit__graph.dot
-rw-r--r-- root/root      7493 2020-02-23 15:42 usr/doc/signond-8.60/signon-plugins/html/classSignOn_1_1BlobIOHandler-members.html
-rw-r--r-- root/root      9998 2020-02-23 15:42 usr/doc/signond-8.60/signon-plugins/html/classSignOn_1_1BlobIOHandler.html
-rw-r--r-- root/root      1452 2020-02-23 15:42 usr/doc/signond-8.60/signon-plugins/html/classSignOn_1_1BlobIOHandler.js
-rw-r--r-- root/root       553 2020-02-23 15:42 usr/doc/signond-8.60/signon-plugins/html/classSignOn_1_1BlobIOHandler__inherit__graph.dot
-rw-r--r-- root/root      3350 2020-02-23 15:42 usr/doc/signond-8.60/signon-plugins/html/classSignOn_1_1UiSessionData-members.html
-rw-r--r-- root/root      6811 2020-02-23 15:42 usr/doc/signond-8.60/signon-plugins/html/classSignOn_1_1UiSessionData.html
-rw-r--r-- root/root       140 2020-02-23 15:42 usr/doc/signond-8.60/signon-plugins/html/classSignOn_1_1UiSessionData.js
-rw-r--r-- root/root       557 2020-02-23 15:42 usr/doc/signond-8.60/signon-plugins/html/classSignOn_1_1UiSessionData__inherit__graph.dot
-rw-r--r-- root/root      4682 2020-02-23 15:42 usr/doc/signond-8.60/signon-plugins/html/classes.html
-rw-r--r-- root/root       132 2020-02-23 15:42 usr/doc/signond-8.60/signon-plugins/html/closed.png
-rw-r--r-- root/root      3106 2020-02-23 15:42 usr/doc/signond-8.60/signon-plugins/html/dir_255383846029633073d68bbe3f80a8e9.html
-rw-r--r-- root/root       149 2020-02-23 15:42 usr/doc/signond-8.60/signon-plugins/html/dir_255383846029633073d68bbe3f80a8e9.js
-rw-r--r-- root/root      3004 2020-02-23 15:42 usr/doc/signond-8.60/signon-plugins/html/dir_61c9e5842729cb34568d93cb98ad85b9.html
-rw-r--r-- root/root      2914 2020-02-23 15:42 usr/doc/signond-8.60/signon-plugins/html/dir_af34ae28ea23134a8ded716ce53b273a.html
-rw-r--r-- root/root       325 2020-02-23 15:42 usr/doc/signond-8.60/signon-plugins/html/dir_af34ae28ea23134a8ded716ce53b273a.js
-rw-r--r-- root/root      3049 2020-02-23 15:42 usr/doc/signond-8.60/signon-plugins/html/dir_d823c49a50e17c23ae924694bd3125c3.html
-rw-r--r-- root/root       225 2020-02-23 15:42 usr/doc/signond-8.60/signon-plugins/html/dir_d823c49a50e17c23ae924694bd3125c3.js
-rw-r--r-- root/root      2905 2020-02-23 15:42 usr/doc/signond-8.60/signon-plugins/html/dir_e68e8157741866f444e17edd764ebbae.html
-rw-r--r-- root/root       746 2020-02-23 15:42 usr/doc/signond-8.60/signon-plugins/html/doc.png
-rw-r--r-- root/root     31103 2020-02-23 15:42 usr/doc/signond-8.60/signon-plugins/html/doxygen.css
-rw-r--r-- root/root      3779 2020-02-23 15:42 usr/doc/signond-8.60/signon-plugins/html/doxygen.png
-rw-r--r-- root/root      4369 2020-02-23 15:42 usr/doc/signond-8.60/signon-plugins/html/dynsections.js
-rw-r--r-- root/root      5878 2020-02-23 15:42 usr/doc/signond-8.60/signon-plugins/html/files.html
-rw-r--r-- root/root       240 2020-02-23 15:42 usr/doc/signond-8.60/signon-plugins/html/files_dup.js
-rw-r--r-- root/root       616 2020-02-23 15:42 usr/doc/signond-8.60/signon-plugins/html/folderclosed.png
-rw-r--r-- root/root       597 2020-02-23 15:42 usr/doc/signond-8.60/signon-plugins/html/folderopen.png
-rw-r--r-- root/root      4795 2020-02-23 15:42 usr/doc/signond-8.60/signon-plugins/html/functions.html
-rw-r--r-- root/root      4688 2020-02-23 15:42 usr/doc/signond-8.60/signon-plugins/html/functions_func.html
-rw-r--r-- root/root      2071 2020-02-23 15:42 usr/doc/signond-8.60/signon-plugins/html/graph_legend.dot
-rw-r--r-- root/root      7017 2020-02-23 15:42 usr/doc/signond-8.60/signon-plugins/html/graph_legend.html
-rw-r--r-- root/root      4848 2020-02-23 15:42 usr/doc/signond-8.60/signon-plugins/html/hierarchy.html
-rw-r--r-- root/root       390 2020-02-23 15:42 usr/doc/signond-8.60/signon-plugins/html/hierarchy.js
-rw-r--r-- root/root      4304 2020-02-23 15:42 usr/doc/signond-8.60/signon-plugins/html/index.html
-rw-r--r-- root/root     18192 2020-02-23 15:42 usr/doc/signond-8.60/signon-plugins/html/index.qhp
-rw-r--r-- root/root       852 2020-02-23 15:42 usr/doc/signond-8.60/signon-plugins/html/inherit_graph_0.dot
-rw-r--r-- root/root       381 2020-02-23 15:42 usr/doc/signond-8.60/signon-plugins/html/inherit_graph_1.dot
-rw-r--r-- root/root       598 2020-02-23 15:42 usr/doc/signond-8.60/signon-plugins/html/inherit_graph_2.dot
-rw-r--r-- root/root      3217 2020-02-23 15:42 usr/doc/signond-8.60/signon-plugins/html/inherits.html
-rw-r--r-- root/root      9245 2020-02-23 15:42 usr/doc/signond-8.60/signon-plugins/html/ipc_8h_source.html
-rw-r--r-- root/root    175457 2020-02-23 15:42 usr/doc/signond-8.60/signon-plugins/html/jquery.js
-rw-r--r-- root/root      2856 2020-02-23 15:42 usr/doc/signond-8.60/signon-plugins/html/menu.js
-rw-r--r-- root/root      1270 2020-02-23 15:42 usr/doc/signond-8.60/signon-plugins/html/menudata.js
-rw-r--r-- root/root     12972 2020-02-23 15:42 usr/doc/signond-8.60/signon-plugins/html/namespaceSignOn.html
-rw-r--r-- root/root       213 2020-02-23 15:42 usr/doc/signond-8.60/signon-plugins/html/namespaceSignOn.js
-rw-r--r-- root/root      5645 2020-02-23 15:42 usr/doc/signond-8.60/signon-plugins/html/namespacemembers.html
-rw-r--r-- root/root      2899 2020-02-23 15:42 usr/doc/signond-8.60/signon-plugins/html/namespacemembers_enum.html
-rw-r--r-- root/root      5308 2020-02-23 15:42 usr/doc/signond-8.60/signon-plugins/html/namespacemembers_eval.html
-rw-r--r-- root/root       153 2020-02-23 15:42 usr/doc/signond-8.60/signon-plugins/html/nav_f.png
-rw-r--r-- root/root        95 2020-02-23 15:42 usr/doc/signond-8.60/signon-plugins/html/nav_g.png
-rw-r--r-- root/root        98 2020-02-23 15:42 usr/doc/signond-8.60/signon-plugins/html/nav_h.png
-rw-r--r-- root/root      2087 2020-02-23 15:42 usr/doc/signond-8.60/signon-plugins/html/navtree.css
-rw-r--r-- root/root     15184 2020-02-23 15:42 usr/doc/signond-8.60/signon-plugins/html/navtree.js
-rw-r--r-- root/root      1935 2020-02-23 15:42 usr/doc/signond-8.60/signon-plugins/html/navtreedata.js
-rw-r--r-- root/root      3479 2020-02-23 15:42 usr/doc/signond-8.60/signon-plugins/html/navtreeindex0.js
-rw-r--r-- root/root       123 2020-02-23 15:42 usr/doc/signond-8.60/signon-plugins/html/open.png
-rw-r--r-- root/root      4646 2020-02-23 15:42 usr/doc/signond-8.60/signon-plugins/html/resize.js
-rw-r--r-- root/root     10708 2020-02-23 15:42 usr/doc/signond-8.60/signon-plugins/html/signonplugincommon_8h_source.html
-rw-r--r-- root/root       314 2020-02-23 15:42 usr/doc/signond-8.60/signon-plugins/html/splitbar.png
-rw-r--r-- root/root       853 2020-02-23 15:42 usr/doc/signond-8.60/signon-plugins/html/sync_off.png
-rw-r--r-- root/root       845 2020-02-23 15:42 usr/doc/signond-8.60/signon-plugins/html/sync_on.png
-rw-r--r-- root/root       142 2020-02-23 15:42 usr/doc/signond-8.60/signon-plugins/html/tab_a.png
-rw-r--r-- root/root       169 2020-02-23 15:42 usr/doc/signond-8.60/signon-plugins/html/tab_b.png
-rw-r--r-- root/root       177 2020-02-23 15:42 usr/doc/signond-8.60/signon-plugins/html/tab_h.png
-rw-r--r-- root/root       184 2020-02-23 15:42 usr/doc/signond-8.60/signon-plugins/html/tab_s.png
-rw-r--r-- root/root      9184 2020-02-23 15:42 usr/doc/signond-8.60/signon-plugins/html/tabs.css
-rw-r--r-- root/root     31388 2020-02-23 15:42 usr/doc/signond-8.60/signon-plugins/html/uisessiondata_8h_source.html
-rw-r--r-- root/root     19130 2020-02-23 15:42 usr/doc/signond-8.60/signon-plugins/html/uisessiondata__priv_8h_source.html
drwxr-xr-x root/root         0 2020-02-23 15:42 usr/doc/signond-8.60/signon-plugins/qch/
-rw-r--r-- root/root    245760 2020-02-23 15:42 usr/doc/signond-8.60/signon-plugins/qch/signon.qch
drwxr-xr-x root/root         0 2020-02-23 15:42 usr/doc/signond-8.60/signon/html/
-rw-r--r-- root/root       676 2020-02-23 15:42 usr/doc/signond-8.60/signon/html/bc_s.png
-rw-r--r-- root/root       147 2020-02-23 15:42 usr/doc/signond-8.60/signon/html/bdwn.png
-rw-r--r-- root/root       132 2020-02-23 15:42 usr/doc/signond-8.60/signon/html/closed.png
-rw-r--r-- root/root      3042 2020-02-23 15:42 usr/doc/signond-8.60/signon/html/dir_61c9e5842729cb34568d93cb98ad85b9.html
-rw-r--r-- root/root      3418 2020-02-23 15:42 usr/doc/signond-8.60/signon/html/dir_e68e8157741866f444e17edd764ebbae.html
-rw-r--r-- root/root       746 2020-02-23 15:42 usr/doc/signond-8.60/signon/html/doc.png
-rw-r--r-- root/root     31103 2020-02-23 15:42 usr/doc/signond-8.60/signon/html/doxygen.css
-rw-r--r-- root/root      3779 2020-02-23 15:42 usr/doc/signond-8.60/signon/html/doxygen.png
-rw-r--r-- root/root      4369 2020-02-23 15:42 usr/doc/signond-8.60/signon/html/dynsections.js
-rw-r--r-- root/root       616 2020-02-23 15:42 usr/doc/signond-8.60/signon/html/folderclosed.png
-rw-r--r-- root/root       597 2020-02-23 15:42 usr/doc/signond-8.60/signon/html/folderopen.png
-rw-r--r-- root/root      2071 2020-02-23 15:42 usr/doc/signond-8.60/signon/html/graph_legend.dot
-rw-r--r-- root/root      7055 2020-02-23 15:42 usr/doc/signond-8.60/signon/html/graph_legend.html
-rw-r--r-- root/root      3331 2020-02-23 15:42 usr/doc/signond-8.60/signon/html/index.html
-rw-r--r-- root/root      1293 2020-02-23 15:42 usr/doc/signond-8.60/signon/html/index.qhp
-rw-r--r-- root/root    175457 2020-02-23 15:42 usr/doc/signond-8.60/signon/html/jquery.js
-rw-r--r-- root/root      2856 2020-02-23 15:42 usr/doc/signond-8.60/signon/html/menu.js
-rw-r--r-- root/root       914 2020-02-23 15:42 usr/doc/signond-8.60/signon/html/menudata.js
-rw-r--r-- root/root       153 2020-02-23 15:42 usr/doc/signond-8.60/signon/html/nav_f.png
-rw-r--r-- root/root        95 2020-02-23 15:42 usr/doc/signond-8.60/signon/html/nav_g.png
-rw-r--r-- root/root        98 2020-02-23 15:42 usr/doc/signond-8.60/signon/html/nav_h.png
-rw-r--r-- root/root      2087 2020-02-23 15:42 usr/doc/signond-8.60/signon/html/navtree.css
-rw-r--r-- root/root     15184 2020-02-23 15:42 usr/doc/signond-8.60/signon/html/navtree.js
-rw-r--r-- root/root      1173 2020-02-23 15:42 usr/doc/signond-8.60/signon/html/navtreedata.js
-rw-r--r-- root/root       102 2020-02-23 15:42 usr/doc/signond-8.60/signon/html/navtreeindex0.js
-rw-r--r-- root/root       123 2020-02-23 15:42 usr/doc/signond-8.60/signon/html/open.png
-rw-r--r-- root/root      4646 2020-02-23 15:42 usr/doc/signond-8.60/signon/html/resize.js
-rw-r--r-- root/root       314 2020-02-23 15:42 usr/doc/signond-8.60/signon/html/splitbar.png
-rw-r--r-- root/root       853 2020-02-23 15:42 usr/doc/signond-8.60/signon/html/sync_off.png
-rw-r--r-- root/root       845 2020-02-23 15:42 usr/doc/signond-8.60/signon/html/sync_on.png
-rw-r--r-- root/root       142 2020-02-23 15:42 usr/doc/signond-8.60/signon/html/tab_a.png
-rw-r--r-- root/root       169 2020-02-23 15:42 usr/doc/signond-8.60/signon/html/tab_b.png
-rw-r--r-- root/root       177 2020-02-23 15:42 usr/doc/signond-8.60/signon/html/tab_h.png
-rw-r--r-- root/root       184 2020-02-23 15:42 usr/doc/signond-8.60/signon/html/tab_s.png
-rw-r--r-- root/root      9184 2020-02-23 15:42 usr/doc/signond-8.60/signon/html/tabs.css
drwxr-xr-x root/root         0 2020-02-23 15:42 usr/doc/signond-8.60/signon/qch/
-rw-r--r-- root/root    151552 2020-02-23 15:42 usr/doc/signond-8.60/signon/qch/signon.qch
-rw-r--r-- root/root      3616 2020-02-23 15:42 usr/doc/signond-8.60/signond.SlackBuild
drwxr-xr-x root/root         0 2020-02-23 15:42 usr/include/
drwxr-xr-x root/root         0 2020-02-23 15:42 usr/include/signon-extension/
drwxr-xr-x root/root         0 2020-02-23 15:42 usr/include/signon-extension/SignOn/
-rw-r--r-- root/root        53 2018-09-17 18:28 usr/include/signon-extension/SignOn/AbstractAccessControlManager
-rw-r--r-- root/root        45 2018-09-17 18:28 usr/include/signon-extension/SignOn/AbstractCryptoManager
-rw-r--r-- root/root        45 2018-09-17 18:28 usr/include/signon-extension/SignOn/AbstractKeyAuthorizer
-rw-r--r-- root/root        42 2018-09-17 18:28 usr/include/signon-extension/SignOn/AbstractKeyManager
-rw-r--r-- root/root        45 2018-09-17 18:28 usr/include/signon-extension/SignOn/AbstractSecretsStorage
-rw-r--r-- root/root        27 2018-09-17 18:28 usr/include/signon-extension/SignOn/Debug
-rw-r--r-- root/root        41 2018-09-17 18:28 usr/include/signon-extension/SignOn/ExtensionInterface
-rw-r--r-- root/root        33 2018-09-17 18:28 usr/include/signon-extension/SignOn/KeyHandler
-rw-r--r-- root/root      4933 2018-09-17 18:28 usr/include/signon-extension/SignOn/abstract-access-control-manager.h
-rw-r--r-- root/root      5317 2018-09-17 18:28 usr/include/signon-extension/SignOn/abstract-crypto-manager.h
-rw-r--r-- root/root      3557 2018-09-17 18:28 usr/include/signon-extension/SignOn/abstract-key-authorizer.h
-rw-r--r-- root/root      5776 2018-09-17 18:28 usr/include/signon-extension/SignOn/abstract-key-manager.h
-rw-r--r-- root/root      6238 2018-09-17 18:28 usr/include/signon-extension/SignOn/abstract-secrets-storage.h
-rw-r--r-- root/root      1964 2018-09-17 18:28 usr/include/signon-extension/SignOn/debug.h
-rw-r--r-- root/root      1122 2018-09-17 18:28 usr/include/signon-extension/SignOn/export.h
-rw-r--r-- root/root      4412 2018-09-17 18:28 usr/include/signon-extension/SignOn/extension-interface.h
-rw-r--r-- root/root      5516 2018-09-17 18:28 usr/include/signon-extension/SignOn/key-handler.h
drwxr-xr-x root/root         0 2020-02-23 15:42 usr/include/signon-plugins/
drwxr-xr-x root/root         0 2020-02-23 15:42 usr/include/signon-plugins/SignOn/
-rw-r--r-- root/root        34 2018-09-17 18:28 usr/include/signon-plugins/SignOn/AuthPluginInterface
-rw-r--r-- root/root        35 2018-09-17 18:28 usr/include/signon-plugins/SignOn/UiSessionData
-rw-r--r-- root/root      8119 2018-09-17 18:28 usr/include/signon-plugins/SignOn/authpluginif.h
-rw-r--r-- root/root      2031 2018-09-17 18:28 usr/include/signon-plugins/SignOn/blobiohandler.h
-rw-r--r-- root/root      1658 2018-09-17 18:28 usr/include/signon-plugins/SignOn/signonplugincommon.h
-rw-r--r-- root/root      8420 2018-09-17 18:28 usr/include/signon-plugins/SignOn/uisessiondata.h
-rw-r--r-- root/root      4814 2018-09-17 18:28 usr/include/signon-plugins/SignOn/uisessiondata_priv.h
-rw-r--r-- root/root      1536 2018-09-17 18:28 usr/include/signon-plugins/exampledata.h
-rw-r--r-- root/root      1767 2018-09-17 18:28 usr/include/signon-plugins/exampleplugin.h
-rw-r--r-- root/root      1846 2018-09-17 18:28 usr/include/signon-plugins/passwordplugin.h
-rw-r--r-- root/root      1290 2018-09-17 18:28 usr/include/signon-plugins/ssotest2data.h
-rw-r--r-- root/root      1820 2018-09-17 18:28 usr/include/signon-plugins/ssotest2plugin.h
-rw-r--r-- root/root      1821 2018-09-17 18:28 usr/include/signon-plugins/ssotestplugin.h
drwxr-xr-x root/root         0 2020-02-23 15:42 usr/include/signon-qt5/
drwxr-xr-x root/root         0 2020-02-23 15:42 usr/include/signon-qt5/SignOn/
-rw-r--r-- root/root        33 2018-09-17 18:28 usr/include/signon-qt5/SignOn/AuthService
-rw-r--r-- root/root        33 2018-09-17 18:28 usr/include/signon-qt5/SignOn/AuthSession
-rw-r--r-- root/root        32 2018-09-17 18:28 usr/include/signon-qt5/SignOn/Error
-rw-r--r-- root/root        30 2018-09-17 18:28 usr/include/signon-qt5/SignOn/Identity
-rw-r--r-- root/root        34 2018-09-17 18:28 usr/include/signon-qt5/SignOn/IdentityInfo
-rw-r--r-- root/root        37 2018-09-17 18:28 usr/include/signon-qt5/SignOn/SecurityContext
-rw-r--r-- root/root        33 2018-09-17 18:28 usr/include/signon-qt5/SignOn/SessionData
-rw-r--r-- root/root      7963 2018-09-17 18:28 usr/include/signon-qt5/SignOn/authservice.h
-rw-r--r-- root/root     11026 2018-09-17 18:28 usr/include/signon-qt5/SignOn/authsession.h
-rw-r--r-- root/root     13331 2018-09-17 18:28 usr/include/signon-qt5/SignOn/identity.h
-rw-r--r-- root/root     10039 2018-09-17 18:28 usr/include/signon-qt5/SignOn/identityinfo.h
-rw-r--r-- root/root      1235 2018-09-17 18:28 usr/include/signon-qt5/SignOn/libsignoncommon.h
-rw-r--r-- root/root      2437 2018-09-17 18:28 usr/include/signon-qt5/SignOn/securitycontext.h
-rw-r--r-- root/root      7772 2018-09-17 18:28 usr/include/signon-qt5/SignOn/sessiondata.h
-rw-r--r-- root/root       988 2018-09-17 18:28 usr/include/signon-qt5/SignOn/signon.h
-rw-r--r-- root/root      7849 2018-09-17 18:28 usr/include/signon-qt5/SignOn/signonerror.h
drwxr-xr-x root/root         0 2020-02-23 15:42 usr/include/signond/
-rw-r--r-- root/root      8120 2018-09-17 18:28 usr/include/signond/accesscontrolmanagerhelper.h
-rw-r--r-- root/root     13516 2018-09-17 18:28 usr/include/signond/credentialsaccessmanager.h
-rw-r--r-- root/root      4513 2018-09-17 18:28 usr/include/signond/credentialsdb.h
-rw-r--r-- root/root      8386 2018-09-17 18:28 usr/include/signond/credentialsdb_p.h
-rw-r--r-- root/root      1864 2018-09-17 18:28 usr/include/signond/default-crypto-manager.h
-rw-r--r-- root/root      1644 2018-09-17 18:28 usr/include/signond/default-key-authorizer.h
-rw-r--r-- root/root      3273 2018-09-17 18:28 usr/include/signond/default-secrets-storage.h
-rw-r--r-- root/root      3442 2018-09-17 18:28 usr/include/signond/pluginproxy.h
-rw-r--r-- root/root      2764 2018-09-17 18:28 usr/include/signond/signonauthsession.h
-rw-r--r-- root/root      2031 2018-09-17 18:28 usr/include/signond/signonauthsessionadaptor.h
-rw-r--r-- root/root     13601 2018-09-17 18:28 usr/include/signond/signoncommon.h
-rw-r--r-- root/root      1874 2018-09-17 18:28 usr/include/signond/signond-common.h
-rw-r--r-- root/root      4986 2018-09-17 18:28 usr/include/signond/signondaemon.h
-rw-r--r-- root/root      2906 2018-09-17 18:28 usr/include/signond/signondaemonadaptor.h
-rw-r--r-- root/root      2928 2018-09-17 18:28 usr/include/signond/signondisposable.h
-rw-r--r-- root/root      3109 2018-09-17 18:28 usr/include/signond/signonidentity.h
-rw-r--r-- root/root      2161 2018-09-17 18:28 usr/include/signond/signonidentityadaptor.h
-rw-r--r-- root/root      5877 2018-09-17 18:28 usr/include/signond/signonidentityinfo.h
-rw-r--r-- root/root      1943 2018-09-17 18:28 usr/include/signond/signonsecuritycontext.h
-rw-r--r-- root/root      4660 2018-09-17 18:28 usr/include/signond/signonsessioncore.h
-rw-r--r-- root/root      2450 2018-09-17 18:28 usr/include/signond/signonsessioncoretools.h
-rw-r--r-- root/root      2624 2018-09-17 18:28 usr/include/signond/signontrace.h
-rw-r--r-- root/root      2117 2018-09-17 18:28 usr/include/signond/signonui_interface.h
drwxr-xr-x root/root         0 2020-02-23 15:42 usr/lib64/
drwxr-xr-x root/root         0 2020-02-23 15:42 usr/lib64/cmake/
drwxr-xr-x root/root         0 2020-02-23 15:42 usr/lib64/cmake/SignOnQt5/
-rw-r--r-- root/root       356 2020-02-23 15:41 usr/lib64/cmake/SignOnQt5/SignOnQt5Config.cmake
-rw-r--r-- root/root       477 2020-02-23 15:41 usr/lib64/cmake/SignOnQt5/SignOnQt5ConfigVersion.cmake
-rwxr-xr-x root/root     80528 2020-02-23 15:42 usr/lib64/libsignon-extension.so.1.0.0
-rwxr-xr-x root/root     47864 2020-02-23 15:42 usr/lib64/libsignon-plugins-common.so.1.0.0
-rwxr-xr-x root/root     55496 2020-02-23 15:42 usr/lib64/libsignon-plugins.so.1.0.0
-rw-r--r-- root/root    982070 2020-02-23 15:42 usr/lib64/libsignon-qt5.a
-rwxr-xr-x root/root    315040 2020-02-23 15:42 usr/lib64/libsignon-qt5.so.1.0.0
drwxr-xr-x root/root         0 2020-02-23 15:42 usr/lib64/pkgconfig/
-rw-r--r-- root/root       296 2020-02-23 15:41 usr/lib64/pkgconfig/SignOnExtension.pc
-rw-r--r-- root/root       307 2020-02-23 15:41 usr/lib64/pkgconfig/libsignon-qt5.pc
-rw-r--r-- root/root       323 2020-02-23 15:41 usr/lib64/pkgconfig/signon-plugins-common.pc
-rw-r--r-- root/root       385 2020-02-23 15:41 usr/lib64/pkgconfig/signon-plugins.pc
-rw-r--r-- root/root       212 2020-02-23 15:41 usr/lib64/pkgconfig/signond.pc
drwxr-xr-x root/root         0 2020-02-23 15:42 usr/lib64/signon/
-rwxr-xr-x root/root     84512 2020-02-23 15:42 usr/lib64/signon/libexampleplugin.so
-rwxr-xr-x root/root     72144 2020-02-23 15:42 usr/lib64/signon/libpasswordplugin.so
-rwxr-xr-x root/root    117528 2020-02-23 15:42 usr/lib64/signon/libssotest2plugin.so
-rwxr-xr-x root/root     68216 2020-02-23 15:42 usr/lib64/signon/libssotestplugin.so
drwxr-xr-x root/root         0 2020-02-23 15:42 usr/share/
drwxr-xr-x root/root         0 2020-02-23 15:42 usr/share/dbus-1/
drwxr-xr-x root/root         0 2020-02-23 15:42 usr/share/dbus-1/services/
-rw-r--r-- root/root        84 2020-02-23 15:41 usr/share/dbus-1/services/com.google.code.AccountsSSO.SingleSignOn.service
-rw-r--r-- root/root        81 2020-02-23 15:41 usr/share/dbus-1/services/com.nokia.SingleSignOn.Backup.service


