++========================================
||
||   Package:  ./neovim-qt/neovim-qt-0.2.16.1-x86_64-1cf.txz
||
++========================================
drwxr-xr-x root/root         0 2020-06-21 12:06 ./
drwxr-xr-x root/root         0 2020-06-21 12:06 install/
-rw-r--r-- root/root       329 2020-06-21 12:06 install/doinst.sh
-rw-r--r-- root/root       717 2020-06-21 12:06 install/slack-desc
drwxr-xr-x root/root         0 2020-06-21 12:06 usr/
drwxr-xr-x root/root         0 2020-06-21 12:06 usr/bin/
-rwxr-xr-x root/root   3332264 2020-06-21 12:06 usr/bin/nvim-qt
drwxr-xr-x root/root         0 2020-06-21 12:06 usr/doc/
drwxr-xr-x root/root         0 2020-06-21 12:06 usr/doc/neovim-qt-0.2.16.1/
-rw-r--r-- root/root       746 2020-06-20 19:20 usr/doc/neovim-qt-0.2.16.1/CONTRIBUTING.md
-rw-r--r-- root/root       766 2020-06-20 19:20 usr/doc/neovim-qt-0.2.16.1/LICENSE
-rw-r--r-- root/root      3766 2020-06-20 19:20 usr/doc/neovim-qt-0.2.16.1/README.md
-rw-r--r-- root/root      3497 2020-06-21 12:06 usr/doc/neovim-qt-0.2.16.1/neovim-qt.SlackBuild
drwxr-xr-x root/root         0 2020-06-21 12:06 usr/share/
drwxr-xr-x root/root         0 2020-06-21 12:06 usr/share/applications/
-rw-r--r-- root/root       371 2020-06-20 19:20 usr/share/applications/nvim-qt.desktop
drwxr-xr-x root/root         0 2020-06-21 12:06 usr/share/icons/
drwxr-xr-x root/root         0 2020-06-21 12:06 usr/share/icons/hicolor/
drwxr-xr-x root/root         0 2020-06-21 12:06 usr/share/icons/hicolor/192x192/
drwxr-xr-x root/root         0 2020-06-21 12:06 usr/share/icons/hicolor/192x192/apps/
-rw-r--r-- root/root     12428 2020-06-20 19:20 usr/share/icons/hicolor/192x192/apps/nvim-qt.png
drwxr-xr-x root/root         0 2020-06-21 12:06 usr/share/nvim-qt/
drwxr-xr-x root/root         0 2020-06-21 12:06 usr/share/nvim-qt/runtime/
-rw-r--r-- root/root       200 2020-06-20 19:20 usr/share/nvim-qt/runtime/README.md
drwxr-xr-x root/root         0 2020-06-21 12:06 usr/share/nvim-qt/runtime/doc/
-rw-r--r-- root/root      6892 2020-06-20 19:20 usr/share/nvim-qt/runtime/doc/nvim_gui_shim.txt
-rw-r--r-- root/root      1241 2020-06-21 12:05 usr/share/nvim-qt/runtime/doc/tags
drwxr-xr-x root/root         0 2020-06-21 12:06 usr/share/nvim-qt/runtime/plugin/
-rw-r--r-- root/root      6868 2020-06-20 19:20 usr/share/nvim-qt/runtime/plugin/nvim_gui_shim.vim


