++========================================
||
||   Package:  ./fail2ban/fail2ban-0.11.2-x86_64-2cf.txz
||
++========================================
drwxr-xr-x root/root         0 2021-04-26 08:34 ./
drwxr-xr-x root/root         0 2021-04-26 08:34 etc/
drwxr-xr-x root/root         0 2021-04-26 08:34 etc/bash_completion.d/
-rw-r--r-- root/root      7074 2021-04-26 08:34 etc/bash_completion.d/fail2ban
drwxr-xr-x root/root         0 2021-04-26 08:34 etc/fail2ban/
drwxr-xr-x root/root         0 2021-04-26 08:34 etc/fail2ban/action.d/
-rw-r--r-- root/root      3748 2020-11-23 21:43 etc/fail2ban/action.d/abuseipdb.conf.new
-rw-r--r-- root/root       587 2020-11-23 21:43 etc/fail2ban/action.d/apf.conf.new
-rw-r--r-- root/root       629 2020-11-23 21:43 etc/fail2ban/action.d/badips.conf.new
-rw-r--r-- root/root     11536 2020-11-23 21:43 etc/fail2ban/action.d/badips.py.new
-rw-r--r-- root/root      2715 2020-11-23 21:43 etc/fail2ban/action.d/blocklist_de.conf.new
-rw-r--r-- root/root      3226 2020-11-23 21:43 etc/fail2ban/action.d/bsd-ipfw.conf.new
-rw-r--r-- root/root      2970 2020-11-23 21:43 etc/fail2ban/action.d/cloudflare.conf.new
-rw-r--r-- root/root      4757 2020-11-23 21:43 etc/fail2ban/action.d/complain.conf.new
-rw-r--r-- root/root      7668 2020-11-23 21:43 etc/fail2ban/action.d/dshield.conf.new
-rw-r--r-- root/root      1717 2020-11-23 21:43 etc/fail2ban/action.d/dummy.conf.new
-rw-r--r-- root/root      1501 2020-11-23 21:43 etc/fail2ban/action.d/firewallcmd-allports.conf.new
-rw-r--r-- root/root      2649 2020-11-23 21:43 etc/fail2ban/action.d/firewallcmd-common.conf.new
-rw-r--r-- root/root      2719 2020-11-23 21:43 etc/fail2ban/action.d/firewallcmd-ipset.conf.new
-rw-r--r-- root/root      1322 2020-11-23 21:43 etc/fail2ban/action.d/firewallcmd-multiport.conf.new
-rw-r--r-- root/root      1950 2020-11-23 21:43 etc/fail2ban/action.d/firewallcmd-new.conf.new
-rw-r--r-- root/root      1021 2020-11-23 21:43 etc/fail2ban/action.d/firewallcmd-rich-logging.conf.new
-rw-r--r-- root/root      1801 2020-11-23 21:43 etc/fail2ban/action.d/firewallcmd-rich-rules.conf.new
-rw-r--r-- root/root       592 2020-11-23 21:43 etc/fail2ban/action.d/helpers-common.conf.new
-rw-r--r-- root/root      1657 2020-11-23 21:43 etc/fail2ban/action.d/hostsdeny.conf.new
-rw-r--r-- root/root      1573 2020-11-23 21:43 etc/fail2ban/action.d/ipfilter.conf.new
-rw-r--r-- root/root      1505 2020-11-23 21:43 etc/fail2ban/action.d/ipfw.conf.new
-rw-r--r-- root/root      1514 2020-11-23 21:43 etc/fail2ban/action.d/iptables-allports.conf.new
-rw-r--r-- root/root      2738 2020-11-23 21:43 etc/fail2ban/action.d/iptables-common.conf.new
-rw-r--r-- root/root      2088 2020-11-23 21:43 etc/fail2ban/action.d/iptables-ipset-proto4.conf.new
-rw-r--r-- root/root      2742 2020-11-23 21:43 etc/fail2ban/action.d/iptables-ipset-proto6-allports.conf.new
-rw-r--r-- root/root      2785 2020-11-23 21:43 etc/fail2ban/action.d/iptables-ipset-proto6.conf.new
-rw-r--r-- root/root      2170 2020-11-23 21:43 etc/fail2ban/action.d/iptables-multiport-log.conf.new
-rw-r--r-- root/root      1508 2020-11-23 21:43 etc/fail2ban/action.d/iptables-multiport.conf.new
-rw-r--r-- root/root      1585 2020-11-23 21:43 etc/fail2ban/action.d/iptables-new.conf.new
-rw-r--r-- root/root      2672 2020-11-23 21:43 etc/fail2ban/action.d/iptables-xt_recent-echo.conf.new
-rw-r--r-- root/root      1427 2020-11-23 21:43 etc/fail2ban/action.d/iptables.conf.new
-rw-r--r-- root/root      2431 2020-11-23 21:43 etc/fail2ban/action.d/mail-buffered.conf.new
-rw-r--r-- root/root      1051 2020-11-23 21:43 etc/fail2ban/action.d/mail-whois-common.conf.new
-rw-r--r-- root/root      2443 2020-11-23 21:43 etc/fail2ban/action.d/mail-whois-lines.conf.new
-rw-r--r-- root/root      1842 2020-11-23 21:43 etc/fail2ban/action.d/mail-whois.conf.new
-rw-r--r-- root/root      1709 2020-11-23 21:43 etc/fail2ban/action.d/mail.conf.new
-rw-r--r-- root/root      5321 2020-11-23 21:43 etc/fail2ban/action.d/mynetwatchman.conf.new
-rw-r--r-- root/root      1493 2020-11-23 21:43 etc/fail2ban/action.d/netscaler.conf.new
-rw-r--r-- root/root       383 2020-11-23 21:43 etc/fail2ban/action.d/nftables-allports.conf.new
-rw-r--r-- root/root       384 2020-11-23 21:43 etc/fail2ban/action.d/nftables-multiport.conf.new
-rw-r--r-- root/root      6318 2020-11-23 21:43 etc/fail2ban/action.d/nftables.conf.new
-rw-r--r-- root/root      3746 2020-11-23 21:43 etc/fail2ban/action.d/nginx-block-map.conf.new
-rw-r--r-- root/root      1524 2020-11-23 21:43 etc/fail2ban/action.d/npf.conf.new
-rw-r--r-- root/root      3234 2020-11-23 21:43 etc/fail2ban/action.d/nsupdate.conf.new
-rw-r--r-- root/root       497 2020-11-23 21:43 etc/fail2ban/action.d/osx-afctl.conf.new
-rw-r--r-- root/root      2302 2020-11-23 21:43 etc/fail2ban/action.d/osx-ipfw.conf.new
-rw-r--r-- root/root      3750 2020-11-23 21:43 etc/fail2ban/action.d/pf.conf.new
-rw-r--r-- root/root      1023 2020-11-23 21:43 etc/fail2ban/action.d/route.conf.new
-rw-r--r-- root/root      2806 2020-11-23 21:43 etc/fail2ban/action.d/sendmail-buffered.conf.new
-rw-r--r-- root/root      1938 2020-11-23 21:43 etc/fail2ban/action.d/sendmail-common.conf.new
-rw-r--r-- root/root      1761 2020-11-23 21:43 etc/fail2ban/action.d/sendmail-geoip-lines.conf.new
-rw-r--r-- root/root      1055 2020-11-23 21:43 etc/fail2ban/action.d/sendmail-whois-ipjailmatches.conf.new
-rw-r--r-- root/root      1036 2020-11-23 21:43 etc/fail2ban/action.d/sendmail-whois-ipmatches.conf.new
-rw-r--r-- root/root      1299 2020-11-23 21:43 etc/fail2ban/action.d/sendmail-whois-lines.conf.new
-rw-r--r-- root/root      1000 2020-11-23 21:43 etc/fail2ban/action.d/sendmail-whois-matches.conf.new
-rw-r--r-- root/root       950 2020-11-23 21:43 etc/fail2ban/action.d/sendmail-whois.conf.new
-rw-r--r-- root/root       829 2020-11-23 21:43 etc/fail2ban/action.d/sendmail.conf.new
-rw-r--r-- root/root      3521 2020-11-23 21:43 etc/fail2ban/action.d/shorewall-ipset-proto6.conf.new
-rw-r--r-- root/root      2156 2020-11-23 21:43 etc/fail2ban/action.d/shorewall.conf.new
-rw-r--r-- root/root      6277 2020-11-23 21:43 etc/fail2ban/action.d/smtp.py.new
-rw-r--r-- root/root      1418 2020-11-23 21:43 etc/fail2ban/action.d/symbiosis-blacklist-allports.conf.new
-rw-r--r-- root/root      1045 2020-11-23 21:43 etc/fail2ban/action.d/ufw.conf.new
-rw-r--r-- root/root      6443 2020-11-23 21:43 etc/fail2ban/action.d/xarf-login-attack.conf.new
-rw-r--r-- root/root      2816 2020-11-23 21:43 etc/fail2ban/fail2ban.conf.new
drwxr-xr-x root/root         0 2021-04-26 08:34 etc/fail2ban/fail2ban.d/
drwxr-xr-x root/root         0 2021-04-26 08:34 etc/fail2ban/filter.d/
-rw-r--r-- root/root       467 2020-11-23 21:43 etc/fail2ban/filter.d/3proxy.conf.new
-rw-r--r-- root/root      3228 2020-11-23 21:43 etc/fail2ban/filter.d/apache-auth.conf.new
-rw-r--r-- root/root      2831 2020-11-23 21:43 etc/fail2ban/filter.d/apache-badbots.conf.new
-rw-r--r-- root/root      1265 2020-11-23 21:43 etc/fail2ban/filter.d/apache-botsearch.conf.new
-rw-r--r-- root/root      1619 2020-11-23 21:43 etc/fail2ban/filter.d/apache-common.conf.new
-rw-r--r-- root/root       324 2020-11-23 21:43 etc/fail2ban/filter.d/apache-fakegooglebot.conf.new
-rw-r--r-- root/root       511 2020-11-23 21:43 etc/fail2ban/filter.d/apache-modsecurity.conf.new
-rw-r--r-- root/root       596 2020-11-23 21:43 etc/fail2ban/filter.d/apache-nohome.conf.new
-rw-r--r-- root/root      1246 2020-11-23 21:43 etc/fail2ban/filter.d/apache-noscript.conf.new
-rw-r--r-- root/root      2184 2020-11-23 21:43 etc/fail2ban/filter.d/apache-overflows.conf.new
-rw-r--r-- root/root       362 2020-11-23 21:43 etc/fail2ban/filter.d/apache-pass.conf.new
-rw-r--r-- root/root      1020 2020-11-23 21:43 etc/fail2ban/filter.d/apache-shellshock.conf.new
-rw-r--r-- root/root      3492 2020-11-23 21:43 etc/fail2ban/filter.d/assp.conf.new
-rw-r--r-- root/root      2369 2020-11-23 21:43 etc/fail2ban/filter.d/asterisk.conf.new
-rw-r--r-- root/root       427 2020-11-23 21:43 etc/fail2ban/filter.d/bitwarden.conf.new
-rw-r--r-- root/root       522 2020-11-23 21:43 etc/fail2ban/filter.d/botsearch-common.conf.new
-rw-r--r-- root/root       307 2020-11-23 21:43 etc/fail2ban/filter.d/centreon.conf.new
-rw-r--r-- root/root      2775 2020-11-23 21:43 etc/fail2ban/filter.d/common.conf.new
-rw-r--r-- root/root       244 2020-11-23 21:43 etc/fail2ban/filter.d/counter-strike.conf.new
-rw-r--r-- root/root       429 2020-11-23 21:43 etc/fail2ban/filter.d/courier-auth.conf.new
-rw-r--r-- root/root       512 2020-11-23 21:43 etc/fail2ban/filter.d/courier-smtp.conf.new
-rw-r--r-- root/root       444 2020-11-23 21:43 etc/fail2ban/filter.d/cyrus-imap.conf.new
-rw-r--r-- root/root       338 2020-11-23 21:43 etc/fail2ban/filter.d/directadmin.conf.new
-rw-r--r-- root/root      2107 2020-11-23 21:43 etc/fail2ban/filter.d/domino-smtp.conf.new
-rw-r--r-- root/root      2453 2020-11-23 21:43 etc/fail2ban/filter.d/dovecot.conf.new
-rw-r--r-- root/root      1730 2020-11-23 21:43 etc/fail2ban/filter.d/dropbear.conf.new
-rw-r--r-- root/root       557 2020-11-23 21:43 etc/fail2ban/filter.d/drupal-auth.conf.new
-rw-r--r-- root/root      1572 2020-11-23 21:43 etc/fail2ban/filter.d/ejabberd-auth.conf.new
-rw-r--r-- root/root       516 2020-11-23 21:43 etc/fail2ban/filter.d/exim-common.conf.new
-rw-r--r-- root/root      2158 2020-11-23 21:43 etc/fail2ban/filter.d/exim-spam.conf.new
-rw-r--r-- root/root      2875 2020-11-23 21:43 etc/fail2ban/filter.d/exim.conf.new
-rw-r--r-- root/root      1922 2020-11-23 21:43 etc/fail2ban/filter.d/freeswitch.conf.new
-rw-r--r-- root/root      1210 2020-11-23 21:43 etc/fail2ban/filter.d/froxlor-auth.conf.new
-rw-r--r-- root/root       236 2020-11-23 21:43 etc/fail2ban/filter.d/gitlab.conf.new
-rw-r--r-- root/root       388 2020-11-23 21:43 etc/fail2ban/filter.d/grafana.conf.new
-rw-r--r-- root/root       236 2020-11-23 21:43 etc/fail2ban/filter.d/groupoffice.conf.new
-rw-r--r-- root/root       322 2020-11-23 21:43 etc/fail2ban/filter.d/gssftpd.conf.new
-rw-r--r-- root/root      1447 2020-11-23 21:43 etc/fail2ban/filter.d/guacamole.conf.new
-rw-r--r-- root/root      1170 2020-11-23 21:43 etc/fail2ban/filter.d/haproxy-http-auth.conf.new
-rw-r--r-- root/root       404 2020-11-23 21:43 etc/fail2ban/filter.d/horde.conf.new
drwxr-xr-x root/root         0 2021-04-26 08:34 etc/fail2ban/filter.d/ignorecommands/
-rwxr-xr-x root/root      1069 2020-11-23 21:43 etc/fail2ban/filter.d/ignorecommands/apache-fakegooglebot.new
-rw-r--r-- root/root       938 2020-11-23 21:43 etc/fail2ban/filter.d/kerio.conf.new
-rw-r--r-- root/root       333 2020-11-23 21:43 etc/fail2ban/filter.d/lighttpd-auth.conf.new
-rw-r--r-- root/root      2279 2020-11-23 21:43 etc/fail2ban/filter.d/mongodb-auth.conf.new
-rw-r--r-- root/root       787 2020-11-23 21:43 etc/fail2ban/filter.d/monit.conf.new
-rw-r--r-- root/root       927 2020-11-23 21:43 etc/fail2ban/filter.d/murmur.conf.new
-rw-r--r-- root/root       953 2020-11-23 21:43 etc/fail2ban/filter.d/mysqld-auth.conf.new
-rw-r--r-- root/root       400 2020-11-23 21:43 etc/fail2ban/filter.d/nagios.conf.new
-rw-r--r-- root/root      1496 2020-11-23 21:43 etc/fail2ban/filter.d/named-refused.conf.new
-rw-r--r-- root/root       681 2020-11-23 21:43 etc/fail2ban/filter.d/nginx-botsearch.conf.new
-rw-r--r-- root/root       485 2020-11-23 21:43 etc/fail2ban/filter.d/nginx-http-auth.conf.new
-rw-r--r-- root/root      1454 2020-11-23 21:43 etc/fail2ban/filter.d/nginx-limit-req.conf.new
-rw-r--r-- root/root       760 2020-11-23 21:43 etc/fail2ban/filter.d/nsd.conf.new
-rw-r--r-- root/root       452 2020-11-23 21:43 etc/fail2ban/filter.d/openhab.conf.new
-rw-r--r-- root/root       495 2020-11-23 21:43 etc/fail2ban/filter.d/openwebmail.conf.new
-rw-r--r-- root/root      1937 2020-11-23 21:43 etc/fail2ban/filter.d/oracleims.conf.new
-rw-r--r-- root/root       947 2020-11-23 21:43 etc/fail2ban/filter.d/pam-generic.conf.new
-rw-r--r-- root/root       568 2020-11-23 21:43 etc/fail2ban/filter.d/perdition.conf.new
-rw-r--r-- root/root       891 2020-11-23 21:43 etc/fail2ban/filter.d/php-url-fopen.conf.new
-rw-r--r-- root/root       278 2020-11-23 21:43 etc/fail2ban/filter.d/phpmyadmin-syslog.conf.new
-rw-r--r-- root/root       242 2020-11-23 21:43 etc/fail2ban/filter.d/portsentry.conf.new
-rw-r--r-- root/root      3164 2020-11-23 21:43 etc/fail2ban/filter.d/postfix.conf.new
-rw-r--r-- root/root      1163 2020-11-23 21:43 etc/fail2ban/filter.d/proftpd.conf.new
-rw-r--r-- root/root      2409 2020-11-23 21:43 etc/fail2ban/filter.d/pure-ftpd.conf.new
-rw-r--r-- root/root       795 2020-11-23 21:43 etc/fail2ban/filter.d/qmail.conf.new
-rw-r--r-- root/root      1374 2020-11-23 21:43 etc/fail2ban/filter.d/recidive.conf.new
-rw-r--r-- root/root      1499 2020-11-23 21:43 etc/fail2ban/filter.d/roundcube-auth.conf.new
-rw-r--r-- root/root       821 2020-11-23 21:43 etc/fail2ban/filter.d/screensharingd.conf.new
-rw-r--r-- root/root       538 2020-11-23 21:43 etc/fail2ban/filter.d/selinux-common.conf.new
-rw-r--r-- root/root       570 2020-11-23 21:43 etc/fail2ban/filter.d/selinux-ssh.conf.new
-rw-r--r-- root/root       776 2020-11-23 21:43 etc/fail2ban/filter.d/sendmail-auth.conf.new
-rw-r--r-- root/root      2949 2020-11-23 21:43 etc/fail2ban/filter.d/sendmail-reject.conf.new
-rw-r--r-- root/root       371 2020-11-23 21:43 etc/fail2ban/filter.d/sieve.conf.new
-rw-r--r-- root/root       706 2020-11-23 21:43 etc/fail2ban/filter.d/slapd.conf.new
-rw-r--r-- root/root       451 2020-11-23 21:43 etc/fail2ban/filter.d/softethervpn.conf.new
-rw-r--r-- root/root       722 2020-11-23 21:43 etc/fail2ban/filter.d/sogo-auth.conf.new
-rw-r--r-- root/root      1094 2020-11-23 21:43 etc/fail2ban/filter.d/solid-pop3d.conf.new
-rw-r--r-- root/root       260 2020-11-23 21:43 etc/fail2ban/filter.d/squid.conf.new
-rw-r--r-- root/root       191 2020-11-23 21:43 etc/fail2ban/filter.d/squirrelmail.conf.new
-rw-r--r-- root/root      7518 2020-11-23 21:43 etc/fail2ban/filter.d/sshd.conf.new
-rw-r--r-- root/root       363 2020-11-23 21:43 etc/fail2ban/filter.d/stunnel.conf.new
-rw-r--r-- root/root       649 2020-11-23 21:43 etc/fail2ban/filter.d/suhosin.conf.new
-rw-r--r-- root/root       890 2020-11-23 21:43 etc/fail2ban/filter.d/tine20.conf.new
-rw-r--r-- root/root      2390 2020-11-23 21:43 etc/fail2ban/filter.d/traefik-auth.conf.new
-rw-r--r-- root/root       374 2020-11-23 21:43 etc/fail2ban/filter.d/uwimap-auth.conf.new
-rw-r--r-- root/root       637 2020-11-23 21:43 etc/fail2ban/filter.d/vsftpd.conf.new
-rw-r--r-- root/root       444 2020-11-23 21:43 etc/fail2ban/filter.d/webmin-auth.conf.new
-rw-r--r-- root/root       520 2020-11-23 21:43 etc/fail2ban/filter.d/wuftpd.conf.new
-rw-r--r-- root/root       521 2020-11-23 21:43 etc/fail2ban/filter.d/xinetd-fail.conf.new
-rw-r--r-- root/root       912 2020-11-23 21:43 etc/fail2ban/filter.d/znc-adminlog.conf.new
-rw-r--r-- root/root       524 2020-11-23 21:43 etc/fail2ban/filter.d/zoneminder.conf.new
-rw-r--r-- root/root     24999 2021-04-26 08:34 etc/fail2ban/jail.conf.new
drwxr-xr-x root/root         0 2021-04-26 08:34 etc/fail2ban/jail.d/
-rw-r--r-- root/root       645 2020-11-23 21:43 etc/fail2ban/paths-arch.conf.new
-rw-r--r-- root/root      2827 2020-11-23 21:43 etc/fail2ban/paths-common.conf.new
-rw-r--r-- root/root       738 2020-11-23 21:43 etc/fail2ban/paths-opensuse.conf.new
-rw-r--r-- root/root       595 2021-04-26 08:34 etc/fail2ban/paths-slackware.conf.new
drwxr-xr-x root/root         0 2021-04-26 08:34 etc/logrotate.d/
-rw-r--r-- root/root       348 2021-04-26 08:34 etc/logrotate.d/fail2ban.new
drwxr-xr-x root/root         0 2021-04-26 08:34 etc/rc.d/
-rw-r--r-- root/root      1263 2021-04-26 08:34 etc/rc.d/rc.fail2ban.new
drwxr-xr-x root/root         0 2021-04-26 08:34 install/
-rw-r--r-- root/root       811 2021-04-26 08:34 install/doinst.sh
-rw-r--r-- root/root       938 2021-04-26 08:34 install/slack-desc
drwxr-xr-x root/root         0 2021-04-26 08:34 usr/
drwxr-xr-x root/root         0 2021-04-26 08:34 usr/bin/
-rwxr-xr-x root/root      1419 2021-04-26 08:34 usr/bin/fail2ban-client
-rwxr-xr-x root/root      1280 2021-04-26 08:34 usr/bin/fail2ban-regex
-rwxr-xr-x root/root      1417 2021-04-26 08:34 usr/bin/fail2ban-server
-rwxr-xr-x root/root      2285 2021-04-26 08:34 usr/bin/fail2ban-testcases
drwxr-xr-x root/root         0 2021-04-26 08:34 usr/doc/
drwxr-xr-x root/root         0 2021-04-26 08:34 usr/doc/fail2ban-0.11.2/
-rw-r--r-- root/root      1107 2020-11-23 21:43 usr/doc/fail2ban-0.11.2/CONTRIBUTING.md
-rw-r--r-- root/root     19296 2020-11-23 21:43 usr/doc/fail2ban-0.11.2/COPYING
-rw-r--r-- root/root    126766 2020-11-23 21:43 usr/doc/fail2ban-0.11.2/ChangeLog
-rw-r--r-- root/root      8619 2020-11-23 21:43 usr/doc/fail2ban-0.11.2/DEVELOP
-rw-r--r-- root/root     19285 2020-11-23 21:43 usr/doc/fail2ban-0.11.2/FILTERS
-rw-r--r-- root/root     14703 2020-11-23 21:43 usr/doc/fail2ban-0.11.2/MANIFEST
-rw-r--r-- root/root      5890 2020-11-23 21:43 usr/doc/fail2ban-0.11.2/README.md
-rw-r--r-- root/root      6618 2020-11-23 21:43 usr/doc/fail2ban-0.11.2/RELEASE
-rw-r--r-- root/root      2392 2020-11-23 21:43 usr/doc/fail2ban-0.11.2/THANKS
-rw-r--r-- root/root       908 2020-11-23 21:43 usr/doc/fail2ban-0.11.2/TODO
-rw-r--r-- root/root      4155 2021-04-26 08:34 usr/doc/fail2ban-0.11.2/fail2ban.SlackBuild
drwxr-xr-x root/root         0 2020-11-23 21:43 usr/doc/fail2ban-0.11.2/files/
-rw-r--r-- root/root      7074 2020-11-23 21:43 usr/doc/fail2ban-0.11.2/files/bash-completion
drwxr-xr-x root/root         0 2020-11-23 21:43 usr/doc/fail2ban-0.11.2/files/cacti/
-rw-r--r-- root/root      1755 2020-11-23 21:43 usr/doc/fail2ban-0.11.2/files/cacti/README
-rw-r--r-- root/root     12206 2020-11-23 21:43 usr/doc/fail2ban-0.11.2/files/cacti/cacti_host_template_fail2ban.xml
-rw-r--r-- root/root      1554 2020-11-23 21:43 usr/doc/fail2ban-0.11.2/files/cacti/fail2ban_stats.sh
-rwxr-xr-x root/root      7039 2020-11-23 21:43 usr/doc/fail2ban-0.11.2/files/debian-initd
-rw-r--r-- root/root       363 2020-11-23 21:43 usr/doc/fail2ban-0.11.2/files/fail2ban-logrotate
-rw-r--r-- root/root        32 2020-11-23 21:43 usr/doc/fail2ban-0.11.2/files/fail2ban-tmpfiles.conf
-rw-r--r-- root/root       781 2020-11-23 21:43 usr/doc/fail2ban-0.11.2/files/fail2ban.service.in
-rw-r--r-- root/root       461 2020-11-23 21:43 usr/doc/fail2ban-0.11.2/files/fail2ban.upstart
-rwxr-xr-x root/root      2400 2020-11-23 21:43 usr/doc/fail2ban-0.11.2/files/gen_badbots
-rw-r--r-- root/root       218 2020-11-23 21:43 usr/doc/fail2ban-0.11.2/files/gentoo-confd
-rwxr-xr-x root/root      1738 2020-11-23 21:43 usr/doc/fail2ban-0.11.2/files/gentoo-initd
-rw-r--r-- root/root      1011 2020-11-23 21:43 usr/doc/fail2ban-0.11.2/files/ipmasq-ZZZzzz_fail2ban.rul
drwxr-xr-x root/root         0 2020-11-23 21:43 usr/doc/fail2ban-0.11.2/files/logwatch/
-rwxr-xr-x root/root      8795 2020-11-23 21:43 usr/doc/fail2ban-0.11.2/files/logwatch/fail2ban
-rw-r--r-- root/root       182 2020-11-23 21:43 usr/doc/fail2ban-0.11.2/files/logwatch/fail2ban-0.8.log
-rw-r--r-- root/root      5153 2020-11-23 21:43 usr/doc/fail2ban-0.11.2/files/logwatch/fail2ban-0.9.log
-rw-r--r-- root/root       587 2020-11-23 21:43 usr/doc/fail2ban-0.11.2/files/macosx-initd
drwxr-xr-x root/root         0 2020-11-23 21:43 usr/doc/fail2ban-0.11.2/files/monit/
-rw-r--r-- root/root       403 2020-11-23 21:43 usr/doc/fail2ban-0.11.2/files/monit/fail2ban
drwxr-xr-x root/root         0 2020-11-23 21:43 usr/doc/fail2ban-0.11.2/files/nagios/
-rw-r--r-- root/root      3307 2020-11-23 21:43 usr/doc/fail2ban-0.11.2/files/nagios/README
-rwxr-xr-x root/root     11527 2020-11-23 21:43 usr/doc/fail2ban-0.11.2/files/nagios/check_fail2ban
-rwxr-xr-x root/root      2141 2020-11-23 21:43 usr/doc/fail2ban-0.11.2/files/redhat-initd
-rw-r--r-- root/root      1615 2020-11-23 21:43 usr/doc/fail2ban-0.11.2/files/solaris-fail2ban.xml
-rwxr-xr-x root/root      1681 2020-11-23 21:43 usr/doc/fail2ban-0.11.2/files/solaris-svc-fail2ban
-rw-r--r-- root/root      2677 2020-11-23 21:43 usr/doc/fail2ban-0.11.2/files/suse-initd
-rw-r--r-- root/root      3927 2020-11-23 21:43 usr/doc/fail2ban-0.11.2/run-rootless.txt
drwxr-xr-x root/root         0 2021-04-26 08:34 usr/lib64/
drwxr-xr-x root/root         0 2021-04-26 08:34 usr/lib64/python3.9/
drwxr-xr-x root/root         0 2021-04-26 08:34 usr/lib64/python3.9/site-packages/
drwxr-xr-x root/root         0 2021-04-26 08:34 usr/lib64/python3.9/site-packages/fail2ban/
drwxr-xr-x root/root         0 2021-04-26 08:34 usr/lib64/python3.9/site-packages/fail2ban-0.11.2-py3.9.egg-info/
-rw-r--r-- root/root       525 2021-04-26 08:34 usr/lib64/python3.9/site-packages/fail2ban-0.11.2-py3.9.egg-info/PKG-INFO
-rw-r--r-- root/root     16000 2021-04-26 08:34 usr/lib64/python3.9/site-packages/fail2ban-0.11.2-py3.9.egg-info/SOURCES.txt
-rw-r--r-- root/root         1 2021-04-26 08:34 usr/lib64/python3.9/site-packages/fail2ban-0.11.2-py3.9.egg-info/dependency_links.txt
-rw-r--r-- root/root         9 2021-04-26 08:34 usr/lib64/python3.9/site-packages/fail2ban-0.11.2-py3.9.egg-info/top_level.txt
-rw-r--r-- root/root      2770 2020-11-23 21:43 usr/lib64/python3.9/site-packages/fail2ban/__init__.py
drwxr-xr-x root/root         0 2021-04-26 08:34 usr/lib64/python3.9/site-packages/fail2ban/__pycache__/
-rw-r--r-- root/root      1555 2021-04-26 08:34 usr/lib64/python3.9/site-packages/fail2ban/__pycache__/__init__.cpython-39.pyc
-rw-r--r-- root/root       702 2021-04-26 08:34 usr/lib64/python3.9/site-packages/fail2ban/__pycache__/exceptions.cpython-39.pyc
-rw-r--r-- root/root     14591 2021-04-26 08:34 usr/lib64/python3.9/site-packages/fail2ban/__pycache__/helpers.cpython-39.pyc
-rw-r--r-- root/root     11306 2021-04-26 08:34 usr/lib64/python3.9/site-packages/fail2ban/__pycache__/protocol.cpython-39.pyc
-rw-r--r-- root/root       757 2021-04-26 08:34 usr/lib64/python3.9/site-packages/fail2ban/__pycache__/setup.cpython-39.pyc
-rw-r--r-- root/root       615 2021-04-26 08:34 usr/lib64/python3.9/site-packages/fail2ban/__pycache__/version.cpython-39.pyc
drwxr-xr-x root/root         0 2021-04-26 08:34 usr/lib64/python3.9/site-packages/fail2ban/client/
-rw-r--r-- root/root       974 2020-11-23 21:43 usr/lib64/python3.9/site-packages/fail2ban/client/__init__.py
drwxr-xr-x root/root         0 2021-04-26 08:34 usr/lib64/python3.9/site-packages/fail2ban/client/__pycache__/
-rw-r--r-- root/root       260 2021-04-26 08:34 usr/lib64/python3.9/site-packages/fail2ban/client/__pycache__/__init__.cpython-39.pyc
-rw-r--r-- root/root      2582 2021-04-26 08:34 usr/lib64/python3.9/site-packages/fail2ban/client/__pycache__/actionreader.cpython-39.pyc
-rw-r--r-- root/root      5655 2021-04-26 08:34 usr/lib64/python3.9/site-packages/fail2ban/client/__pycache__/beautifier.cpython-39.pyc
-rw-r--r-- root/root      9934 2021-04-26 08:34 usr/lib64/python3.9/site-packages/fail2ban/client/__pycache__/configparserinc.cpython-39.pyc
-rw-r--r-- root/root     12322 2021-04-26 08:34 usr/lib64/python3.9/site-packages/fail2ban/client/__pycache__/configreader.cpython-39.pyc
-rw-r--r-- root/root      2800 2021-04-26 08:34 usr/lib64/python3.9/site-packages/fail2ban/client/__pycache__/configurator.cpython-39.pyc
-rw-r--r-- root/root      2502 2021-04-26 08:34 usr/lib64/python3.9/site-packages/fail2ban/client/__pycache__/csocket.cpython-39.pyc
-rw-r--r-- root/root     13312 2021-04-26 08:34 usr/lib64/python3.9/site-packages/fail2ban/client/__pycache__/fail2banclient.cpython-39.pyc
-rw-r--r-- root/root      9495 2021-04-26 08:34 usr/lib64/python3.9/site-packages/fail2ban/client/__pycache__/fail2bancmdline.cpython-39.pyc
-rw-r--r-- root/root      2347 2021-04-26 08:34 usr/lib64/python3.9/site-packages/fail2ban/client/__pycache__/fail2banreader.cpython-39.pyc
-rw-r--r-- root/root     25146 2021-04-26 08:34 usr/lib64/python3.9/site-packages/fail2ban/client/__pycache__/fail2banregex.cpython-39.pyc
-rw-r--r-- root/root      5145 2021-04-26 08:34 usr/lib64/python3.9/site-packages/fail2ban/client/__pycache__/fail2banserver.cpython-39.pyc
-rw-r--r-- root/root      2339 2021-04-26 08:34 usr/lib64/python3.9/site-packages/fail2ban/client/__pycache__/filterreader.cpython-39.pyc
-rw-r--r-- root/root      6499 2021-04-26 08:34 usr/lib64/python3.9/site-packages/fail2ban/client/__pycache__/jailreader.cpython-39.pyc
-rw-r--r-- root/root      2490 2021-04-26 08:34 usr/lib64/python3.9/site-packages/fail2ban/client/__pycache__/jailsreader.cpython-39.pyc
-rw-r--r-- root/root      3325 2021-04-26 08:34 usr/lib64/python3.9/site-packages/fail2ban/client/actionreader.py
-rw-r--r-- root/root      7162 2020-11-23 21:43 usr/lib64/python3.9/site-packages/fail2ban/client/beautifier.py
-rw-r--r-- root/root     13150 2021-04-26 08:34 usr/lib64/python3.9/site-packages/fail2ban/client/configparserinc.py
-rw-r--r-- root/root     13391 2021-04-26 08:34 usr/lib64/python3.9/site-packages/fail2ban/client/configreader.py
-rw-r--r-- root/root      2869 2020-11-23 21:43 usr/lib64/python3.9/site-packages/fail2ban/client/configurator.py
-rw-r--r-- root/root      2995 2021-04-26 08:34 usr/lib64/python3.9/site-packages/fail2ban/client/csocket.py
-rw-r--r-- root/root     14633 2021-04-26 08:34 usr/lib64/python3.9/site-packages/fail2ban/client/fail2banclient.py
-rw-r--r-- root/root     11299 2020-11-23 21:43 usr/lib64/python3.9/site-packages/fail2ban/client/fail2bancmdline.py
-rw-r--r-- root/root      2874 2020-11-23 21:43 usr/lib64/python3.9/site-packages/fail2ban/client/fail2banreader.py
-rw-r--r-- root/root     28415 2021-04-26 08:34 usr/lib64/python3.9/site-packages/fail2ban/client/fail2banregex.py
-rw-r--r-- root/root      8050 2020-11-23 21:43 usr/lib64/python3.9/site-packages/fail2ban/client/fail2banserver.py
-rw-r--r-- root/root      3259 2021-04-26 08:34 usr/lib64/python3.9/site-packages/fail2ban/client/filterreader.py
-rw-r--r-- root/root      8816 2021-04-26 08:34 usr/lib64/python3.9/site-packages/fail2ban/client/jailreader.py
-rw-r--r-- root/root      3263 2020-11-23 21:43 usr/lib64/python3.9/site-packages/fail2ban/client/jailsreader.py
-rw-r--r-- root/root      1164 2020-11-23 21:43 usr/lib64/python3.9/site-packages/fail2ban/exceptions.py
-rw-r--r-- root/root     17892 2021-04-26 08:34 usr/lib64/python3.9/site-packages/fail2ban/helpers.py
-rw-r--r-- root/root     11596 2020-11-23 21:43 usr/lib64/python3.9/site-packages/fail2ban/protocol.py
drwxr-xr-x root/root         0 2021-04-26 08:34 usr/lib64/python3.9/site-packages/fail2ban/server/
-rw-r--r-- root/root       974 2020-11-23 21:43 usr/lib64/python3.9/site-packages/fail2ban/server/__init__.py
drwxr-xr-x root/root         0 2021-04-26 08:34 usr/lib64/python3.9/site-packages/fail2ban/server/__pycache__/
-rw-r--r-- root/root       260 2021-04-26 08:34 usr/lib64/python3.9/site-packages/fail2ban/server/__pycache__/__init__.cpython-39.pyc
-rw-r--r-- root/root     26517 2021-04-26 08:34 usr/lib64/python3.9/site-packages/fail2ban/server/__pycache__/action.cpython-39.pyc
-rw-r--r-- root/root     21801 2021-04-26 08:34 usr/lib64/python3.9/site-packages/fail2ban/server/__pycache__/actions.cpython-39.pyc
-rw-r--r-- root/root      8415 2021-04-26 08:34 usr/lib64/python3.9/site-packages/fail2ban/server/__pycache__/asyncserver.cpython-39.pyc
-rw-r--r-- root/root      8459 2021-04-26 08:34 usr/lib64/python3.9/site-packages/fail2ban/server/__pycache__/banmanager.cpython-39.pyc
-rw-r--r-- root/root     25453 2021-04-26 08:34 usr/lib64/python3.9/site-packages/fail2ban/server/__pycache__/database.cpython-39.pyc
-rw-r--r-- root/root     13536 2021-04-26 08:34 usr/lib64/python3.9/site-packages/fail2ban/server/__pycache__/datedetector.cpython-39.pyc
-rw-r--r-- root/root     10908 2021-04-26 08:34 usr/lib64/python3.9/site-packages/fail2ban/server/__pycache__/datetemplate.cpython-39.pyc
-rw-r--r-- root/root      5075 2021-04-26 08:34 usr/lib64/python3.9/site-packages/fail2ban/server/__pycache__/failmanager.cpython-39.pyc
-rw-r--r-- root/root      8682 2021-04-26 08:34 usr/lib64/python3.9/site-packages/fail2ban/server/__pycache__/failregex.cpython-39.pyc
-rw-r--r-- root/root     30529 2021-04-26 08:34 usr/lib64/python3.9/site-packages/fail2ban/server/__pycache__/filter.cpython-39.pyc
-rw-r--r-- root/root      3350 2021-04-26 08:34 usr/lib64/python3.9/site-packages/fail2ban/server/__pycache__/filtergamin.cpython-39.pyc
-rw-r--r-- root/root      3877 2021-04-26 08:34 usr/lib64/python3.9/site-packages/fail2ban/server/__pycache__/filterpoll.cpython-39.pyc
-rw-r--r-- root/root     10409 2021-04-26 08:34 usr/lib64/python3.9/site-packages/fail2ban/server/__pycache__/filterpyinotify.cpython-39.pyc
-rw-r--r-- root/root      8222 2021-04-26 08:34 usr/lib64/python3.9/site-packages/fail2ban/server/__pycache__/filtersystemd.cpython-39.pyc
-rw-r--r-- root/root     13832 2021-04-26 08:34 usr/lib64/python3.9/site-packages/fail2ban/server/__pycache__/ipdns.cpython-39.pyc
-rw-r--r-- root/root     10310 2021-04-26 08:34 usr/lib64/python3.9/site-packages/fail2ban/server/__pycache__/jail.cpython-39.pyc
-rw-r--r-- root/root      2791 2021-04-26 08:34 usr/lib64/python3.9/site-packages/fail2ban/server/__pycache__/jails.cpython-39.pyc
-rw-r--r-- root/root      3094 2021-04-26 08:34 usr/lib64/python3.9/site-packages/fail2ban/server/__pycache__/jailthread.cpython-39.pyc
-rw-r--r-- root/root      4720 2021-04-26 08:34 usr/lib64/python3.9/site-packages/fail2ban/server/__pycache__/mytime.cpython-39.pyc
-rw-r--r-- root/root     13595 2021-04-26 08:34 usr/lib64/python3.9/site-packages/fail2ban/server/__pycache__/observer.cpython-39.pyc
-rw-r--r-- root/root     24604 2021-04-26 08:34 usr/lib64/python3.9/site-packages/fail2ban/server/__pycache__/server.cpython-39.pyc
-rw-r--r-- root/root      8735 2021-04-26 08:34 usr/lib64/python3.9/site-packages/fail2ban/server/__pycache__/strptime.cpython-39.pyc
-rw-r--r-- root/root      9079 2021-04-26 08:34 usr/lib64/python3.9/site-packages/fail2ban/server/__pycache__/ticket.cpython-39.pyc
-rw-r--r-- root/root     10851 2021-04-26 08:34 usr/lib64/python3.9/site-packages/fail2ban/server/__pycache__/transmitter.cpython-39.pyc
-rw-r--r-- root/root     10234 2021-04-26 08:34 usr/lib64/python3.9/site-packages/fail2ban/server/__pycache__/utils.cpython-39.pyc
-rw-r--r-- root/root     30328 2021-04-26 08:34 usr/lib64/python3.9/site-packages/fail2ban/server/action.py
-rw-r--r-- root/root     24665 2021-04-26 08:34 usr/lib64/python3.9/site-packages/fail2ban/server/actions.py
-rw-r--r-- root/root     10213 2021-04-26 08:34 usr/lib64/python3.9/site-packages/fail2ban/server/asyncserver.py
-rw-r--r-- root/root     10935 2021-04-26 08:34 usr/lib64/python3.9/site-packages/fail2ban/server/banmanager.py
-rw-r--r-- root/root     29433 2021-04-26 08:34 usr/lib64/python3.9/site-packages/fail2ban/server/database.py
-rw-r--r-- root/root     19466 2020-11-23 21:43 usr/lib64/python3.9/site-packages/fail2ban/server/datedetector.py
-rw-r--r-- root/root     12348 2020-11-23 21:43 usr/lib64/python3.9/site-packages/fail2ban/server/datetemplate.py
-rw-r--r-- root/root      5120 2021-04-26 08:34 usr/lib64/python3.9/site-packages/fail2ban/server/failmanager.py
-rw-r--r-- root/root     13102 2021-04-26 08:34 usr/lib64/python3.9/site-packages/fail2ban/server/failregex.py
-rw-r--r-- root/root     43874 2021-04-26 08:34 usr/lib64/python3.9/site-packages/fail2ban/server/filter.py
-rw-r--r-- root/root      3878 2020-11-23 21:43 usr/lib64/python3.9/site-packages/fail2ban/server/filtergamin.py
-rw-r--r-- root/root      5563 2021-04-26 08:34 usr/lib64/python3.9/site-packages/fail2ban/server/filterpoll.py
-rw-r--r-- root/root     13015 2021-04-26 08:34 usr/lib64/python3.9/site-packages/fail2ban/server/filterpyinotify.py
-rw-r--r-- root/root     10885 2020-11-23 21:43 usr/lib64/python3.9/site-packages/fail2ban/server/filtersystemd.py
-rw-r--r-- root/root     16532 2021-04-26 08:34 usr/lib64/python3.9/site-packages/fail2ban/server/ipdns.py
-rw-r--r-- root/root     11569 2021-04-26 08:34 usr/lib64/python3.9/site-packages/fail2ban/server/jail.py
-rw-r--r-- root/root      2774 2020-11-23 21:43 usr/lib64/python3.9/site-packages/fail2ban/server/jails.py
-rw-r--r-- root/root      3847 2020-11-23 21:43 usr/lib64/python3.9/site-packages/fail2ban/server/jailthread.py
-rw-r--r-- root/root      5720 2021-04-26 08:34 usr/lib64/python3.9/site-packages/fail2ban/server/mytime.py
-rw-r--r-- root/root     17879 2020-11-23 21:43 usr/lib64/python3.9/site-packages/fail2ban/server/observer.py
-rw-r--r-- root/root     29147 2021-04-26 08:34 usr/lib64/python3.9/site-packages/fail2ban/server/server.py
-rw-r--r-- root/root     12471 2021-04-26 08:34 usr/lib64/python3.9/site-packages/fail2ban/server/strptime.py
-rw-r--r-- root/root      8487 2021-04-26 08:34 usr/lib64/python3.9/site-packages/fail2ban/server/ticket.py
-rw-r--r-- root/root     16067 2021-04-26 08:34 usr/lib64/python3.9/site-packages/fail2ban/server/transmitter.py
-rw-r--r-- root/root     12507 2021-04-26 08:34 usr/lib64/python3.9/site-packages/fail2ban/server/utils.py
-rw-r--r-- root/root      1694 2020-11-23 21:43 usr/lib64/python3.9/site-packages/fail2ban/setup.py
drwxr-xr-x root/root         0 2021-04-26 08:34 usr/lib64/python3.9/site-packages/fail2ban/tests/
-rw-r--r-- root/root       974 2020-11-23 21:43 usr/lib64/python3.9/site-packages/fail2ban/tests/__init__.py
drwxr-xr-x root/root         0 2021-04-26 08:34 usr/lib64/python3.9/site-packages/fail2ban/tests/__pycache__/
-rw-r--r-- root/root       259 2021-04-26 08:34 usr/lib64/python3.9/site-packages/fail2ban/tests/__pycache__/__init__.cpython-39.pyc
-rw-r--r-- root/root     12101 2021-04-26 08:34 usr/lib64/python3.9/site-packages/fail2ban/tests/__pycache__/actionstestcase.cpython-39.pyc
-rw-r--r-- root/root     20587 2021-04-26 08:34 usr/lib64/python3.9/site-packages/fail2ban/tests/__pycache__/actiontestcase.cpython-39.pyc
-rw-r--r-- root/root      7737 2021-04-26 08:34 usr/lib64/python3.9/site-packages/fail2ban/tests/__pycache__/banmanagertestcase.cpython-39.pyc
-rw-r--r-- root/root      9406 2021-04-26 08:34 usr/lib64/python3.9/site-packages/fail2ban/tests/__pycache__/clientbeautifiertestcase.cpython-39.pyc
-rw-r--r-- root/root     35147 2021-04-26 08:34 usr/lib64/python3.9/site-packages/fail2ban/tests/__pycache__/clientreadertestcase.cpython-39.pyc
-rw-r--r-- root/root     16438 2021-04-26 08:34 usr/lib64/python3.9/site-packages/fail2ban/tests/__pycache__/databasetestcase.cpython-39.pyc
-rw-r--r-- root/root     16415 2021-04-26 08:34 usr/lib64/python3.9/site-packages/fail2ban/tests/__pycache__/datedetectortestcase.cpython-39.pyc
-rw-r--r-- root/root      2825 2021-04-26 08:34 usr/lib64/python3.9/site-packages/fail2ban/tests/__pycache__/dummyjail.cpython-39.pyc
-rw-r--r-- root/root     42907 2021-04-26 08:34 usr/lib64/python3.9/site-packages/fail2ban/tests/__pycache__/fail2banclienttestcase.cpython-39.pyc
-rw-r--r-- root/root     18114 2021-04-26 08:34 usr/lib64/python3.9/site-packages/fail2ban/tests/__pycache__/fail2banregextestcase.cpython-39.pyc
-rw-r--r-- root/root      7709 2021-04-26 08:34 usr/lib64/python3.9/site-packages/fail2ban/tests/__pycache__/failmanagertestcase.cpython-39.pyc
-rw-r--r-- root/root     69360 2021-04-26 08:34 usr/lib64/python3.9/site-packages/fail2ban/tests/__pycache__/filtertestcase.cpython-39.pyc
-rw-r--r-- root/root     16823 2021-04-26 08:34 usr/lib64/python3.9/site-packages/fail2ban/tests/__pycache__/misctestcase.cpython-39.pyc
-rw-r--r-- root/root     16089 2021-04-26 08:34 usr/lib64/python3.9/site-packages/fail2ban/tests/__pycache__/observertestcase.cpython-39.pyc
-rw-r--r-- root/root      8701 2021-04-26 08:34 usr/lib64/python3.9/site-packages/fail2ban/tests/__pycache__/samplestestcase.cpython-39.pyc
-rw-r--r-- root/root     71274 2021-04-26 08:34 usr/lib64/python3.9/site-packages/fail2ban/tests/__pycache__/servertestcase.cpython-39.pyc
-rw-r--r-- root/root      7780 2021-04-26 08:34 usr/lib64/python3.9/site-packages/fail2ban/tests/__pycache__/sockettestcase.cpython-39.pyc
-rw-r--r-- root/root      4076 2021-04-26 08:34 usr/lib64/python3.9/site-packages/fail2ban/tests/__pycache__/tickettestcase.cpython-39.pyc
-rw-r--r-- root/root     25215 2021-04-26 08:34 usr/lib64/python3.9/site-packages/fail2ban/tests/__pycache__/utils.cpython-39.pyc
drwxr-xr-x root/root         0 2021-04-26 08:34 usr/lib64/python3.9/site-packages/fail2ban/tests/action_d/
-rw-r--r-- root/root       950 2020-11-23 21:43 usr/lib64/python3.9/site-packages/fail2ban/tests/action_d/__init__.py
drwxr-xr-x root/root         0 2021-04-26 08:34 usr/lib64/python3.9/site-packages/fail2ban/tests/action_d/__pycache__/
-rw-r--r-- root/root       272 2021-04-26 08:34 usr/lib64/python3.9/site-packages/fail2ban/tests/action_d/__pycache__/__init__.cpython-39.pyc
-rw-r--r-- root/root      4489 2021-04-26 08:34 usr/lib64/python3.9/site-packages/fail2ban/tests/action_d/__pycache__/test_badips.cpython-39.pyc
-rw-r--r-- root/root      5724 2021-04-26 08:34 usr/lib64/python3.9/site-packages/fail2ban/tests/action_d/__pycache__/test_smtp.cpython-39.pyc
-rw-r--r-- root/root      5396 2021-04-26 08:34 usr/lib64/python3.9/site-packages/fail2ban/tests/action_d/test_badips.py
-rw-r--r-- root/root      5391 2020-11-23 21:43 usr/lib64/python3.9/site-packages/fail2ban/tests/action_d/test_badips.py.bak
-rw-r--r-- root/root      5389 2020-11-23 21:43 usr/lib64/python3.9/site-packages/fail2ban/tests/action_d/test_smtp.py
-rw-r--r-- root/root     18840 2020-11-23 21:43 usr/lib64/python3.9/site-packages/fail2ban/tests/actionstestcase.py
-rw-r--r-- root/root     24023 2021-04-26 08:34 usr/lib64/python3.9/site-packages/fail2ban/tests/actiontestcase.py
-rw-r--r-- root/root      9786 2020-11-23 21:43 usr/lib64/python3.9/site-packages/fail2ban/tests/banmanagertestcase.py
-rw-r--r-- root/root      9263 2020-11-23 21:43 usr/lib64/python3.9/site-packages/fail2ban/tests/clientbeautifiertestcase.py
-rw-r--r-- root/root     42594 2021-04-26 08:34 usr/lib64/python3.9/site-packages/fail2ban/tests/clientreadertestcase.py
drwxr-xr-x root/root         0 2021-04-26 08:34 usr/lib64/python3.9/site-packages/fail2ban/tests/config/
drwxr-xr-x root/root         0 2021-04-26 08:34 usr/lib64/python3.9/site-packages/fail2ban/tests/config/action.d/
-rw-r--r-- root/root        80 2020-11-23 21:43 usr/lib64/python3.9/site-packages/fail2ban/tests/config/action.d/action.conf
-rw-r--r-- root/root        51 2020-11-23 21:43 usr/lib64/python3.9/site-packages/fail2ban/tests/config/action.d/brokenaction.conf
-rw-r--r-- root/root        47 2020-11-23 21:43 usr/lib64/python3.9/site-packages/fail2ban/tests/config/fail2ban.conf
drwxr-xr-x root/root         0 2021-04-26 08:34 usr/lib64/python3.9/site-packages/fail2ban/tests/config/filter.d/
-rw-r--r-- root/root       681 2020-11-23 21:43 usr/lib64/python3.9/site-packages/fail2ban/tests/config/filter.d/checklogtype.conf
-rw-r--r-- root/root       216 2020-11-23 21:43 usr/lib64/python3.9/site-packages/fail2ban/tests/config/filter.d/checklogtype_test.conf
-rw-r--r-- root/root        32 2020-11-23 21:43 usr/lib64/python3.9/site-packages/fail2ban/tests/config/filter.d/simple.conf
-rw-r--r-- root/root       252 2020-11-23 21:43 usr/lib64/python3.9/site-packages/fail2ban/tests/config/filter.d/test.conf
-rw-r--r-- root/root       637 2020-11-23 21:43 usr/lib64/python3.9/site-packages/fail2ban/tests/config/filter.d/test.local
-rw-r--r-- root/root      1036 2020-11-23 21:43 usr/lib64/python3.9/site-packages/fail2ban/tests/config/filter.d/zzz-generic-example.conf
-rw-r--r-- root/root      5858 2020-11-23 21:43 usr/lib64/python3.9/site-packages/fail2ban/tests/config/filter.d/zzz-sshd-obsolete-multiline.conf
-rw-r--r-- root/root      1717 2020-11-23 21:43 usr/lib64/python3.9/site-packages/fail2ban/tests/config/jail.conf
-rw-r--r-- root/root     23010 2021-04-26 08:34 usr/lib64/python3.9/site-packages/fail2ban/tests/databasetestcase.py
-rw-r--r-- root/root     26957 2021-04-26 08:34 usr/lib64/python3.9/site-packages/fail2ban/tests/datedetectortestcase.py
-rw-r--r-- root/root      2068 2020-11-23 21:43 usr/lib64/python3.9/site-packages/fail2ban/tests/dummyjail.py
-rw-r--r-- root/root     59970 2021-04-26 08:34 usr/lib64/python3.9/site-packages/fail2ban/tests/fail2banclienttestcase.py
-rw-r--r-- root/root     21602 2020-11-23 21:43 usr/lib64/python3.9/site-packages/fail2ban/tests/fail2banregextestcase.py
-rw-r--r-- root/root      8973 2021-04-26 08:34 usr/lib64/python3.9/site-packages/fail2ban/tests/failmanagertestcase.py
drwxr-xr-x root/root         0 2021-04-26 08:34 usr/lib64/python3.9/site-packages/fail2ban/tests/files/
drwxr-xr-x root/root         0 2021-04-26 08:34 usr/lib64/python3.9/site-packages/fail2ban/tests/files/__pycache__/
-rw-r--r-- root/root       352 2021-04-26 08:34 usr/lib64/python3.9/site-packages/fail2ban/tests/files/__pycache__/ignorecommand.cpython-39.pyc
drwxr-xr-x root/root         0 2021-04-26 08:34 usr/lib64/python3.9/site-packages/fail2ban/tests/files/action.d/
drwxr-xr-x root/root         0 2021-04-26 08:34 usr/lib64/python3.9/site-packages/fail2ban/tests/files/action.d/__pycache__/
-rw-r--r-- root/root      1500 2021-04-26 08:34 usr/lib64/python3.9/site-packages/fail2ban/tests/files/action.d/__pycache__/action.cpython-39.pyc
-rw-r--r-- root/root       791 2021-04-26 08:34 usr/lib64/python3.9/site-packages/fail2ban/tests/files/action.d/__pycache__/action_checkainfo.cpython-39.pyc
-rw-r--r-- root/root      1084 2021-04-26 08:34 usr/lib64/python3.9/site-packages/fail2ban/tests/files/action.d/__pycache__/action_errors.cpython-39.pyc
-rw-r--r-- root/root       913 2021-04-26 08:34 usr/lib64/python3.9/site-packages/fail2ban/tests/files/action.d/__pycache__/action_modifyainfo.cpython-39.pyc
-rw-r--r-- root/root       390 2021-04-26 08:34 usr/lib64/python3.9/site-packages/fail2ban/tests/files/action.d/__pycache__/action_noAction.cpython-39.pyc
-rw-r--r-- root/root       589 2021-04-26 08:34 usr/lib64/python3.9/site-packages/fail2ban/tests/files/action.d/__pycache__/action_nomethod.cpython-39.pyc
-rw-r--r-- root/root       832 2020-11-23 21:43 usr/lib64/python3.9/site-packages/fail2ban/tests/files/action.d/action.py
-rw-r--r-- root/root       352 2020-11-23 21:43 usr/lib64/python3.9/site-packages/fail2ban/tests/files/action.d/action_checkainfo.py
-rw-r--r-- root/root       379 2020-11-23 21:43 usr/lib64/python3.9/site-packages/fail2ban/tests/files/action.d/action_errors.py
-rw-r--r-- root/root       545 2020-11-23 21:43 usr/lib64/python3.9/site-packages/fail2ban/tests/files/action.d/action_modifyainfo.py
-rw-r--r-- root/root        88 2020-11-23 21:43 usr/lib64/python3.9/site-packages/fail2ban/tests/files/action.d/action_noAction.py
-rw-r--r-- root/root       127 2020-11-23 21:43 usr/lib64/python3.9/site-packages/fail2ban/tests/files/action.d/action_nomethod.py
drwxr-xr-x root/root         0 2021-04-26 08:34 usr/lib64/python3.9/site-packages/fail2ban/tests/files/config/
drwxr-xr-x root/root         0 2021-04-26 08:34 usr/lib64/python3.9/site-packages/fail2ban/tests/files/config/apache-auth/
-rw-r--r-- root/root       368 2020-11-23 21:43 usr/lib64/python3.9/site-packages/fail2ban/tests/files/config/apache-auth/README
drwxr-xr-x root/root         0 2021-04-26 08:34 usr/lib64/python3.9/site-packages/fail2ban/tests/files/config/apache-auth/__pycache__/
-rw-r--r-- root/root      2641 2021-04-26 08:34 usr/lib64/python3.9/site-packages/fail2ban/tests/files/config/apache-auth/__pycache__/digest.cpython-39.pyc
drwxr-xr-x root/root         0 2021-04-26 08:34 usr/lib64/python3.9/site-packages/fail2ban/tests/files/config/apache-auth/basic/
drwxr-xr-x root/root         0 2021-04-26 08:34 usr/lib64/python3.9/site-packages/fail2ban/tests/files/config/apache-auth/basic/authz_owner/
-rw-r--r-- root/root       136 2020-11-23 21:43 usr/lib64/python3.9/site-packages/fail2ban/tests/files/config/apache-auth/basic/authz_owner/.htaccess
-rw-r--r-- root/root        47 2020-11-23 21:43 usr/lib64/python3.9/site-packages/fail2ban/tests/files/config/apache-auth/basic/authz_owner/.htpasswd
-rw-r--r-- root/root         0 2020-11-23 21:43 usr/lib64/python3.9/site-packages/fail2ban/tests/files/config/apache-auth/basic/authz_owner/cant_get_me.html
drwxr-xr-x root/root         0 2021-04-26 08:34 usr/lib64/python3.9/site-packages/fail2ban/tests/files/config/apache-auth/basic/file/
-rw-r--r-- root/root       129 2020-11-23 21:43 usr/lib64/python3.9/site-packages/fail2ban/tests/files/config/apache-auth/basic/file/.htaccess
-rw-r--r-- root/root        47 2020-11-23 21:43 usr/lib64/python3.9/site-packages/fail2ban/tests/files/config/apache-auth/basic/file/.htpasswd
drwxr-xr-x root/root         0 2021-04-26 08:34 usr/lib64/python3.9/site-packages/fail2ban/tests/files/config/apache-auth/digest/
-rw-r--r-- root/root      4551 2021-04-26 08:34 usr/lib64/python3.9/site-packages/fail2ban/tests/files/config/apache-auth/digest.py
-rw-r--r-- root/root      4531 2020-11-23 21:43 usr/lib64/python3.9/site-packages/fail2ban/tests/files/config/apache-auth/digest.py.bak
-rw-r--r-- root/root       159 2020-11-23 21:43 usr/lib64/python3.9/site-packages/fail2ban/tests/files/config/apache-auth/digest/.htaccess
-rw-r--r-- root/root        62 2020-11-23 21:43 usr/lib64/python3.9/site-packages/fail2ban/tests/files/config/apache-auth/digest/.htpasswd
drwxr-xr-x root/root         0 2021-04-26 08:34 usr/lib64/python3.9/site-packages/fail2ban/tests/files/config/apache-auth/digest_anon/
-rw-r--r-- root/root       231 2020-11-23 21:43 usr/lib64/python3.9/site-packages/fail2ban/tests/files/config/apache-auth/digest_anon/.htaccess
-rw-r--r-- root/root       117 2020-11-23 21:43 usr/lib64/python3.9/site-packages/fail2ban/tests/files/config/apache-auth/digest_anon/.htpasswd
drwxr-xr-x root/root         0 2021-04-26 08:34 usr/lib64/python3.9/site-packages/fail2ban/tests/files/config/apache-auth/digest_time/
-rw-r--r-- root/root       195 2020-11-23 21:43 usr/lib64/python3.9/site-packages/fail2ban/tests/files/config/apache-auth/digest_time/.htaccess
-rw-r--r-- root/root        62 2020-11-23 21:43 usr/lib64/python3.9/site-packages/fail2ban/tests/files/config/apache-auth/digest_time/.htpasswd
drwxr-xr-x root/root         0 2021-04-26 08:34 usr/lib64/python3.9/site-packages/fail2ban/tests/files/config/apache-auth/digest_wrongrelm/
-rw-r--r-- root/root       179 2020-11-23 21:43 usr/lib64/python3.9/site-packages/fail2ban/tests/files/config/apache-auth/digest_wrongrelm/.htaccess
-rw-r--r-- root/root        62 2020-11-23 21:43 usr/lib64/python3.9/site-packages/fail2ban/tests/files/config/apache-auth/digest_wrongrelm/.htpasswd
drwxr-xr-x root/root         0 2021-04-26 08:34 usr/lib64/python3.9/site-packages/fail2ban/tests/files/config/apache-auth/noentry/
-rw-r--r-- root/root        14 2020-11-23 21:43 usr/lib64/python3.9/site-packages/fail2ban/tests/files/config/apache-auth/noentry/.htaccess
-rw-r--r-- root/root     15360 2020-11-23 21:43 usr/lib64/python3.9/site-packages/fail2ban/tests/files/database_v1.db
-rw-r--r-- root/root     16384 2020-11-23 21:43 usr/lib64/python3.9/site-packages/fail2ban/tests/files/database_v2.db
drwxr-xr-x root/root         0 2021-04-26 08:34 usr/lib64/python3.9/site-packages/fail2ban/tests/files/filter.d/
-rw-r--r-- root/root       132 2020-11-23 21:43 usr/lib64/python3.9/site-packages/fail2ban/tests/files/filter.d/substition.conf
-rw-r--r-- root/root      1143 2020-11-23 21:43 usr/lib64/python3.9/site-packages/fail2ban/tests/files/filter.d/testcase-common.conf
-rw-r--r-- root/root      1709 2020-11-23 21:43 usr/lib64/python3.9/site-packages/fail2ban/tests/files/filter.d/testcase01.conf
-rw-r--r-- root/root       252 2020-11-23 21:43 usr/lib64/python3.9/site-packages/fail2ban/tests/files/filter.d/testcase02.conf
-rw-r--r-- root/root       179 2020-11-23 21:43 usr/lib64/python3.9/site-packages/fail2ban/tests/files/filter.d/testcase02.local
-rw-r--r-- root/root       188 2020-11-23 21:43 usr/lib64/python3.9/site-packages/fail2ban/tests/files/ignorecommand.py
drwxr-xr-x root/root         0 2021-04-26 08:34 usr/lib64/python3.9/site-packages/fail2ban/tests/files/logs/
-rw-r--r-- root/root       575 2020-11-23 21:43 usr/lib64/python3.9/site-packages/fail2ban/tests/files/logs/3proxy
-rw-r--r-- root/root     12805 2020-11-23 21:43 usr/lib64/python3.9/site-packages/fail2ban/tests/files/logs/apache-auth
-rw-r--r-- root/root       688 2020-11-23 21:43 usr/lib64/python3.9/site-packages/fail2ban/tests/files/logs/apache-badbots
-rw-r--r-- root/root      3750 2020-11-23 21:43 usr/lib64/python3.9/site-packages/fail2ban/tests/files/logs/apache-botsearch
-rw-r--r-- root/root       480 2020-11-23 21:43 usr/lib64/python3.9/site-packages/fail2ban/tests/files/logs/apache-fakegooglebot
-rw-r--r-- root/root      2655 2020-11-23 21:43 usr/lib64/python3.9/site-packages/fail2ban/tests/files/logs/apache-modsecurity
-rw-r--r-- root/root       406 2020-11-23 21:43 usr/lib64/python3.9/site-packages/fail2ban/tests/files/logs/apache-nohome
-rw-r--r-- root/root      2702 2020-11-23 21:43 usr/lib64/python3.9/site-packages/fail2ban/tests/files/logs/apache-noscript
-rw-r--r-- root/root      2476 2020-11-23 21:43 usr/lib64/python3.9/site-packages/fail2ban/tests/files/logs/apache-overflows
-rw-r--r-- root/root       273 2020-11-23 21:43 usr/lib64/python3.9/site-packages/fail2ban/tests/files/logs/apache-pass
-rw-r--r-- root/root       499 2020-11-23 21:43 usr/lib64/python3.9/site-packages/fail2ban/tests/files/logs/apache-shellshock
-rw-r--r-- root/root      5209 2020-11-23 21:43 usr/lib64/python3.9/site-packages/fail2ban/tests/files/logs/assp
-rw-r--r-- root/root     13683 2020-11-23 21:43 usr/lib64/python3.9/site-packages/fail2ban/tests/files/logs/asterisk
-rw-r--r-- root/root       741 2020-11-23 21:43 usr/lib64/python3.9/site-packages/fail2ban/tests/files/logs/bitwarden
drwxr-xr-x root/root         0 2021-04-26 08:34 usr/lib64/python3.9/site-packages/fail2ban/tests/files/logs/bsd/
-rw-r--r-- root/root       311 2020-11-23 21:43 usr/lib64/python3.9/site-packages/fail2ban/tests/files/logs/bsd/syslog-plain.txt
-rw-r--r-- root/root      1112 2020-11-23 21:43 usr/lib64/python3.9/site-packages/fail2ban/tests/files/logs/bsd/syslog-v.txt
-rw-r--r-- root/root       433 2020-11-23 21:43 usr/lib64/python3.9/site-packages/fail2ban/tests/files/logs/bsd/syslog-vv.txt
-rw-r--r-- root/root       252 2020-11-23 21:43 usr/lib64/python3.9/site-packages/fail2ban/tests/files/logs/centreon
-rw-r--r-- root/root       399 2020-11-23 21:43 usr/lib64/python3.9/site-packages/fail2ban/tests/files/logs/counter-strike
-rw-r--r-- root/root       874 2020-11-23 21:43 usr/lib64/python3.9/site-packages/fail2ban/tests/files/logs/courier-auth
-rw-r--r-- root/root      1735 2020-11-23 21:43 usr/lib64/python3.9/site-packages/fail2ban/tests/files/logs/courier-smtp
-rw-r--r-- root/root      2455 2020-11-23 21:43 usr/lib64/python3.9/site-packages/fail2ban/tests/files/logs/cyrus-imap
-rw-r--r-- root/root       835 2020-11-23 21:43 usr/lib64/python3.9/site-packages/fail2ban/tests/files/logs/directadmin
-rw-r--r-- root/root      1295 2020-11-23 21:43 usr/lib64/python3.9/site-packages/fail2ban/tests/files/logs/domino-smtp
-rw-r--r-- root/root     11017 2020-11-23 21:43 usr/lib64/python3.9/site-packages/fail2ban/tests/files/logs/dovecot
-rw-r--r-- root/root      1329 2020-11-23 21:43 usr/lib64/python3.9/site-packages/fail2ban/tests/files/logs/dropbear
-rw-r--r-- root/root       788 2020-11-23 21:43 usr/lib64/python3.9/site-packages/fail2ban/tests/files/logs/drupal-auth
-rw-r--r-- root/root      1490 2020-11-23 21:43 usr/lib64/python3.9/site-packages/fail2ban/tests/files/logs/ejabberd-auth
-rw-r--r-- root/root     10145 2020-11-23 21:43 usr/lib64/python3.9/site-packages/fail2ban/tests/files/logs/exim
-rw-r--r-- root/root      3462 2020-11-23 21:43 usr/lib64/python3.9/site-packages/fail2ban/tests/files/logs/exim-spam
-rw-r--r-- root/root      2390 2020-11-23 21:43 usr/lib64/python3.9/site-packages/fail2ban/tests/files/logs/freeswitch
-rw-r--r-- root/root       354 2020-11-23 21:43 usr/lib64/python3.9/site-packages/fail2ban/tests/files/logs/froxlor-auth
-rw-r--r-- root/root       392 2020-11-23 21:43 usr/lib64/python3.9/site-packages/fail2ban/tests/files/logs/gitlab
-rw-r--r-- root/root       564 2020-11-23 21:43 usr/lib64/python3.9/site-packages/fail2ban/tests/files/logs/grafana
-rw-r--r-- root/root       309 2020-11-23 21:43 usr/lib64/python3.9/site-packages/fail2ban/tests/files/logs/groupoffice
-rw-r--r-- root/root       176 2020-11-23 21:43 usr/lib64/python3.9/site-packages/fail2ban/tests/files/logs/gssftpd
-rw-r--r-- root/root      1016 2020-11-23 21:43 usr/lib64/python3.9/site-packages/fail2ban/tests/files/logs/guacamole
-rw-r--r-- root/root       943 2020-11-23 21:43 usr/lib64/python3.9/site-packages/fail2ban/tests/files/logs/haproxy-http-auth
-rw-r--r-- root/root       567 2020-11-23 21:43 usr/lib64/python3.9/site-packages/fail2ban/tests/files/logs/horde
-rw-r--r-- root/root      3304 2020-11-23 21:43 usr/lib64/python3.9/site-packages/fail2ban/tests/files/logs/kerio
-rw-r--r-- root/root       788 2020-11-23 21:43 usr/lib64/python3.9/site-packages/fail2ban/tests/files/logs/lighttpd-auth
-rw-r--r-- root/root      2053 2020-11-23 21:43 usr/lib64/python3.9/site-packages/fail2ban/tests/files/logs/mongodb-auth
-rw-r--r-- root/root      2411 2020-11-23 21:43 usr/lib64/python3.9/site-packages/fail2ban/tests/files/logs/monit
-rw-r--r-- root/root       702 2020-11-23 21:43 usr/lib64/python3.9/site-packages/fail2ban/tests/files/logs/murmur
-rw-r--r-- root/root      3696 2020-11-23 21:43 usr/lib64/python3.9/site-packages/fail2ban/tests/files/logs/mysqld-auth
-rw-r--r-- root/root       226 2020-11-23 21:43 usr/lib64/python3.9/site-packages/fail2ban/tests/files/logs/nagios
-rw-r--r-- root/root      2605 2020-11-23 21:43 usr/lib64/python3.9/site-packages/fail2ban/tests/files/logs/named-refused
-rw-r--r-- root/root      2705 2020-11-23 21:43 usr/lib64/python3.9/site-packages/fail2ban/tests/files/logs/nginx-botsearch
-rw-r--r-- root/root      1727 2020-11-23 21:43 usr/lib64/python3.9/site-packages/fail2ban/tests/files/logs/nginx-http-auth
-rw-r--r-- root/root      1171 2020-11-23 21:43 usr/lib64/python3.9/site-packages/fail2ban/tests/files/logs/nginx-limit-req
-rw-r--r-- root/root       389 2020-11-23 21:43 usr/lib64/python3.9/site-packages/fail2ban/tests/files/logs/nsd
-rw-r--r-- root/root       692 2020-11-23 21:43 usr/lib64/python3.9/site-packages/fail2ban/tests/files/logs/openhab
-rw-r--r-- root/root       615 2020-11-23 21:43 usr/lib64/python3.9/site-packages/fail2ban/tests/files/logs/openwebmail
-rw-r--r-- root/root      1843 2020-11-23 21:43 usr/lib64/python3.9/site-packages/fail2ban/tests/files/logs/oracleims
-rw-r--r-- root/root      2429 2020-11-23 21:43 usr/lib64/python3.9/site-packages/fail2ban/tests/files/logs/pam-generic
-rw-r--r-- root/root       589 2020-11-23 21:43 usr/lib64/python3.9/site-packages/fail2ban/tests/files/logs/perdition
-rw-r--r-- root/root       314 2020-11-23 21:43 usr/lib64/python3.9/site-packages/fail2ban/tests/files/logs/php-url-fopen
-rw-r--r-- root/root       177 2020-11-23 21:43 usr/lib64/python3.9/site-packages/fail2ban/tests/files/logs/phpmyadmin-syslog
-rw-r--r-- root/root       341 2020-11-23 21:43 usr/lib64/python3.9/site-packages/fail2ban/tests/files/logs/portsentry
-rw-r--r-- root/root     13300 2020-11-23 21:43 usr/lib64/python3.9/site-packages/fail2ban/tests/files/logs/postfix
-rw-r--r-- root/root      2946 2020-11-23 21:43 usr/lib64/python3.9/site-packages/fail2ban/tests/files/logs/proftpd
-rw-r--r-- root/root       195 2020-11-23 21:43 usr/lib64/python3.9/site-packages/fail2ban/tests/files/logs/pure-ftpd
-rw-r--r-- root/root       830 2020-11-23 21:43 usr/lib64/python3.9/site-packages/fail2ban/tests/files/logs/qmail
-rw-r--r-- root/root      1409 2020-11-23 21:43 usr/lib64/python3.9/site-packages/fail2ban/tests/files/logs/recidive
-rw-r--r-- root/root      5555 2020-11-23 21:43 usr/lib64/python3.9/site-packages/fail2ban/tests/files/logs/roundcube-auth
-rw-r--r-- root/root      1118 2020-11-23 21:43 usr/lib64/python3.9/site-packages/fail2ban/tests/files/logs/screensharingd
-rw-r--r-- root/root      3436 2020-11-23 21:43 usr/lib64/python3.9/site-packages/fail2ban/tests/files/logs/selinux-ssh
-rw-r--r-- root/root      2191 2020-11-23 21:43 usr/lib64/python3.9/site-packages/fail2ban/tests/files/logs/sendmail-auth
-rw-r--r-- root/root     10485 2020-11-23 21:43 usr/lib64/python3.9/site-packages/fail2ban/tests/files/logs/sendmail-reject
-rw-r--r-- root/root       535 2020-11-23 21:43 usr/lib64/python3.9/site-packages/fail2ban/tests/files/logs/sieve
-rw-r--r-- root/root      1146 2020-11-23 21:43 usr/lib64/python3.9/site-packages/fail2ban/tests/files/logs/slapd
-rw-r--r-- root/root       648 2020-11-23 21:43 usr/lib64/python3.9/site-packages/fail2ban/tests/files/logs/softethervpn
-rw-r--r-- root/root      3552 2020-11-23 21:43 usr/lib64/python3.9/site-packages/fail2ban/tests/files/logs/sogo-auth
-rw-r--r-- root/root      1626 2020-11-23 21:43 usr/lib64/python3.9/site-packages/fail2ban/tests/files/logs/solid-pop3d
-rw-r--r-- root/root       895 2020-11-23 21:43 usr/lib64/python3.9/site-packages/fail2ban/tests/files/logs/squid
-rw-r--r-- root/root       197 2020-11-23 21:43 usr/lib64/python3.9/site-packages/fail2ban/tests/files/logs/squirrelmail
-rw-r--r-- root/root     32903 2020-11-23 21:43 usr/lib64/python3.9/site-packages/fail2ban/tests/files/logs/sshd
-rw-r--r-- root/root     24396 2020-11-23 21:43 usr/lib64/python3.9/site-packages/fail2ban/tests/files/logs/sshd-journal
-rw-r--r-- root/root       267 2020-11-23 21:43 usr/lib64/python3.9/site-packages/fail2ban/tests/files/logs/stunnel
-rw-r--r-- root/root      1288 2020-11-23 21:43 usr/lib64/python3.9/site-packages/fail2ban/tests/files/logs/suhosin
-rw-r--r-- root/root       520 2020-11-23 21:43 usr/lib64/python3.9/site-packages/fail2ban/tests/files/logs/tine20
-rw-r--r-- root/root      1853 2020-11-23 21:43 usr/lib64/python3.9/site-packages/fail2ban/tests/files/logs/traefik-auth
-rw-r--r-- root/root      1545 2020-11-23 21:43 usr/lib64/python3.9/site-packages/fail2ban/tests/files/logs/uwimap-auth
-rw-r--r-- root/root      1122 2020-11-23 21:43 usr/lib64/python3.9/site-packages/fail2ban/tests/files/logs/vsftpd
-rw-r--r-- root/root       640 2020-11-23 21:43 usr/lib64/python3.9/site-packages/fail2ban/tests/files/logs/webmin-auth
-rw-r--r-- root/root       631 2020-11-23 21:43 usr/lib64/python3.9/site-packages/fail2ban/tests/files/logs/wuftpd
-rw-r--r-- root/root       331 2020-11-23 21:43 usr/lib64/python3.9/site-packages/fail2ban/tests/files/logs/xinetd-fail
-rw-r--r-- root/root       708 2020-11-23 21:43 usr/lib64/python3.9/site-packages/fail2ban/tests/files/logs/znc-adminlog
-rw-r--r-- root/root       230 2020-11-23 21:43 usr/lib64/python3.9/site-packages/fail2ban/tests/files/logs/zoneminder
-rw-r--r-- root/root      4245 2020-11-23 21:43 usr/lib64/python3.9/site-packages/fail2ban/tests/files/logs/zzz-generic-example
-rw-r--r-- root/root        36 2020-11-23 21:43 usr/lib64/python3.9/site-packages/fail2ban/tests/files/logs/zzz-sshd-obsolete-multiline
-rw-r--r-- root/root      1220 2020-11-23 21:43 usr/lib64/python3.9/site-packages/fail2ban/tests/files/testcase-journal.log
-rw-r--r-- root/root      3253 2020-11-23 21:43 usr/lib64/python3.9/site-packages/fail2ban/tests/files/testcase-multiline.log
-rw-r--r-- root/root       203 2020-11-23 21:43 usr/lib64/python3.9/site-packages/fail2ban/tests/files/testcase-usedns.log
-rw-r--r-- root/root       381 2020-11-23 21:43 usr/lib64/python3.9/site-packages/fail2ban/tests/files/testcase-wrong-char.log
-rw-r--r-- root/root      1653 2020-11-23 21:43 usr/lib64/python3.9/site-packages/fail2ban/tests/files/testcase01.log
-rw-r--r-- root/root       344 2020-11-23 21:43 usr/lib64/python3.9/site-packages/fail2ban/tests/files/testcase01a.log
-rw-r--r-- root/root      1431 2020-11-23 21:43 usr/lib64/python3.9/site-packages/fail2ban/tests/files/testcase02.log
-rw-r--r-- root/root      1396 2020-11-23 21:43 usr/lib64/python3.9/site-packages/fail2ban/tests/files/testcase03.log
-rw-r--r-- root/root       880 2020-11-23 21:43 usr/lib64/python3.9/site-packages/fail2ban/tests/files/testcase04.log
-rw-r--r-- root/root       362 2020-11-23 21:43 usr/lib64/python3.9/site-packages/fail2ban/tests/files/zzz-sshd-obsolete-multiline.log
-rw-r--r-- root/root     83036 2021-04-26 08:34 usr/lib64/python3.9/site-packages/fail2ban/tests/filtertestcase.py
-rw-r--r-- root/root     18020 2021-04-26 08:34 usr/lib64/python3.9/site-packages/fail2ban/tests/misctestcase.py
-rw-r--r-- root/root     23000 2021-04-26 08:34 usr/lib64/python3.9/site-packages/fail2ban/tests/observertestcase.py
-rw-r--r-- root/root     12512 2021-04-26 08:34 usr/lib64/python3.9/site-packages/fail2ban/tests/samplestestcase.py
-rw-r--r-- root/root     89526 2021-04-26 08:34 usr/lib64/python3.9/site-packages/fail2ban/tests/servertestcase.py
-rw-r--r-- root/root      7816 2021-04-26 08:34 usr/lib64/python3.9/site-packages/fail2ban/tests/sockettestcase.py
-rw-r--r-- root/root      7298 2020-11-23 21:43 usr/lib64/python3.9/site-packages/fail2ban/tests/tickettestcase.py
-rw-r--r-- root/root     30444 2021-04-26 08:34 usr/lib64/python3.9/site-packages/fail2ban/tests/utils.py
-rw-r--r-- root/root      1269 2020-11-23 21:43 usr/lib64/python3.9/site-packages/fail2ban/version.py
drwxr-xr-x root/root         0 2021-04-26 08:34 usr/man/
drwxr-xr-x root/root         0 2021-04-26 08:34 usr/man/man1/
-rw-r--r-- root/root      3425 2021-04-26 08:34 usr/man/man1/fail2ban-client.1.gz
-rw-r--r-- root/root      1807 2021-04-26 08:34 usr/man/man1/fail2ban-regex.1.gz
-rw-r--r-- root/root       962 2021-04-26 08:34 usr/man/man1/fail2ban-server.1.gz
-rw-r--r-- root/root      1017 2021-04-26 08:34 usr/man/man1/fail2ban.1.gz
drwxr-xr-x root/root         0 2021-04-26 08:34 usr/man/man5/
-rw-r--r-- root/root     10257 2021-04-26 08:34 usr/man/man5/jail.conf.5.gz
drwxr-xr-x root/root         0 2021-04-26 08:34 var/
drwxr-xr-x root/root         0 2021-04-26 08:34 var/lib/
drwxr-xr-x root/root         0 2021-04-26 08:34 var/lib/fail2ban/
drwxr-xr-x root/root         0 2021-04-26 08:34 var/run/
drwxr-xr-x root/root         0 2021-04-26 08:34 var/run/fail2ban/


