++========================================
||
||   Package:  ./ladspa_sdk/ladspa_sdk-1.15-x86_64-2cf.txz
||
++========================================
drwxr-xr-x root/root         0 2020-11-23 18:50 ./
drwxr-xr-x root/root         0 2020-11-23 18:50 etc/
drwxr-xr-x root/root         0 2020-11-23 18:50 etc/profile.d/
-rwxr-xr-x root/root        48 2020-11-23 18:50 etc/profile.d/ladspa.csh.new
-rwxr-xr-x root/root        49 2020-11-23 18:50 etc/profile.d/ladspa.sh.new
drwxr-xr-x root/root         0 2020-11-23 18:50 install/
-rw-r--r-- root/root       422 2020-11-23 18:50 install/doinst.sh
-rw-r--r-- root/root       829 2020-11-23 18:50 install/slack-desc
drwxr-xr-x root/root         0 2020-11-23 18:50 usr/
drwxr-xr-x root/root         0 2020-11-23 18:50 usr/bin/
-rwxr-xr-x root/root     18656 2020-11-23 18:50 usr/bin/analyseplugin
-rwxr-xr-x root/root     18680 2020-11-23 18:50 usr/bin/applyplugin
-rwxr-xr-x root/root     14512 2020-11-23 18:50 usr/bin/listplugins
drwxr-xr-x root/root         0 2020-11-23 18:50 usr/doc/
drwxr-xr-x root/root         0 2020-11-23 18:50 usr/doc/ladspa_sdk-1.15/
-rw-r--r-- root/root     26534 2019-01-06 13:27 usr/doc/ladspa_sdk-1.15/COPYING
-rw-r--r-- root/root       399 2019-01-06 13:27 usr/doc/ladspa_sdk-1.15/README
-rw-r--r-- root/root      4056 2020-11-23 18:50 usr/doc/ladspa_sdk-1.15/ladspa_sdk.SlackBuild
drwxr-xr-x root/root         0 2020-11-23 18:50 usr/include/
-rw-r--r-- root/root     27593 2020-11-23 18:50 usr/include/ladspa.h
drwxr-xr-x root/root         0 2020-11-23 18:50 usr/lib64/
drwxr-xr-x root/root         0 2020-11-23 18:50 usr/lib64/ladspa/
-rwxr-xr-x root/root     14320 2020-11-23 18:50 usr/lib64/ladspa/amp.so
-rwxr-xr-x root/root     14328 2020-11-23 18:50 usr/lib64/ladspa/delay.so
-rwxr-xr-x root/root     14336 2020-11-23 18:50 usr/lib64/ladspa/filter.so
-rwxr-xr-x root/root     14328 2020-11-23 18:50 usr/lib64/ladspa/noise.so
-rwxr-xr-x root/root     14336 2020-11-23 18:50 usr/lib64/ladspa/sine.so


