++========================================
||
||   Package:  ./ospd/ospd-21.4.3-x86_64-1cf.txz
||
++========================================
drwxr-xr-x root/root         0 2021-08-04 17:18 ./
drwxr-xr-x root/root         0 2021-08-04 17:18 install/
-rw-r--r-- root/root       898 2021-08-04 17:18 install/slack-desc
drwxr-xr-x root/root         0 2021-08-04 17:18 usr/
drwxr-xr-x root/root         0 2021-08-04 17:18 usr/doc/
drwxr-xr-x root/root         0 2021-08-04 17:18 usr/doc/ospd-21.4.3/
-rw-r--r-- root/root     14695 2021-08-04 09:13 usr/doc/ospd-21.4.3/CHANGELOG.md
-rw-r--r-- root/root     34008 2021-08-04 09:13 usr/doc/ospd-21.4.3/COPYING
-rw-r--r-- root/root      4589 2021-08-04 09:13 usr/doc/ospd-21.4.3/README.md
-rw-r--r-- root/root      3166 2021-08-04 17:18 usr/doc/ospd-21.4.3/ospd.SlackBuild
drwxr-xr-x root/root         0 2021-08-04 17:18 usr/lib64/
drwxr-xr-x root/root         0 2021-08-04 17:18 usr/lib64/python3.9/
drwxr-xr-x root/root         0 2021-08-04 17:18 usr/lib64/python3.9/site-packages/
drwxr-xr-x root/root         0 2021-08-04 17:18 usr/lib64/python3.9/site-packages/__pycache__/
-rw-r--r-- root/root      5528 2021-08-04 17:18 usr/lib64/python3.9/site-packages/__pycache__/setup.cpython-39.pyc
drwxr-xr-x root/root         0 2021-08-04 17:18 usr/lib64/python3.9/site-packages/ospd/
drwxr-xr-x root/root         0 2021-08-04 17:18 usr/lib64/python3.9/site-packages/ospd-21.4.3-py3.9.egg-info/
-rw-r--r-- root/root      4954 2021-08-04 17:18 usr/lib64/python3.9/site-packages/ospd-21.4.3-py3.9.egg-info/PKG-INFO
-rw-r--r-- root/root      1022 2021-08-04 17:18 usr/lib64/python3.9/site-packages/ospd-21.4.3-py3.9.egg-info/SOURCES.txt
-rw-r--r-- root/root         1 2021-08-04 17:18 usr/lib64/python3.9/site-packages/ospd-21.4.3-py3.9.egg-info/dependency_links.txt
-rw-r--r-- root/root       110 2021-08-04 17:18 usr/lib64/python3.9/site-packages/ospd-21.4.3-py3.9.egg-info/requires.txt
-rw-r--r-- root/root        42 2021-08-04 17:18 usr/lib64/python3.9/site-packages/ospd-21.4.3-py3.9.egg-info/top_level.txt
-rw-r--r-- root/root       842 2021-08-04 09:13 usr/lib64/python3.9/site-packages/ospd/__init__.py
drwxr-xr-x root/root         0 2021-08-04 17:18 usr/lib64/python3.9/site-packages/ospd/__pycache__/
-rw-r--r-- root/root       212 2021-08-04 17:18 usr/lib64/python3.9/site-packages/ospd/__pycache__/__init__.cpython-39.pyc
-rw-r--r-- root/root       167 2021-08-04 17:18 usr/lib64/python3.9/site-packages/ospd/__pycache__/__version__.cpython-39.pyc
-rw-r--r-- root/root      1332 2021-08-04 17:18 usr/lib64/python3.9/site-packages/ospd/__pycache__/config.cpython-39.pyc
-rw-r--r-- root/root      3801 2021-08-04 17:18 usr/lib64/python3.9/site-packages/ospd/__pycache__/cvss.cpython-39.pyc
-rw-r--r-- root/root      3873 2021-08-04 17:18 usr/lib64/python3.9/site-packages/ospd/__pycache__/datapickler.cpython-39.pyc
-rw-r--r-- root/root      1863 2021-08-04 17:18 usr/lib64/python3.9/site-packages/ospd/__pycache__/errors.cpython-39.pyc
-rw-r--r-- root/root      1857 2021-08-04 17:18 usr/lib64/python3.9/site-packages/ospd/__pycache__/logger.cpython-39.pyc
-rw-r--r-- root/root      3263 2021-08-04 17:18 usr/lib64/python3.9/site-packages/ospd/__pycache__/main.cpython-39.pyc
-rw-r--r-- root/root      3391 2021-08-04 17:18 usr/lib64/python3.9/site-packages/ospd/__pycache__/misc.cpython-39.pyc
-rw-r--r-- root/root     10523 2021-08-04 17:18 usr/lib64/python3.9/site-packages/ospd/__pycache__/network.cpython-39.pyc
-rw-r--r-- root/root     43955 2021-08-04 17:18 usr/lib64/python3.9/site-packages/ospd/__pycache__/ospd.cpython-39.pyc
-rw-r--r-- root/root      3582 2021-08-04 17:18 usr/lib64/python3.9/site-packages/ospd/__pycache__/ospd_ssh.cpython-39.pyc
-rw-r--r-- root/root      5915 2021-08-04 17:18 usr/lib64/python3.9/site-packages/ospd/__pycache__/parser.cpython-39.pyc
-rw-r--r-- root/root      8947 2021-08-04 17:18 usr/lib64/python3.9/site-packages/ospd/__pycache__/protocol.cpython-39.pyc
-rw-r--r-- root/root      3224 2021-08-04 17:18 usr/lib64/python3.9/site-packages/ospd/__pycache__/resultlist.cpython-39.pyc
-rw-r--r-- root/root     16556 2021-08-04 17:18 usr/lib64/python3.9/site-packages/ospd/__pycache__/scan.cpython-39.pyc
-rw-r--r-- root/root      9030 2021-08-04 17:18 usr/lib64/python3.9/site-packages/ospd/__pycache__/server.cpython-39.pyc
-rw-r--r-- root/root      1741 2021-08-04 17:18 usr/lib64/python3.9/site-packages/ospd/__pycache__/timer.cpython-39.pyc
-rw-r--r-- root/root      3849 2021-08-04 17:18 usr/lib64/python3.9/site-packages/ospd/__pycache__/vtfilter.cpython-39.pyc
-rw-r--r-- root/root      5086 2021-08-04 17:18 usr/lib64/python3.9/site-packages/ospd/__pycache__/vts.cpython-39.pyc
-rw-r--r-- root/root      7702 2021-08-04 17:18 usr/lib64/python3.9/site-packages/ospd/__pycache__/xml.cpython-39.pyc
-rw-r--r-- root/root       103 2021-08-04 09:13 usr/lib64/python3.9/site-packages/ospd/__version__.py
drwxr-xr-x root/root         0 2021-08-04 17:18 usr/lib64/python3.9/site-packages/ospd/command/
-rw-r--r-- root/root       855 2021-08-04 09:13 usr/lib64/python3.9/site-packages/ospd/command/__init__.py
drwxr-xr-x root/root         0 2021-08-04 17:18 usr/lib64/python3.9/site-packages/ospd/command/__pycache__/
-rw-r--r-- root/root       238 2021-08-04 17:18 usr/lib64/python3.9/site-packages/ospd/command/__pycache__/__init__.cpython-39.pyc
-rw-r--r-- root/root     16492 2021-08-04 17:18 usr/lib64/python3.9/site-packages/ospd/command/__pycache__/command.cpython-39.pyc
-rw-r--r-- root/root       989 2021-08-04 17:18 usr/lib64/python3.9/site-packages/ospd/command/__pycache__/initsubclass.cpython-39.pyc
-rw-r--r-- root/root       734 2021-08-04 17:18 usr/lib64/python3.9/site-packages/ospd/command/__pycache__/registry.cpython-39.pyc
-rw-r--r-- root/root     21740 2021-08-04 09:13 usr/lib64/python3.9/site-packages/ospd/command/command.py
-rw-r--r-- root/root      1698 2021-08-04 09:13 usr/lib64/python3.9/site-packages/ospd/command/initsubclass.py
-rw-r--r-- root/root      1141 2021-08-04 09:13 usr/lib64/python3.9/site-packages/ospd/command/registry.py
-rw-r--r-- root/root      1639 2021-08-04 09:13 usr/lib64/python3.9/site-packages/ospd/config.py
-rw-r--r-- root/root      4769 2021-08-04 09:13 usr/lib64/python3.9/site-packages/ospd/cvss.py
-rw-r--r-- root/root      4923 2021-08-04 09:13 usr/lib64/python3.9/site-packages/ospd/datapickler.py
-rw-r--r-- root/root      1882 2021-08-04 09:13 usr/lib64/python3.9/site-packages/ospd/errors.py
-rw-r--r-- root/root      2931 2021-08-04 09:13 usr/lib64/python3.9/site-packages/ospd/logger.py
-rw-r--r-- root/root      4397 2021-08-04 09:13 usr/lib64/python3.9/site-packages/ospd/main.py
-rw-r--r-- root/root      4265 2021-08-04 09:13 usr/lib64/python3.9/site-packages/ospd/misc.py
-rw-r--r-- root/root     14051 2021-08-04 09:13 usr/lib64/python3.9/site-packages/ospd/network.py
-rw-r--r-- root/root     54659 2021-08-04 09:13 usr/lib64/python3.9/site-packages/ospd/ospd.py
-rw-r--r-- root/root      5520 2021-08-04 09:13 usr/lib64/python3.9/site-packages/ospd/ospd_ssh.py
-rw-r--r-- root/root      8629 2021-08-04 09:13 usr/lib64/python3.9/site-packages/ospd/parser.py
-rw-r--r-- root/root     11406 2021-08-04 09:13 usr/lib64/python3.9/site-packages/ospd/protocol.py
-rw-r--r-- root/root      3809 2021-08-04 09:13 usr/lib64/python3.9/site-packages/ospd/resultlist.py
-rw-r--r-- root/root     20246 2021-08-04 09:13 usr/lib64/python3.9/site-packages/ospd/scan.py
-rw-r--r-- root/root      9269 2021-08-04 09:13 usr/lib64/python3.9/site-packages/ospd/server.py
-rw-r--r-- root/root      1880 2021-08-04 09:13 usr/lib64/python3.9/site-packages/ospd/timer.py
-rw-r--r-- root/root      4761 2021-08-04 09:13 usr/lib64/python3.9/site-packages/ospd/vtfilter.py
-rw-r--r-- root/root      6355 2021-08-04 09:13 usr/lib64/python3.9/site-packages/ospd/vts.py
-rw-r--r-- root/root      9307 2021-08-04 09:13 usr/lib64/python3.9/site-packages/ospd/xml.py
-rw-r--r-- root/root      5659 2021-08-04 09:14 usr/lib64/python3.9/site-packages/setup.py
drwxr-xr-x root/root         0 2021-08-04 17:18 usr/lib64/python3.9/site-packages/tests/
-rw-r--r-- root/root       753 2021-08-04 09:13 usr/lib64/python3.9/site-packages/tests/__init__.py
drwxr-xr-x root/root         0 2021-08-04 17:18 usr/lib64/python3.9/site-packages/tests/__pycache__/
-rw-r--r-- root/root       143 2021-08-04 17:18 usr/lib64/python3.9/site-packages/tests/__pycache__/__init__.cpython-39.pyc
-rw-r--r-- root/root      6613 2021-08-04 17:18 usr/lib64/python3.9/site-packages/tests/__pycache__/helper.cpython-39.pyc
-rw-r--r-- root/root      3805 2021-08-04 17:18 usr/lib64/python3.9/site-packages/tests/__pycache__/test_argument_parser.cpython-39.pyc
-rw-r--r-- root/root       922 2021-08-04 17:18 usr/lib64/python3.9/site-packages/tests/__pycache__/test_cvss.cpython-39.pyc
-rw-r--r-- root/root      3337 2021-08-04 17:18 usr/lib64/python3.9/site-packages/tests/__pycache__/test_datapickler.cpython-39.pyc
-rw-r--r-- root/root      2585 2021-08-04 17:18 usr/lib64/python3.9/site-packages/tests/__pycache__/test_errors.cpython-39.pyc
-rw-r--r-- root/root      3891 2021-08-04 17:18 usr/lib64/python3.9/site-packages/tests/__pycache__/test_port_convert.cpython-39.pyc
-rw-r--r-- root/root       679 2021-08-04 17:18 usr/lib64/python3.9/site-packages/tests/__pycache__/test_protocol.cpython-39.pyc
-rw-r--r-- root/root     36182 2021-08-04 17:18 usr/lib64/python3.9/site-packages/tests/__pycache__/test_scan_and_result.cpython-39.pyc
-rw-r--r-- root/root      5433 2021-08-04 17:18 usr/lib64/python3.9/site-packages/tests/__pycache__/test_ssh_daemon.cpython-39.pyc
-rw-r--r-- root/root      3239 2021-08-04 17:18 usr/lib64/python3.9/site-packages/tests/__pycache__/test_target_convert.cpython-39.pyc
-rw-r--r-- root/root      4984 2021-08-04 17:18 usr/lib64/python3.9/site-packages/tests/__pycache__/test_vts.cpython-39.pyc
-rw-r--r-- root/root      2891 2021-08-04 17:18 usr/lib64/python3.9/site-packages/tests/__pycache__/test_xml.cpython-39.pyc
drwxr-xr-x root/root         0 2021-08-04 17:18 usr/lib64/python3.9/site-packages/tests/command/
-rw-r--r-- root/root       753 2021-08-04 09:13 usr/lib64/python3.9/site-packages/tests/command/__init__.py
drwxr-xr-x root/root         0 2021-08-04 17:18 usr/lib64/python3.9/site-packages/tests/command/__pycache__/
-rw-r--r-- root/root       151 2021-08-04 17:18 usr/lib64/python3.9/site-packages/tests/command/__pycache__/__init__.cpython-39.pyc
-rw-r--r-- root/root      2896 2021-08-04 17:18 usr/lib64/python3.9/site-packages/tests/command/__pycache__/test_command.cpython-39.pyc
-rw-r--r-- root/root     12338 2021-08-04 17:18 usr/lib64/python3.9/site-packages/tests/command/__pycache__/test_commands.cpython-39.pyc
-rw-r--r-- root/root      1972 2021-08-04 17:18 usr/lib64/python3.9/site-packages/tests/command/__pycache__/test_registry.cpython-39.pyc
-rw-r--r-- root/root      2660 2021-08-04 09:13 usr/lib64/python3.9/site-packages/tests/command/test_command.py
-rw-r--r-- root/root     16839 2021-08-04 09:13 usr/lib64/python3.9/site-packages/tests/command/test_commands.py
-rw-r--r-- root/root      2038 2021-08-04 09:13 usr/lib64/python3.9/site-packages/tests/command/test_registry.py
-rw-r--r-- root/root      6490 2021-08-04 09:13 usr/lib64/python3.9/site-packages/tests/helper.py
-rw-r--r-- root/root      3555 2021-08-04 09:13 usr/lib64/python3.9/site-packages/tests/test_argument_parser.py
-rw-r--r-- root/root      1242 2021-08-04 09:13 usr/lib64/python3.9/site-packages/tests/test_cvss.py
-rw-r--r-- root/root      4253 2021-08-04 09:13 usr/lib64/python3.9/site-packages/tests/test_datapickler.py
-rw-r--r-- root/root      2414 2021-08-04 09:13 usr/lib64/python3.9/site-packages/tests/test_errors.py
-rw-r--r-- root/root      4631 2021-08-04 09:13 usr/lib64/python3.9/site-packages/tests/test_port_convert.py
-rw-r--r-- root/root      1085 2021-08-04 09:13 usr/lib64/python3.9/site-packages/tests/test_protocol.py
-rw-r--r-- root/root     54574 2021-08-04 09:13 usr/lib64/python3.9/site-packages/tests/test_scan_and_result.py
-rw-r--r-- root/root      5695 2021-08-04 09:13 usr/lib64/python3.9/site-packages/tests/test_ssh_daemon.py
-rw-r--r-- root/root      3877 2021-08-04 09:13 usr/lib64/python3.9/site-packages/tests/test_target_convert.py
-rw-r--r-- root/root      5213 2021-08-04 09:13 usr/lib64/python3.9/site-packages/tests/test_vts.py
-rw-r--r-- root/root      3896 2021-08-04 09:13 usr/lib64/python3.9/site-packages/tests/test_xml.py


