++========================================
||
||   Package:  ./pycrypto/pycrypto-2.6.1-x86_64-11cf.txz
||
++========================================
drwxr-xr-x root/root         0 2020-10-26 11:31 ./
drwxr-xr-x root/root         0 2020-10-26 11:31 install/
-rw-r--r-- root/root       854 2020-10-26 11:31 install/slack-desc
drwxr-xr-x root/root         0 2020-10-26 11:31 usr/
drwxr-xr-x root/root         0 2020-10-26 11:31 usr/doc/
drwxr-xr-x root/root         0 2020-10-26 11:31 usr/doc/pycrypto-2.6.1/
-rw-r--r-- root/root      1044 2012-05-24 14:55 usr/doc/pycrypto-2.6.1/ACKS
-rw-r--r-- root/root      3196 2013-10-14 23:38 usr/doc/pycrypto-2.6.1/COPYRIGHT
-rw-r--r-- root/root     24941 2013-10-14 23:38 usr/doc/pycrypto-2.6.1/ChangeLog
drwxr-xr-x root/root         0 2013-10-15 00:36 usr/doc/pycrypto-2.6.1/Doc/
-rw-r--r-- root/root       752 2013-10-14 23:38 usr/doc/pycrypto-2.6.1/Doc/epydoc-config
-rw-r--r-- root/root     52974 2013-10-14 23:38 usr/doc/pycrypto-2.6.1/Doc/pycrypt.rst
drwxr-xr-x root/root         0 2013-10-15 00:36 usr/doc/pycrypto-2.6.1/LEGAL/
-rw-r--r-- root/root       177 2012-05-24 14:55 usr/doc/pycrypto-2.6.1/LEGAL/00INDEX
-rw-r--r-- root/root      2101 2012-05-24 14:55 usr/doc/pycrypto-2.6.1/LEGAL/CodeSubmissionRequirements.txt
drwxr-xr-x root/root         0 2013-10-15 00:36 usr/doc/pycrypto-2.6.1/LEGAL/copy/
-rw-r--r-- root/root       197 2012-05-24 14:55 usr/doc/pycrypto-2.6.1/LEGAL/copy/00INDEX
-rw-r--r-- root/root        82 2012-05-24 14:55 usr/doc/pycrypto-2.6.1/LEGAL/copy/LICENSE.libtom
-rw-r--r-- root/root       693 2012-05-24 14:55 usr/doc/pycrypto-2.6.1/LEGAL/copy/LICENSE.orig
-rw-r--r-- root/root     12647 2012-05-24 14:55 usr/doc/pycrypto-2.6.1/LEGAL/copy/LICENSE.python-2.2
drwxr-xr-x root/root         0 2013-10-15 00:36 usr/doc/pycrypto-2.6.1/LEGAL/copy/stmts/
-rw-r--r-- root/root      6647 2012-05-24 14:55 usr/doc/pycrypto-2.6.1/LEGAL/copy/stmts/Andrew_M_Kuchling.mbox
-rw-r--r-- root/root      5704 2012-05-24 14:55 usr/doc/pycrypto-2.6.1/LEGAL/copy/stmts/Barry_A_Warsaw.mbox
-rw-r--r-- root/root     13348 2012-05-24 14:55 usr/doc/pycrypto-2.6.1/LEGAL/copy/stmts/Jeethu_Rao.mbox
-rw-r--r-- root/root     13470 2012-05-24 14:55 usr/doc/pycrypto-2.6.1/LEGAL/copy/stmts/Joris_Bontje.mbox
-rw-r--r-- root/root     13657 2012-05-24 14:55 usr/doc/pycrypto-2.6.1/LEGAL/copy/stmts/Mark_Moraes.mbox
-rw-r--r-- root/root      9599 2012-05-24 14:55 usr/doc/pycrypto-2.6.1/LEGAL/copy/stmts/Paul_Swartz.mbox
-rw-r--r-- root/root      1907 2012-05-24 14:55 usr/doc/pycrypto-2.6.1/LEGAL/copy/stmts/Robey_Pointer.asc
-rw-r--r-- root/root      1811 2012-05-24 14:55 usr/doc/pycrypto-2.6.1/LEGAL/copy/stmts/Wim_Lewis.asc
-rw-r--r-- root/root      5205 2012-05-24 14:55 usr/doc/pycrypto-2.6.1/LEGAL/tsu-notify.mbox
-rw-r--r-- root/root      4118 2013-10-14 23:38 usr/doc/pycrypto-2.6.1/README
-rw-r--r-- root/root       991 2012-05-24 14:55 usr/doc/pycrypto-2.6.1/TODO
-rw-r--r-- root/root      3240 2020-10-26 11:31 usr/doc/pycrypto-2.6.1/pycrypto.SlackBuild
drwxr-xr-x root/root         0 2020-10-26 11:31 usr/lib64/
drwxr-xr-x root/root         0 2020-10-26 11:31 usr/lib64/python3.9/
drwxr-xr-x root/root         0 2020-10-26 11:31 usr/lib64/python3.9/site-packages/
drwxr-xr-x root/root         0 2020-10-26 11:31 usr/lib64/python3.9/site-packages/Crypto/
drwxr-xr-x root/root         0 2020-10-26 11:31 usr/lib64/python3.9/site-packages/Crypto/Cipher/
-rw-r--r-- root/root      4218 2013-10-14 23:38 usr/lib64/python3.9/site-packages/Crypto/Cipher/AES.py
-rw-r--r-- root/root      4916 2020-10-26 11:31 usr/lib64/python3.9/site-packages/Crypto/Cipher/ARC2.py
-rw-r--r-- root/root      4265 2020-10-26 11:31 usr/lib64/python3.9/site-packages/Crypto/Cipher/ARC4.py
-rw-r--r-- root/root      4459 2020-10-26 11:31 usr/lib64/python3.9/site-packages/Crypto/Cipher/Blowfish.py
-rw-r--r-- root/root      4497 2020-10-26 11:31 usr/lib64/python3.9/site-packages/Crypto/Cipher/CAST.py
-rw-r--r-- root/root      4403 2013-10-14 23:38 usr/lib64/python3.9/site-packages/Crypto/Cipher/DES.py
-rw-r--r-- root/root      5130 2013-10-14 23:38 usr/lib64/python3.9/site-packages/Crypto/Cipher/DES3.py
-rw-r--r-- root/root      9337 2020-10-26 11:31 usr/lib64/python3.9/site-packages/Crypto/Cipher/PKCS1_OAEP.py
-rw-r--r-- root/root      9109 2020-10-26 11:31 usr/lib64/python3.9/site-packages/Crypto/Cipher/PKCS1_v1_5.py
-rw-r--r-- root/root      2736 2020-10-26 11:31 usr/lib64/python3.9/site-packages/Crypto/Cipher/XOR.py
-rwxr-xr-x root/root     44088 2020-10-26 11:31 usr/lib64/python3.9/site-packages/Crypto/Cipher/_AES.cpython-39-x86_64-linux-gnu.so
-rwxr-xr-x root/root     27704 2020-10-26 11:31 usr/lib64/python3.9/site-packages/Crypto/Cipher/_ARC2.cpython-39-x86_64-linux-gnu.so
-rwxr-xr-x root/root     15352 2020-10-26 11:31 usr/lib64/python3.9/site-packages/Crypto/Cipher/_ARC4.cpython-39-x86_64-linux-gnu.so
-rwxr-xr-x root/root     35928 2020-10-26 11:31 usr/lib64/python3.9/site-packages/Crypto/Cipher/_Blowfish.cpython-39-x86_64-linux-gnu.so
-rwxr-xr-x root/root     35896 2020-10-26 11:31 usr/lib64/python3.9/site-packages/Crypto/Cipher/_CAST.cpython-39-x86_64-linux-gnu.so
-rwxr-xr-x root/root     64568 2020-10-26 11:31 usr/lib64/python3.9/site-packages/Crypto/Cipher/_DES.cpython-39-x86_64-linux-gnu.so
-rwxr-xr-x root/root     64568 2020-10-26 11:31 usr/lib64/python3.9/site-packages/Crypto/Cipher/_DES3.cpython-39-x86_64-linux-gnu.so
-rwxr-xr-x root/root     15352 2020-10-26 11:31 usr/lib64/python3.9/site-packages/Crypto/Cipher/_XOR.cpython-39-x86_64-linux-gnu.so
-rw-r--r-- root/root      3440 2012-05-24 14:55 usr/lib64/python3.9/site-packages/Crypto/Cipher/__init__.py
drwxr-xr-x root/root         0 2020-10-26 11:31 usr/lib64/python3.9/site-packages/Crypto/Cipher/__pycache__/
-rw-r--r-- root/root      3267 2020-10-26 11:31 usr/lib64/python3.9/site-packages/Crypto/Cipher/__pycache__/AES.cpython-39.pyc
-rw-r--r-- root/root      3963 2020-10-26 11:31 usr/lib64/python3.9/site-packages/Crypto/Cipher/__pycache__/ARC2.cpython-39.pyc
-rw-r--r-- root/root      3662 2020-10-26 11:31 usr/lib64/python3.9/site-packages/Crypto/Cipher/__pycache__/ARC4.cpython-39.pyc
-rw-r--r-- root/root      3501 2020-10-26 11:31 usr/lib64/python3.9/site-packages/Crypto/Cipher/__pycache__/Blowfish.cpython-39.pyc
-rw-r--r-- root/root      3549 2020-10-26 11:31 usr/lib64/python3.9/site-packages/Crypto/Cipher/__pycache__/CAST.cpython-39.pyc
-rw-r--r-- root/root      3451 2020-10-26 11:31 usr/lib64/python3.9/site-packages/Crypto/Cipher/__pycache__/DES.cpython-39.pyc
-rw-r--r-- root/root      4179 2020-10-26 11:31 usr/lib64/python3.9/site-packages/Crypto/Cipher/__pycache__/DES3.cpython-39.pyc
-rw-r--r-- root/root      7586 2020-10-26 11:31 usr/lib64/python3.9/site-packages/Crypto/Cipher/__pycache__/PKCS1_OAEP.cpython-39.pyc
-rw-r--r-- root/root      8470 2020-10-26 11:31 usr/lib64/python3.9/site-packages/Crypto/Cipher/__pycache__/PKCS1_v1_5.cpython-39.pyc
-rw-r--r-- root/root      2130 2020-10-26 11:31 usr/lib64/python3.9/site-packages/Crypto/Cipher/__pycache__/XOR.cpython-39.pyc
-rw-r--r-- root/root      2557 2020-10-26 11:31 usr/lib64/python3.9/site-packages/Crypto/Cipher/__pycache__/__init__.cpython-39.pyc
-rw-r--r-- root/root      5421 2020-10-26 11:31 usr/lib64/python3.9/site-packages/Crypto/Cipher/__pycache__/blockalgo.cpython-39.pyc
-rw-r--r-- root/root     12596 2013-10-14 23:38 usr/lib64/python3.9/site-packages/Crypto/Cipher/blockalgo.py
drwxr-xr-x root/root         0 2020-10-26 11:31 usr/lib64/python3.9/site-packages/Crypto/Hash/
-rw-r--r-- root/root      7309 2020-10-26 11:31 usr/lib64/python3.9/site-packages/Crypto/Hash/HMAC.py
-rw-r--r-- root/root      2734 2013-10-14 23:38 usr/lib64/python3.9/site-packages/Crypto/Hash/MD2.py
-rw-r--r-- root/root      2716 2013-10-14 23:38 usr/lib64/python3.9/site-packages/Crypto/Hash/MD4.py
-rw-r--r-- root/root      2863 2013-10-14 23:38 usr/lib64/python3.9/site-packages/Crypto/Hash/MD5.py
-rw-r--r-- root/root      3005 2013-10-14 23:38 usr/lib64/python3.9/site-packages/Crypto/Hash/RIPEMD.py
-rw-r--r-- root/root      2841 2013-10-14 23:38 usr/lib64/python3.9/site-packages/Crypto/Hash/SHA.py
-rw-r--r-- root/root      2851 2013-10-14 23:38 usr/lib64/python3.9/site-packages/Crypto/Hash/SHA224.py
-rw-r--r-- root/root      2852 2013-10-14 23:38 usr/lib64/python3.9/site-packages/Crypto/Hash/SHA256.py
-rw-r--r-- root/root      2853 2013-10-14 23:38 usr/lib64/python3.9/site-packages/Crypto/Hash/SHA384.py
-rw-r--r-- root/root      2850 2013-10-14 23:38 usr/lib64/python3.9/site-packages/Crypto/Hash/SHA512.py
-rwxr-xr-x root/root     15704 2020-10-26 11:31 usr/lib64/python3.9/site-packages/Crypto/Hash/_MD2.cpython-39-x86_64-linux-gnu.so
-rwxr-xr-x root/root     15768 2020-10-26 11:31 usr/lib64/python3.9/site-packages/Crypto/Hash/_MD4.cpython-39-x86_64-linux-gnu.so
-rwxr-xr-x root/root     19800 2020-10-26 11:31 usr/lib64/python3.9/site-packages/Crypto/Hash/_RIPEMD160.cpython-39-x86_64-linux-gnu.so
-rwxr-xr-x root/root     15704 2020-10-26 11:31 usr/lib64/python3.9/site-packages/Crypto/Hash/_SHA224.cpython-39-x86_64-linux-gnu.so
-rwxr-xr-x root/root     15704 2020-10-26 11:31 usr/lib64/python3.9/site-packages/Crypto/Hash/_SHA256.cpython-39-x86_64-linux-gnu.so
-rwxr-xr-x root/root     19800 2020-10-26 11:31 usr/lib64/python3.9/site-packages/Crypto/Hash/_SHA384.cpython-39-x86_64-linux-gnu.so
-rwxr-xr-x root/root     19800 2020-10-26 11:31 usr/lib64/python3.9/site-packages/Crypto/Hash/_SHA512.cpython-39-x86_64-linux-gnu.so
-rw-r--r-- root/root      2432 2013-10-14 23:38 usr/lib64/python3.9/site-packages/Crypto/Hash/__init__.py
drwxr-xr-x root/root         0 2020-10-26 11:31 usr/lib64/python3.9/site-packages/Crypto/Hash/__pycache__/
-rw-r--r-- root/root      5600 2020-10-26 11:31 usr/lib64/python3.9/site-packages/Crypto/Hash/__pycache__/HMAC.cpython-39.pyc
-rw-r--r-- root/root      1828 2020-10-26 11:31 usr/lib64/python3.9/site-packages/Crypto/Hash/__pycache__/MD2.cpython-39.pyc
-rw-r--r-- root/root      1815 2020-10-26 11:31 usr/lib64/python3.9/site-packages/Crypto/Hash/__pycache__/MD4.cpython-39.pyc
-rw-r--r-- root/root      1849 2020-10-26 11:31 usr/lib64/python3.9/site-packages/Crypto/Hash/__pycache__/MD5.cpython-39.pyc
-rw-r--r-- root/root      2049 2020-10-26 11:31 usr/lib64/python3.9/site-packages/Crypto/Hash/__pycache__/RIPEMD.cpython-39.pyc
-rw-r--r-- root/root      1827 2020-10-26 11:31 usr/lib64/python3.9/site-packages/Crypto/Hash/__pycache__/SHA.cpython-39.pyc
-rw-r--r-- root/root      1873 2020-10-26 11:31 usr/lib64/python3.9/site-packages/Crypto/Hash/__pycache__/SHA224.cpython-39.pyc
-rw-r--r-- root/root      1873 2020-10-26 11:31 usr/lib64/python3.9/site-packages/Crypto/Hash/__pycache__/SHA256.cpython-39.pyc
-rw-r--r-- root/root      1873 2020-10-26 11:31 usr/lib64/python3.9/site-packages/Crypto/Hash/__pycache__/SHA384.cpython-39.pyc
-rw-r--r-- root/root      1873 2020-10-26 11:31 usr/lib64/python3.9/site-packages/Crypto/Hash/__pycache__/SHA512.cpython-39.pyc
-rw-r--r-- root/root      1582 2020-10-26 11:31 usr/lib64/python3.9/site-packages/Crypto/Hash/__pycache__/__init__.cpython-39.pyc
-rw-r--r-- root/root      3447 2020-10-26 11:31 usr/lib64/python3.9/site-packages/Crypto/Hash/__pycache__/hashalgo.cpython-39.pyc
-rw-r--r-- root/root      3984 2013-10-14 23:38 usr/lib64/python3.9/site-packages/Crypto/Hash/hashalgo.py
drwxr-xr-x root/root         0 2020-10-26 11:31 usr/lib64/python3.9/site-packages/Crypto/Protocol/
-rw-r--r-- root/root     11959 2020-10-26 11:31 usr/lib64/python3.9/site-packages/Crypto/Protocol/AllOrNothing.py
-rw-r--r-- root/root     10280 2020-10-26 11:31 usr/lib64/python3.9/site-packages/Crypto/Protocol/Chaffing.py
-rw-r--r-- root/root      5069 2020-10-26 11:31 usr/lib64/python3.9/site-packages/Crypto/Protocol/KDF.py
-rw-r--r-- root/root      1573 2012-05-24 14:55 usr/lib64/python3.9/site-packages/Crypto/Protocol/__init__.py
drwxr-xr-x root/root         0 2020-10-26 11:31 usr/lib64/python3.9/site-packages/Crypto/Protocol/__pycache__/
-rw-r--r-- root/root      6972 2020-10-26 11:31 usr/lib64/python3.9/site-packages/Crypto/Protocol/__pycache__/AllOrNothing.cpython-39.pyc
-rw-r--r-- root/root      7984 2020-10-26 11:31 usr/lib64/python3.9/site-packages/Crypto/Protocol/__pycache__/Chaffing.cpython-39.pyc
-rw-r--r-- root/root      4221 2020-10-26 11:31 usr/lib64/python3.9/site-packages/Crypto/Protocol/__pycache__/KDF.cpython-39.pyc
-rw-r--r-- root/root       754 2020-10-26 11:31 usr/lib64/python3.9/site-packages/Crypto/Protocol/__pycache__/__init__.cpython-39.pyc
drwxr-xr-x root/root         0 2020-10-26 11:31 usr/lib64/python3.9/site-packages/Crypto/PublicKey/
-rw-r--r-- root/root     13689 2020-10-26 11:31 usr/lib64/python3.9/site-packages/Crypto/PublicKey/DSA.py
-rw-r--r-- root/root     13212 2013-10-14 23:38 usr/lib64/python3.9/site-packages/Crypto/PublicKey/ElGamal.py
-rw-r--r-- root/root     29893 2020-10-26 11:31 usr/lib64/python3.9/site-packages/Crypto/PublicKey/RSA.py
-rw-r--r-- root/root      3470 2020-10-26 11:31 usr/lib64/python3.9/site-packages/Crypto/PublicKey/_DSA.py
-rw-r--r-- root/root      2760 2020-10-26 11:31 usr/lib64/python3.9/site-packages/Crypto/PublicKey/_RSA.py
-rw-r--r-- root/root      1876 2013-10-14 23:38 usr/lib64/python3.9/site-packages/Crypto/PublicKey/__init__.py
drwxr-xr-x root/root         0 2020-10-26 11:31 usr/lib64/python3.9/site-packages/Crypto/PublicKey/__pycache__/
-rw-r--r-- root/root     12533 2020-10-26 11:31 usr/lib64/python3.9/site-packages/Crypto/PublicKey/__pycache__/DSA.cpython-39.pyc
-rw-r--r-- root/root     11698 2020-10-26 11:31 usr/lib64/python3.9/site-packages/Crypto/PublicKey/__pycache__/ElGamal.cpython-39.pyc
-rw-r--r-- root/root     23414 2020-10-26 11:31 usr/lib64/python3.9/site-packages/Crypto/PublicKey/__pycache__/RSA.cpython-39.pyc
-rw-r--r-- root/root      2501 2020-10-26 11:31 usr/lib64/python3.9/site-packages/Crypto/PublicKey/__pycache__/_DSA.cpython-39.pyc
-rw-r--r-- root/root      1516 2020-10-26 11:31 usr/lib64/python3.9/site-packages/Crypto/PublicKey/__pycache__/_RSA.cpython-39.pyc
-rw-r--r-- root/root      1057 2020-10-26 11:31 usr/lib64/python3.9/site-packages/Crypto/PublicKey/__pycache__/__init__.cpython-39.pyc
-rw-r--r-- root/root      4501 2020-10-26 11:31 usr/lib64/python3.9/site-packages/Crypto/PublicKey/__pycache__/_slowmath.cpython-39.pyc
-rw-r--r-- root/root      7271 2020-10-26 11:31 usr/lib64/python3.9/site-packages/Crypto/PublicKey/__pycache__/pubkey.cpython-39.pyc
-rwxr-xr-x root/root     73792 2020-10-26 11:31 usr/lib64/python3.9/site-packages/Crypto/PublicKey/_fastmath.cpython-39-x86_64-linux-gnu.so
-rw-r--r-- root/root      6409 2020-10-26 11:31 usr/lib64/python3.9/site-packages/Crypto/PublicKey/_slowmath.py
-rw-r--r-- root/root      8088 2020-10-26 11:31 usr/lib64/python3.9/site-packages/Crypto/PublicKey/pubkey.py
drwxr-xr-x root/root         0 2020-10-26 11:31 usr/lib64/python3.9/site-packages/Crypto/Random/
drwxr-xr-x root/root         0 2020-10-26 11:31 usr/lib64/python3.9/site-packages/Crypto/Random/Fortuna/
-rw-r--r-- root/root      6788 2020-10-26 11:31 usr/lib64/python3.9/site-packages/Crypto/Random/Fortuna/FortunaAccumulator.py
-rw-r--r-- root/root      5270 2020-10-26 11:31 usr/lib64/python3.9/site-packages/Crypto/Random/Fortuna/FortunaGenerator.py
-rw-r--r-- root/root      3098 2012-05-24 14:55 usr/lib64/python3.9/site-packages/Crypto/Random/Fortuna/SHAd256.py
-rw-r--r-- root/root         0 2012-05-24 14:55 usr/lib64/python3.9/site-packages/Crypto/Random/Fortuna/__init__.py
drwxr-xr-x root/root         0 2020-10-26 11:31 usr/lib64/python3.9/site-packages/Crypto/Random/Fortuna/__pycache__/
-rw-r--r-- root/root      4404 2020-10-26 11:31 usr/lib64/python3.9/site-packages/Crypto/Random/Fortuna/__pycache__/FortunaAccumulator.cpython-39.pyc
-rw-r--r-- root/root      3253 2020-10-26 11:31 usr/lib64/python3.9/site-packages/Crypto/Random/Fortuna/__pycache__/FortunaGenerator.cpython-39.pyc
-rw-r--r-- root/root      2227 2020-10-26 11:31 usr/lib64/python3.9/site-packages/Crypto/Random/Fortuna/__pycache__/SHAd256.cpython-39.pyc
-rw-r--r-- root/root       159 2020-10-26 11:31 usr/lib64/python3.9/site-packages/Crypto/Random/Fortuna/__pycache__/__init__.cpython-39.pyc
drwxr-xr-x root/root         0 2020-10-26 11:31 usr/lib64/python3.9/site-packages/Crypto/Random/OSRNG/
-rw-r--r-- root/root      1542 2012-05-24 14:55 usr/lib64/python3.9/site-packages/Crypto/Random/OSRNG/__init__.py
drwxr-xr-x root/root         0 2020-10-26 11:31 usr/lib64/python3.9/site-packages/Crypto/Random/OSRNG/__pycache__/
-rw-r--r-- root/root       578 2020-10-26 11:31 usr/lib64/python3.9/site-packages/Crypto/Random/OSRNG/__pycache__/__init__.cpython-39.pyc
-rw-r--r-- root/root       884 2020-10-26 11:31 usr/lib64/python3.9/site-packages/Crypto/Random/OSRNG/__pycache__/fallback.cpython-39.pyc
-rw-r--r-- root/root      1543 2020-10-26 11:31 usr/lib64/python3.9/site-packages/Crypto/Random/OSRNG/__pycache__/posix.cpython-39.pyc
-rw-r--r-- root/root      2318 2020-10-26 11:31 usr/lib64/python3.9/site-packages/Crypto/Random/OSRNG/__pycache__/rng_base.cpython-39.pyc
-rw-r--r-- root/root      1521 2020-10-26 11:31 usr/lib64/python3.9/site-packages/Crypto/Random/OSRNG/fallback.py
-rw-r--r-- root/root      2838 2020-10-26 11:31 usr/lib64/python3.9/site-packages/Crypto/Random/OSRNG/posix.py
-rw-r--r-- root/root      2867 2020-10-26 11:31 usr/lib64/python3.9/site-packages/Crypto/Random/OSRNG/rng_base.py
-rw-r--r-- root/root      7621 2020-10-26 11:31 usr/lib64/python3.9/site-packages/Crypto/Random/_UserFriendlyRNG.py
-rw-r--r-- root/root      1669 2012-05-24 14:55 usr/lib64/python3.9/site-packages/Crypto/Random/__init__.py
drwxr-xr-x root/root         0 2020-10-26 11:31 usr/lib64/python3.9/site-packages/Crypto/Random/__pycache__/
-rw-r--r-- root/root      6267 2020-10-26 11:31 usr/lib64/python3.9/site-packages/Crypto/Random/__pycache__/_UserFriendlyRNG.cpython-39.pyc
-rw-r--r-- root/root       827 2020-10-26 11:31 usr/lib64/python3.9/site-packages/Crypto/Random/__pycache__/__init__.cpython-39.pyc
-rw-r--r-- root/root      3538 2020-10-26 11:31 usr/lib64/python3.9/site-packages/Crypto/Random/__pycache__/random.cpython-39.pyc
-rw-r--r-- root/root      5235 2020-10-26 11:31 usr/lib64/python3.9/site-packages/Crypto/Random/random.py
drwxr-xr-x root/root         0 2020-10-26 11:31 usr/lib64/python3.9/site-packages/Crypto/SelfTest/
drwxr-xr-x root/root         0 2020-10-26 11:31 usr/lib64/python3.9/site-packages/Crypto/SelfTest/Cipher/
-rw-r--r-- root/root      2401 2012-05-24 14:55 usr/lib64/python3.9/site-packages/Crypto/SelfTest/Cipher/__init__.py
drwxr-xr-x root/root         0 2020-10-26 11:31 usr/lib64/python3.9/site-packages/Crypto/SelfTest/Cipher/__pycache__/
-rw-r--r-- root/root      1155 2020-10-26 11:31 usr/lib64/python3.9/site-packages/Crypto/SelfTest/Cipher/__pycache__/__init__.cpython-39.pyc
-rw-r--r-- root/root     11536 2020-10-26 11:31 usr/lib64/python3.9/site-packages/Crypto/SelfTest/Cipher/__pycache__/common.cpython-39.pyc
-rw-r--r-- root/root     55065 2020-10-26 11:31 usr/lib64/python3.9/site-packages/Crypto/SelfTest/Cipher/__pycache__/test_AES.cpython-39.pyc
-rw-r--r-- root/root      2908 2020-10-26 11:31 usr/lib64/python3.9/site-packages/Crypto/SelfTest/Cipher/__pycache__/test_ARC2.cpython-39.pyc
-rw-r--r-- root/root      3072 2020-10-26 11:31 usr/lib64/python3.9/site-packages/Crypto/SelfTest/Cipher/__pycache__/test_ARC4.cpython-39.pyc
-rw-r--r-- root/root      3638 2020-10-26 11:31 usr/lib64/python3.9/site-packages/Crypto/SelfTest/Cipher/__pycache__/test_Blowfish.cpython-39.pyc
-rw-r--r-- root/root       952 2020-10-26 11:31 usr/lib64/python3.9/site-packages/Crypto/SelfTest/Cipher/__pycache__/test_CAST.cpython-39.pyc
-rw-r--r-- root/root     11579 2020-10-26 11:31 usr/lib64/python3.9/site-packages/Crypto/SelfTest/Cipher/__pycache__/test_DES.cpython-39.pyc
-rw-r--r-- root/root     12899 2020-10-26 11:31 usr/lib64/python3.9/site-packages/Crypto/SelfTest/Cipher/__pycache__/test_DES3.cpython-39.pyc
-rw-r--r-- root/root      1691 2020-10-26 11:31 usr/lib64/python3.9/site-packages/Crypto/SelfTest/Cipher/__pycache__/test_XOR.cpython-39.pyc
-rw-r--r-- root/root      6170 2020-10-26 11:31 usr/lib64/python3.9/site-packages/Crypto/SelfTest/Cipher/__pycache__/test_pkcs1_15.cpython-39.pyc
-rw-r--r-- root/root     13856 2020-10-26 11:31 usr/lib64/python3.9/site-packages/Crypto/SelfTest/Cipher/__pycache__/test_pkcs1_oaep.cpython-39.pyc
-rw-r--r-- root/root     16568 2020-10-26 11:31 usr/lib64/python3.9/site-packages/Crypto/SelfTest/Cipher/common.py
-rw-r--r-- root/root     79977 2020-10-26 11:31 usr/lib64/python3.9/site-packages/Crypto/SelfTest/Cipher/test_AES.py
-rw-r--r-- root/root      4947 2020-10-26 11:31 usr/lib64/python3.9/site-packages/Crypto/SelfTest/Cipher/test_ARC2.py
-rw-r--r-- root/root      3547 2020-10-26 11:31 usr/lib64/python3.9/site-packages/Crypto/SelfTest/Cipher/test_ARC4.py
-rw-r--r-- root/root      5833 2020-10-26 11:31 usr/lib64/python3.9/site-packages/Crypto/SelfTest/Cipher/test_Blowfish.py
-rw-r--r-- root/root      1978 2020-10-26 11:31 usr/lib64/python3.9/site-packages/Crypto/SelfTest/Cipher/test_CAST.py
-rw-r--r-- root/root     15011 2020-10-26 11:31 usr/lib64/python3.9/site-packages/Crypto/SelfTest/Cipher/test_DES.py
-rw-r--r-- root/root     15560 2020-10-26 11:31 usr/lib64/python3.9/site-packages/Crypto/SelfTest/Cipher/test_DES3.py
-rw-r--r-- root/root      2539 2020-10-26 11:31 usr/lib64/python3.9/site-packages/Crypto/SelfTest/Cipher/test_XOR.py
-rw-r--r-- root/root      7342 2020-10-26 11:31 usr/lib64/python3.9/site-packages/Crypto/SelfTest/Cipher/test_pkcs1_15.py
-rw-r--r-- root/root     17253 2020-10-26 11:31 usr/lib64/python3.9/site-packages/Crypto/SelfTest/Cipher/test_pkcs1_oaep.py
drwxr-xr-x root/root         0 2020-10-26 11:31 usr/lib64/python3.9/site-packages/Crypto/SelfTest/Hash/
-rw-r--r-- root/root      2518 2013-10-14 23:38 usr/lib64/python3.9/site-packages/Crypto/SelfTest/Hash/__init__.py
drwxr-xr-x root/root         0 2020-10-26 11:31 usr/lib64/python3.9/site-packages/Crypto/SelfTest/Hash/__pycache__/
-rw-r--r-- root/root      1314 2020-10-26 11:31 usr/lib64/python3.9/site-packages/Crypto/SelfTest/Hash/__pycache__/__init__.cpython-39.pyc
-rw-r--r-- root/root      4947 2020-10-26 11:31 usr/lib64/python3.9/site-packages/Crypto/SelfTest/Hash/__pycache__/common.cpython-39.pyc
-rw-r--r-- root/root      5427 2020-10-26 11:31 usr/lib64/python3.9/site-packages/Crypto/SelfTest/Hash/__pycache__/test_HMAC.cpython-39.pyc
-rw-r--r-- root/root      1313 2020-10-26 11:31 usr/lib64/python3.9/site-packages/Crypto/SelfTest/Hash/__pycache__/test_MD2.cpython-39.pyc
-rw-r--r-- root/root      1313 2020-10-26 11:31 usr/lib64/python3.9/site-packages/Crypto/SelfTest/Hash/__pycache__/test_MD4.cpython-39.pyc
-rw-r--r-- root/root      1313 2020-10-26 11:31 usr/lib64/python3.9/site-packages/Crypto/SelfTest/Hash/__pycache__/test_MD5.cpython-39.pyc
-rw-r--r-- root/root      1544 2020-10-26 11:31 usr/lib64/python3.9/site-packages/Crypto/SelfTest/Hash/__pycache__/test_RIPEMD.cpython-39.pyc
-rw-r--r-- root/root      1652 2020-10-26 11:31 usr/lib64/python3.9/site-packages/Crypto/SelfTest/Hash/__pycache__/test_SHA.cpython-39.pyc
-rw-r--r-- root/root      1368 2020-10-26 11:31 usr/lib64/python3.9/site-packages/Crypto/SelfTest/Hash/__pycache__/test_SHA224.cpython-39.pyc
-rw-r--r-- root/root      2226 2020-10-26 11:31 usr/lib64/python3.9/site-packages/Crypto/SelfTest/Hash/__pycache__/test_SHA256.cpython-39.pyc
-rw-r--r-- root/root      1499 2020-10-26 11:31 usr/lib64/python3.9/site-packages/Crypto/SelfTest/Hash/__pycache__/test_SHA384.cpython-39.pyc
-rw-r--r-- root/root      1659 2020-10-26 11:31 usr/lib64/python3.9/site-packages/Crypto/SelfTest/Hash/__pycache__/test_SHA512.cpython-39.pyc
-rw-r--r-- root/root      7076 2020-10-26 11:31 usr/lib64/python3.9/site-packages/Crypto/SelfTest/Hash/common.py
-rw-r--r-- root/root      8199 2020-10-26 11:31 usr/lib64/python3.9/site-packages/Crypto/SelfTest/Hash/test_HMAC.py
-rw-r--r-- root/root      2369 2020-10-26 11:31 usr/lib64/python3.9/site-packages/Crypto/SelfTest/Hash/test_MD2.py
-rw-r--r-- root/root      2369 2020-10-26 11:31 usr/lib64/python3.9/site-packages/Crypto/SelfTest/Hash/test_MD4.py
-rw-r--r-- root/root      2369 2020-10-26 11:31 usr/lib64/python3.9/site-packages/Crypto/SelfTest/Hash/test_MD5.py
-rw-r--r-- root/root      2686 2020-10-26 11:31 usr/lib64/python3.9/site-packages/Crypto/SelfTest/Hash/test_RIPEMD.py
-rw-r--r-- root/root      2312 2020-10-26 11:31 usr/lib64/python3.9/site-packages/Crypto/SelfTest/Hash/test_SHA.py
-rw-r--r-- root/root      2582 2020-10-26 11:31 usr/lib64/python3.9/site-packages/Crypto/SelfTest/Hash/test_SHA224.py
-rw-r--r-- root/root      3662 2020-10-26 11:31 usr/lib64/python3.9/site-packages/Crypto/SelfTest/Hash/test_SHA256.py
-rw-r--r-- root/root      2763 2020-10-26 11:31 usr/lib64/python3.9/site-packages/Crypto/SelfTest/Hash/test_SHA384.py
-rw-r--r-- root/root      2850 2020-10-26 11:31 usr/lib64/python3.9/site-packages/Crypto/SelfTest/Hash/test_SHA512.py
drwxr-xr-x root/root         0 2020-10-26 11:31 usr/lib64/python3.9/site-packages/Crypto/SelfTest/Protocol/
-rw-r--r-- root/root      1751 2012-05-24 14:55 usr/lib64/python3.9/site-packages/Crypto/SelfTest/Protocol/__init__.py
drwxr-xr-x root/root         0 2020-10-26 11:31 usr/lib64/python3.9/site-packages/Crypto/SelfTest/Protocol/__pycache__/
-rw-r--r-- root/root       793 2020-10-26 11:31 usr/lib64/python3.9/site-packages/Crypto/SelfTest/Protocol/__pycache__/__init__.cpython-39.pyc
-rw-r--r-- root/root      2110 2020-10-26 11:31 usr/lib64/python3.9/site-packages/Crypto/SelfTest/Protocol/__pycache__/test_AllOrNothing.cpython-39.pyc
-rw-r--r-- root/root      2533 2020-10-26 11:31 usr/lib64/python3.9/site-packages/Crypto/SelfTest/Protocol/__pycache__/test_KDF.cpython-39.pyc
-rw-r--r-- root/root      2187 2020-10-26 11:31 usr/lib64/python3.9/site-packages/Crypto/SelfTest/Protocol/__pycache__/test_chaffing.cpython-39.pyc
-rw-r--r-- root/root      1569 2020-10-26 11:31 usr/lib64/python3.9/site-packages/Crypto/SelfTest/Protocol/__pycache__/test_rfc1751.cpython-39.pyc
-rw-r--r-- root/root      3024 2012-05-24 14:55 usr/lib64/python3.9/site-packages/Crypto/SelfTest/Protocol/test_AllOrNothing.py
-rw-r--r-- root/root      3827 2020-10-26 11:31 usr/lib64/python3.9/site-packages/Crypto/SelfTest/Protocol/test_KDF.py
-rw-r--r-- root/root      2972 2012-05-24 14:55 usr/lib64/python3.9/site-packages/Crypto/SelfTest/Protocol/test_chaffing.py
-rw-r--r-- root/root      2208 2012-05-24 14:55 usr/lib64/python3.9/site-packages/Crypto/SelfTest/Protocol/test_rfc1751.py
drwxr-xr-x root/root         0 2020-10-26 11:31 usr/lib64/python3.9/site-packages/Crypto/SelfTest/PublicKey/
-rw-r--r-- root/root      1842 2013-10-14 23:38 usr/lib64/python3.9/site-packages/Crypto/SelfTest/PublicKey/__init__.py
drwxr-xr-x root/root         0 2020-10-26 11:31 usr/lib64/python3.9/site-packages/Crypto/SelfTest/PublicKey/__pycache__/
-rw-r--r-- root/root       855 2020-10-26 11:31 usr/lib64/python3.9/site-packages/Crypto/SelfTest/PublicKey/__pycache__/__init__.cpython-39.pyc
-rw-r--r-- root/root      8796 2020-10-26 11:31 usr/lib64/python3.9/site-packages/Crypto/SelfTest/PublicKey/__pycache__/test_DSA.cpython-39.pyc
-rw-r--r-- root/root      7107 2020-10-26 11:31 usr/lib64/python3.9/site-packages/Crypto/SelfTest/PublicKey/__pycache__/test_ElGamal.cpython-39.pyc
-rw-r--r-- root/root     13696 2020-10-26 11:31 usr/lib64/python3.9/site-packages/Crypto/SelfTest/PublicKey/__pycache__/test_RSA.cpython-39.pyc
-rw-r--r-- root/root     14449 2020-10-26 11:31 usr/lib64/python3.9/site-packages/Crypto/SelfTest/PublicKey/__pycache__/test_importKey.cpython-39.pyc
-rw-r--r-- root/root      9861 2012-05-24 14:55 usr/lib64/python3.9/site-packages/Crypto/SelfTest/PublicKey/test_DSA.py
-rw-r--r-- root/root      8511 2020-10-26 11:31 usr/lib64/python3.9/site-packages/Crypto/SelfTest/PublicKey/test_ElGamal.py
-rw-r--r-- root/root     16563 2020-10-26 11:31 usr/lib64/python3.9/site-packages/Crypto/SelfTest/PublicKey/test_RSA.py
-rw-r--r-- root/root     14907 2020-10-26 11:31 usr/lib64/python3.9/site-packages/Crypto/SelfTest/PublicKey/test_importKey.py
drwxr-xr-x root/root         0 2020-10-26 11:31 usr/lib64/python3.9/site-packages/Crypto/SelfTest/Random/
drwxr-xr-x root/root         0 2020-10-26 11:31 usr/lib64/python3.9/site-packages/Crypto/SelfTest/Random/Fortuna/
-rw-r--r-- root/root      1825 2012-05-24 14:55 usr/lib64/python3.9/site-packages/Crypto/SelfTest/Random/Fortuna/__init__.py
drwxr-xr-x root/root         0 2020-10-26 11:31 usr/lib64/python3.9/site-packages/Crypto/SelfTest/Random/Fortuna/__pycache__/
-rw-r--r-- root/root       851 2020-10-26 11:31 usr/lib64/python3.9/site-packages/Crypto/SelfTest/Random/Fortuna/__pycache__/__init__.cpython-39.pyc
-rw-r--r-- root/root      4416 2020-10-26 11:31 usr/lib64/python3.9/site-packages/Crypto/SelfTest/Random/Fortuna/__pycache__/test_FortunaAccumulator.cpython-39.pyc
-rw-r--r-- root/root      2141 2020-10-26 11:31 usr/lib64/python3.9/site-packages/Crypto/SelfTest/Random/Fortuna/__pycache__/test_FortunaGenerator.cpython-39.pyc
-rw-r--r-- root/root      1102 2020-10-26 11:31 usr/lib64/python3.9/site-packages/Crypto/SelfTest/Random/Fortuna/__pycache__/test_SHAd256.cpython-39.pyc
-rw-r--r-- root/root      8655 2020-10-26 11:31 usr/lib64/python3.9/site-packages/Crypto/SelfTest/Random/Fortuna/test_FortunaAccumulator.py
-rw-r--r-- root/root      3506 2012-05-24 14:55 usr/lib64/python3.9/site-packages/Crypto/SelfTest/Random/Fortuna/test_FortunaGenerator.py
-rw-r--r-- root/root      2419 2012-05-24 14:55 usr/lib64/python3.9/site-packages/Crypto/SelfTest/Random/Fortuna/test_SHAd256.py
drwxr-xr-x root/root         0 2020-10-26 11:31 usr/lib64/python3.9/site-packages/Crypto/SelfTest/Random/OSRNG/
-rw-r--r-- root/root      2082 2012-05-24 14:55 usr/lib64/python3.9/site-packages/Crypto/SelfTest/Random/OSRNG/__init__.py
drwxr-xr-x root/root         0 2020-10-26 11:31 usr/lib64/python3.9/site-packages/Crypto/SelfTest/Random/OSRNG/__pycache__/
-rw-r--r-- root/root      1007 2020-10-26 11:31 usr/lib64/python3.9/site-packages/Crypto/SelfTest/Random/OSRNG/__pycache__/__init__.cpython-39.pyc
-rw-r--r-- root/root      1096 2020-10-26 11:31 usr/lib64/python3.9/site-packages/Crypto/SelfTest/Random/OSRNG/__pycache__/test_fallback.cpython-39.pyc
-rw-r--r-- root/root      1056 2020-10-26 11:31 usr/lib64/python3.9/site-packages/Crypto/SelfTest/Random/OSRNG/__pycache__/test_generic.cpython-39.pyc
-rw-r--r-- root/root      1066 2020-10-26 11:31 usr/lib64/python3.9/site-packages/Crypto/SelfTest/Random/OSRNG/__pycache__/test_nt.cpython-39.pyc
-rw-r--r-- root/root      1081 2020-10-26 11:31 usr/lib64/python3.9/site-packages/Crypto/SelfTest/Random/OSRNG/__pycache__/test_posix.cpython-39.pyc
-rw-r--r-- root/root      1077 2020-10-26 11:31 usr/lib64/python3.9/site-packages/Crypto/SelfTest/Random/OSRNG/__pycache__/test_winrandom.cpython-39.pyc
-rw-r--r-- root/root      1795 2012-05-24 14:55 usr/lib64/python3.9/site-packages/Crypto/SelfTest/Random/OSRNG/test_fallback.py
-rw-r--r-- root/root      1746 2012-05-24 14:55 usr/lib64/python3.9/site-packages/Crypto/SelfTest/Random/OSRNG/test_generic.py
-rw-r--r-- root/root      1764 2012-05-24 14:55 usr/lib64/python3.9/site-packages/Crypto/SelfTest/Random/OSRNG/test_nt.py
-rw-r--r-- root/root      1777 2012-05-24 14:55 usr/lib64/python3.9/site-packages/Crypto/SelfTest/Random/OSRNG/test_posix.py
-rw-r--r-- root/root      1777 2012-05-24 14:55 usr/lib64/python3.9/site-packages/Crypto/SelfTest/Random/OSRNG/test_winrandom.py
-rw-r--r-- root/root      1973 2013-10-14 23:38 usr/lib64/python3.9/site-packages/Crypto/SelfTest/Random/__init__.py
drwxr-xr-x root/root         0 2020-10-26 11:31 usr/lib64/python3.9/site-packages/Crypto/SelfTest/Random/__pycache__/
-rw-r--r-- root/root       904 2020-10-26 11:31 usr/lib64/python3.9/site-packages/Crypto/SelfTest/Random/__pycache__/__init__.cpython-39.pyc
-rw-r--r-- root/root      4031 2020-10-26 11:31 usr/lib64/python3.9/site-packages/Crypto/SelfTest/Random/__pycache__/test__UserFriendlyRNG.cpython-39.pyc
-rw-r--r-- root/root      3302 2020-10-26 11:31 usr/lib64/python3.9/site-packages/Crypto/SelfTest/Random/__pycache__/test_random.cpython-39.pyc
-rw-r--r-- root/root      1298 2020-10-26 11:31 usr/lib64/python3.9/site-packages/Crypto/SelfTest/Random/__pycache__/test_rpoolcompat.cpython-39.pyc
-rw-r--r-- root/root      5672 2020-10-26 11:31 usr/lib64/python3.9/site-packages/Crypto/SelfTest/Random/test__UserFriendlyRNG.py
-rw-r--r-- root/root      7129 2020-10-26 11:31 usr/lib64/python3.9/site-packages/Crypto/SelfTest/Random/test_random.py
-rw-r--r-- root/root      2030 2012-05-24 14:55 usr/lib64/python3.9/site-packages/Crypto/SelfTest/Random/test_rpoolcompat.py
drwxr-xr-x root/root         0 2020-10-26 11:31 usr/lib64/python3.9/site-packages/Crypto/SelfTest/Signature/
-rw-r--r-- root/root      1528 2020-10-26 11:31 usr/lib64/python3.9/site-packages/Crypto/SelfTest/Signature/__init__.py
drwxr-xr-x root/root         0 2020-10-26 11:31 usr/lib64/python3.9/site-packages/Crypto/SelfTest/Signature/__pycache__/
-rw-r--r-- root/root       727 2020-10-26 11:31 usr/lib64/python3.9/site-packages/Crypto/SelfTest/Signature/__pycache__/__init__.cpython-39.pyc
-rw-r--r-- root/root      6894 2020-10-26 11:31 usr/lib64/python3.9/site-packages/Crypto/SelfTest/Signature/__pycache__/test_pkcs1_15.cpython-39.pyc
-rw-r--r-- root/root     14920 2020-10-26 11:31 usr/lib64/python3.9/site-packages/Crypto/SelfTest/Signature/__pycache__/test_pkcs1_pss.cpython-39.pyc
-rw-r--r-- root/root      9471 2020-10-26 11:31 usr/lib64/python3.9/site-packages/Crypto/SelfTest/Signature/test_pkcs1_15.py
-rw-r--r-- root/root     20565 2020-10-26 11:31 usr/lib64/python3.9/site-packages/Crypto/SelfTest/Signature/test_pkcs1_pss.py
drwxr-xr-x root/root         0 2020-10-26 11:31 usr/lib64/python3.9/site-packages/Crypto/SelfTest/Util/
-rw-r--r-- root/root      1743 2013-10-14 23:38 usr/lib64/python3.9/site-packages/Crypto/SelfTest/Util/__init__.py
drwxr-xr-x root/root         0 2020-10-26 11:31 usr/lib64/python3.9/site-packages/Crypto/SelfTest/Util/__pycache__/
-rw-r--r-- root/root       821 2020-10-26 11:31 usr/lib64/python3.9/site-packages/Crypto/SelfTest/Util/__pycache__/__init__.cpython-39.pyc
-rw-r--r-- root/root      5373 2020-10-26 11:31 usr/lib64/python3.9/site-packages/Crypto/SelfTest/Util/__pycache__/test_Counter.cpython-39.pyc
-rw-r--r-- root/root      7923 2020-10-26 11:31 usr/lib64/python3.9/site-packages/Crypto/SelfTest/Util/__pycache__/test_asn1.cpython-39.pyc
-rw-r--r-- root/root      7417 2020-10-26 11:31 usr/lib64/python3.9/site-packages/Crypto/SelfTest/Util/__pycache__/test_number.cpython-39.pyc
-rw-r--r-- root/root      1064 2020-10-26 11:31 usr/lib64/python3.9/site-packages/Crypto/SelfTest/Util/__pycache__/test_winrandom.cpython-39.pyc
-rw-r--r-- root/root      7087 2020-10-26 11:31 usr/lib64/python3.9/site-packages/Crypto/SelfTest/Util/test_Counter.py
-rw-r--r-- root/root     10187 2020-10-26 11:31 usr/lib64/python3.9/site-packages/Crypto/SelfTest/Util/test_asn1.py
-rw-r--r-- root/root     12862 2020-10-26 11:31 usr/lib64/python3.9/site-packages/Crypto/SelfTest/Util/test_number.py
-rw-r--r-- root/root      1772 2012-05-24 14:55 usr/lib64/python3.9/site-packages/Crypto/SelfTest/Util/test_winrandom.py
-rw-r--r-- root/root      3412 2020-10-26 11:31 usr/lib64/python3.9/site-packages/Crypto/SelfTest/__init__.py
drwxr-xr-x root/root         0 2020-10-26 11:31 usr/lib64/python3.9/site-packages/Crypto/SelfTest/__pycache__/
-rw-r--r-- root/root      2340 2020-10-26 11:31 usr/lib64/python3.9/site-packages/Crypto/SelfTest/__pycache__/__init__.cpython-39.pyc
-rw-r--r-- root/root      1467 2020-10-26 11:31 usr/lib64/python3.9/site-packages/Crypto/SelfTest/__pycache__/st_common.cpython-39.pyc
-rw-r--r-- root/root      2142 2012-05-24 14:55 usr/lib64/python3.9/site-packages/Crypto/SelfTest/st_common.py
drwxr-xr-x root/root         0 2020-10-26 11:31 usr/lib64/python3.9/site-packages/Crypto/Signature/
-rw-r--r-- root/root     12189 2020-10-26 11:31 usr/lib64/python3.9/site-packages/Crypto/Signature/PKCS1_PSS.py
-rw-r--r-- root/root      8637 2013-10-14 23:38 usr/lib64/python3.9/site-packages/Crypto/Signature/PKCS1_v1_5.py
-rw-r--r-- root/root      1202 2012-05-24 14:55 usr/lib64/python3.9/site-packages/Crypto/Signature/__init__.py
drwxr-xr-x root/root         0 2020-10-26 11:31 usr/lib64/python3.9/site-packages/Crypto/Signature/__pycache__/
-rw-r--r-- root/root     10058 2020-10-26 11:31 usr/lib64/python3.9/site-packages/Crypto/Signature/__pycache__/PKCS1_PSS.cpython-39.pyc
-rw-r--r-- root/root      6400 2020-10-26 11:31 usr/lib64/python3.9/site-packages/Crypto/Signature/__pycache__/PKCS1_v1_5.cpython-39.pyc
-rw-r--r-- root/root       377 2020-10-26 11:31 usr/lib64/python3.9/site-packages/Crypto/Signature/__pycache__/__init__.cpython-39.pyc
drwxr-xr-x root/root         0 2020-10-26 11:31 usr/lib64/python3.9/site-packages/Crypto/Util/
-rw-r--r-- root/root      5156 2020-10-26 11:31 usr/lib64/python3.9/site-packages/Crypto/Util/Counter.py
-rw-r--r-- root/root     21208 2020-10-26 11:31 usr/lib64/python3.9/site-packages/Crypto/Util/RFC1751.py
-rw-r--r-- root/root      1507 2013-10-14 23:38 usr/lib64/python3.9/site-packages/Crypto/Util/__init__.py
drwxr-xr-x root/root         0 2020-10-26 11:31 usr/lib64/python3.9/site-packages/Crypto/Util/__pycache__/
-rw-r--r-- root/root      3810 2020-10-26 11:31 usr/lib64/python3.9/site-packages/Crypto/Util/__pycache__/Counter.cpython-39.pyc
-rw-r--r-- root/root     15367 2020-10-26 11:31 usr/lib64/python3.9/site-packages/Crypto/Util/__pycache__/RFC1751.cpython-39.pyc
-rw-r--r-- root/root       677 2020-10-26 11:31 usr/lib64/python3.9/site-packages/Crypto/Util/__pycache__/__init__.cpython-39.pyc
-rw-r--r-- root/root      2533 2020-10-26 11:31 usr/lib64/python3.9/site-packages/Crypto/Util/__pycache__/_number_new.cpython-39.pyc
-rw-r--r-- root/root     11600 2020-10-26 11:31 usr/lib64/python3.9/site-packages/Crypto/Util/__pycache__/asn1.cpython-39.pyc
-rw-r--r-- root/root     59501 2020-10-26 11:31 usr/lib64/python3.9/site-packages/Crypto/Util/__pycache__/number.cpython-39.pyc
-rw-r--r-- root/root      3273 2020-10-26 11:31 usr/lib64/python3.9/site-packages/Crypto/Util/__pycache__/py3compat.cpython-39.pyc
-rw-r--r-- root/root      2564 2020-10-26 11:31 usr/lib64/python3.9/site-packages/Crypto/Util/__pycache__/randpool.cpython-39.pyc
-rw-r--r-- root/root       222 2020-10-26 11:31 usr/lib64/python3.9/site-packages/Crypto/Util/__pycache__/winrandom.cpython-39.pyc
-rwxr-xr-x root/root     19744 2020-10-26 11:31 usr/lib64/python3.9/site-packages/Crypto/Util/_counter.cpython-39-x86_64-linux-gnu.so
-rw-r--r-- root/root      3976 2020-10-26 11:31 usr/lib64/python3.9/site-packages/Crypto/Util/_number_new.py
-rw-r--r-- root/root     12733 2020-10-26 11:31 usr/lib64/python3.9/site-packages/Crypto/Util/asn1.py
-rw-r--r-- root/root     95469 2020-10-26 11:31 usr/lib64/python3.9/site-packages/Crypto/Util/number.py
-rw-r--r-- root/root      3908 2020-10-26 11:31 usr/lib64/python3.9/site-packages/Crypto/Util/py3compat.py
-rw-r--r-- root/root      2768 2012-05-24 14:55 usr/lib64/python3.9/site-packages/Crypto/Util/randpool.py
-rwxr-xr-x root/root     14720 2020-10-26 11:31 usr/lib64/python3.9/site-packages/Crypto/Util/strxor.cpython-39-x86_64-linux-gnu.so
-rw-r--r-- root/root      1196 2012-05-24 14:55 usr/lib64/python3.9/site-packages/Crypto/Util/winrandom.py
-rw-r--r-- root/root      1992 2013-10-14 23:38 usr/lib64/python3.9/site-packages/Crypto/__init__.py
drwxr-xr-x root/root         0 2020-10-26 11:31 usr/lib64/python3.9/site-packages/Crypto/__pycache__/
-rw-r--r-- root/root      1036 2020-10-26 11:31 usr/lib64/python3.9/site-packages/Crypto/__pycache__/__init__.cpython-39.pyc
-rw-r--r-- root/root      1676 2020-10-26 11:31 usr/lib64/python3.9/site-packages/Crypto/__pycache__/pct_warnings.cpython-39.pyc
-rw-r--r-- root/root      2295 2013-10-14 23:38 usr/lib64/python3.9/site-packages/Crypto/pct_warnings.py
-rw-r--r-- root/root       666 2020-10-26 11:31 usr/lib64/python3.9/site-packages/pycrypto-2.6.1-py3.9.egg-info


