++========================================
||
||   Package:  ./encfs/encfs-1.9.5-x86_64-5cf.txz
||
++========================================
drwxr-xr-x root/root         0 2021-05-25 18:39 ./
drwxr-xr-x root/root         0 2021-05-25 18:39 install/
-rw-r--r-- root/root       194 2021-05-25 18:39 install/doinst.sh
-rw-r--r-- root/root       848 2021-05-25 18:39 install/slack-desc
drwxr-xr-x root/root         0 2021-05-25 18:39 usr/
drwxr-xr-x root/root         0 2021-05-25 18:39 usr/bin/
-rwxr-xr-x root/root     61192 2021-05-25 18:39 usr/bin/encfs
-rwxr-xr-x root/root     60936 2021-05-25 18:39 usr/bin/encfsctl
-rwxr-xr-x root/root      2409 2018-04-27 10:52 usr/bin/encfssh
drwxr-xr-x root/root         0 2021-05-25 18:39 usr/doc/
drwxr-xr-x root/root         0 2021-05-25 18:39 usr/doc/encfs-1.9.5/
-rw-r--r-- root/root       238 2018-04-27 10:52 usr/doc/encfs-1.9.5/AUTHORS
-rw-r--r-- root/root      2647 2018-04-27 10:52 usr/doc/encfs-1.9.5/COPYING
-rw-r--r-- root/root     35147 2018-04-27 10:52 usr/doc/encfs-1.9.5/COPYING.GPL
-rw-r--r-- root/root      7651 2018-04-27 10:52 usr/doc/encfs-1.9.5/COPYING.LGPL
-rw-r--r-- root/root     53352 2018-04-27 10:52 usr/doc/encfs-1.9.5/ChangeLog
-rw-r--r-- root/root      3851 2021-05-25 18:39 usr/doc/encfs-1.9.5/encfs.SlackBuild
drwxr-xr-x root/root         0 2021-05-25 18:39 usr/lib64/
-rwxr-xr-x root/root    865528 2021-05-25 18:39 usr/lib64/libencfs.so.1.9.5
drwxr-xr-x root/root         0 2021-05-25 18:39 usr/man/
drwxr-xr-x root/root         0 2021-05-25 18:39 usr/man/man1/
-rw-r--r-- root/root     11406 2021-05-25 18:39 usr/man/man1/encfs.1.gz
-rw-r--r-- root/root      2603 2021-05-25 18:39 usr/man/man1/encfsctl.1.gz
-rw-r--r-- root/root      1418 2021-05-25 18:39 usr/man/man1/encfssh.1.gz
drwxr-xr-x root/root         0 2021-05-25 18:39 usr/share/
drwxr-xr-x root/root         0 2021-05-25 18:39 usr/share/locale/
drwxr-xr-x root/root         0 2021-05-25 18:39 usr/share/locale/ar/
drwxr-xr-x root/root         0 2021-05-25 18:39 usr/share/locale/ar/LC_MESSAGES/
-rw-r--r-- root/root     16952 2021-05-25 18:39 usr/share/locale/ar/LC_MESSAGES/encfs.mo
drwxr-xr-x root/root         0 2021-05-25 18:39 usr/share/locale/be/
drwxr-xr-x root/root         0 2021-05-25 18:39 usr/share/locale/be/LC_MESSAGES/
-rw-r--r-- root/root      5812 2021-05-25 18:39 usr/share/locale/be/LC_MESSAGES/encfs.mo
drwxr-xr-x root/root         0 2021-05-25 18:39 usr/share/locale/bg/
drwxr-xr-x root/root         0 2021-05-25 18:39 usr/share/locale/bg/LC_MESSAGES/
-rw-r--r-- root/root     10303 2021-05-25 18:39 usr/share/locale/bg/LC_MESSAGES/encfs.mo
drwxr-xr-x root/root         0 2021-05-25 18:39 usr/share/locale/bs/
drwxr-xr-x root/root         0 2021-05-25 18:39 usr/share/locale/bs/LC_MESSAGES/
-rw-r--r-- root/root      1415 2021-05-25 18:39 usr/share/locale/bs/LC_MESSAGES/encfs.mo
drwxr-xr-x root/root         0 2021-05-25 18:39 usr/share/locale/ca/
drwxr-xr-x root/root         0 2021-05-25 18:39 usr/share/locale/ca/LC_MESSAGES/
-rw-r--r-- root/root     12656 2021-05-25 18:39 usr/share/locale/ca/LC_MESSAGES/encfs.mo
drwxr-xr-x root/root         0 2021-05-25 18:39 usr/share/locale/cs/
drwxr-xr-x root/root         0 2021-05-25 18:39 usr/share/locale/cs/LC_MESSAGES/
-rw-r--r-- root/root     10078 2021-05-25 18:39 usr/share/locale/cs/LC_MESSAGES/encfs.mo
drwxr-xr-x root/root         0 2021-05-25 18:39 usr/share/locale/da/
drwxr-xr-x root/root         0 2021-05-25 18:39 usr/share/locale/da/LC_MESSAGES/
-rw-r--r-- root/root     10504 2021-05-25 18:39 usr/share/locale/da/LC_MESSAGES/encfs.mo
drwxr-xr-x root/root         0 2021-05-25 18:39 usr/share/locale/de/
drwxr-xr-x root/root         0 2021-05-25 18:39 usr/share/locale/de/LC_MESSAGES/
-rw-r--r-- root/root     22175 2021-05-25 18:39 usr/share/locale/de/LC_MESSAGES/encfs.mo
drwxr-xr-x root/root         0 2021-05-25 18:39 usr/share/locale/de_AT/
drwxr-xr-x root/root         0 2021-05-25 18:39 usr/share/locale/de_AT/LC_MESSAGES/
-rw-r--r-- root/root     18383 2021-05-25 18:39 usr/share/locale/de_AT/LC_MESSAGES/encfs.mo
drwxr-xr-x root/root         0 2021-05-25 18:39 usr/share/locale/de_CH/
drwxr-xr-x root/root         0 2021-05-25 18:39 usr/share/locale/de_CH/LC_MESSAGES/
-rw-r--r-- root/root     18238 2021-05-25 18:39 usr/share/locale/de_CH/LC_MESSAGES/encfs.mo
drwxr-xr-x root/root         0 2021-05-25 18:39 usr/share/locale/de_DE/
drwxr-xr-x root/root         0 2021-05-25 18:39 usr/share/locale/de_DE/LC_MESSAGES/
-rw-r--r-- root/root     18385 2021-05-25 18:39 usr/share/locale/de_DE/LC_MESSAGES/encfs.mo
drwxr-xr-x root/root         0 2021-05-25 18:39 usr/share/locale/el/
drwxr-xr-x root/root         0 2021-05-25 18:39 usr/share/locale/el/LC_MESSAGES/
-rw-r--r-- root/root     13652 2021-05-25 18:39 usr/share/locale/el/LC_MESSAGES/encfs.mo
drwxr-xr-x root/root         0 2021-05-25 18:39 usr/share/locale/eo/
drwxr-xr-x root/root         0 2021-05-25 18:39 usr/share/locale/eo/LC_MESSAGES/
-rw-r--r-- root/root      4633 2021-05-25 18:39 usr/share/locale/eo/LC_MESSAGES/encfs.mo
drwxr-xr-x root/root         0 2021-05-25 18:39 usr/share/locale/es/
drwxr-xr-x root/root         0 2021-05-25 18:39 usr/share/locale/es/LC_MESSAGES/
-rw-r--r-- root/root     22009 2021-05-25 18:39 usr/share/locale/es/LC_MESSAGES/encfs.mo
drwxr-xr-x root/root         0 2021-05-25 18:39 usr/share/locale/es_ES/
drwxr-xr-x root/root         0 2021-05-25 18:39 usr/share/locale/es_ES/LC_MESSAGES/
-rw-r--r-- root/root     14915 2021-05-25 18:39 usr/share/locale/es_ES/LC_MESSAGES/encfs.mo
drwxr-xr-x root/root         0 2021-05-25 18:39 usr/share/locale/es_PE/
drwxr-xr-x root/root         0 2021-05-25 18:39 usr/share/locale/es_PE/LC_MESSAGES/
-rw-r--r-- root/root      3059 2021-05-25 18:39 usr/share/locale/es_PE/LC_MESSAGES/encfs.mo
drwxr-xr-x root/root         0 2021-05-25 18:39 usr/share/locale/et/
drwxr-xr-x root/root         0 2021-05-25 18:39 usr/share/locale/et/LC_MESSAGES/
-rw-r--r-- root/root      1207 2021-05-25 18:39 usr/share/locale/et/LC_MESSAGES/encfs.mo
drwxr-xr-x root/root         0 2021-05-25 18:39 usr/share/locale/fi/
drwxr-xr-x root/root         0 2021-05-25 18:39 usr/share/locale/fi/LC_MESSAGES/
-rw-r--r-- root/root     17296 2021-05-25 18:39 usr/share/locale/fi/LC_MESSAGES/encfs.mo
drwxr-xr-x root/root         0 2021-05-25 18:39 usr/share/locale/fr/
drwxr-xr-x root/root         0 2021-05-25 18:39 usr/share/locale/fr/LC_MESSAGES/
-rw-r--r-- root/root     18930 2021-05-25 18:39 usr/share/locale/fr/LC_MESSAGES/encfs.mo
drwxr-xr-x root/root         0 2021-05-25 18:39 usr/share/locale/fr_FR/
drwxr-xr-x root/root         0 2021-05-25 18:39 usr/share/locale/fr_FR/LC_MESSAGES/
-rw-r--r-- root/root     16396 2021-05-25 18:39 usr/share/locale/fr_FR/LC_MESSAGES/encfs.mo
drwxr-xr-x root/root         0 2021-05-25 18:39 usr/share/locale/gl/
drwxr-xr-x root/root         0 2021-05-25 18:39 usr/share/locale/gl/LC_MESSAGES/
-rw-r--r-- root/root     18861 2021-05-25 18:39 usr/share/locale/gl/LC_MESSAGES/encfs.mo
drwxr-xr-x root/root         0 2021-05-25 18:39 usr/share/locale/he/
drwxr-xr-x root/root         0 2021-05-25 18:39 usr/share/locale/he/LC_MESSAGES/
-rw-r--r-- root/root     20537 2021-05-25 18:39 usr/share/locale/he/LC_MESSAGES/encfs.mo
drwxr-xr-x root/root         0 2021-05-25 18:39 usr/share/locale/hr/
drwxr-xr-x root/root         0 2021-05-25 18:39 usr/share/locale/hr/LC_MESSAGES/
-rw-r--r-- root/root      1048 2021-05-25 18:39 usr/share/locale/hr/LC_MESSAGES/encfs.mo
drwxr-xr-x root/root         0 2021-05-25 18:39 usr/share/locale/hu/
drwxr-xr-x root/root         0 2021-05-25 18:39 usr/share/locale/hu/LC_MESSAGES/
-rw-r--r-- root/root     16653 2021-05-25 18:39 usr/share/locale/hu/LC_MESSAGES/encfs.mo
drwxr-xr-x root/root         0 2021-05-25 18:39 usr/share/locale/id/
drwxr-xr-x root/root         0 2021-05-25 18:39 usr/share/locale/id/LC_MESSAGES/
-rw-r--r-- root/root      5140 2021-05-25 18:39 usr/share/locale/id/LC_MESSAGES/encfs.mo
drwxr-xr-x root/root         0 2021-05-25 18:39 usr/share/locale/it/
drwxr-xr-x root/root         0 2021-05-25 18:39 usr/share/locale/it/LC_MESSAGES/
-rw-r--r-- root/root     21813 2021-05-25 18:39 usr/share/locale/it/LC_MESSAGES/encfs.mo
drwxr-xr-x root/root         0 2021-05-25 18:39 usr/share/locale/ja/
drwxr-xr-x root/root         0 2021-05-25 18:39 usr/share/locale/ja/LC_MESSAGES/
-rw-r--r-- root/root     13068 2021-05-25 18:39 usr/share/locale/ja/LC_MESSAGES/encfs.mo
drwxr-xr-x root/root         0 2021-05-25 18:39 usr/share/locale/ko/
drwxr-xr-x root/root         0 2021-05-25 18:39 usr/share/locale/ko/LC_MESSAGES/
-rw-r--r-- root/root      2221 2021-05-25 18:39 usr/share/locale/ko/LC_MESSAGES/encfs.mo
drwxr-xr-x root/root         0 2021-05-25 18:39 usr/share/locale/lv/
drwxr-xr-x root/root         0 2021-05-25 18:39 usr/share/locale/lv/LC_MESSAGES/
-rw-r--r-- root/root     17234 2021-05-25 18:39 usr/share/locale/lv/LC_MESSAGES/encfs.mo
drwxr-xr-x root/root         0 2021-05-25 18:39 usr/share/locale/nb/
drwxr-xr-x root/root         0 2021-05-25 18:39 usr/share/locale/nb/LC_MESSAGES/
-rw-r--r-- root/root     12267 2021-05-25 18:39 usr/share/locale/nb/LC_MESSAGES/encfs.mo
drwxr-xr-x root/root         0 2021-05-25 18:39 usr/share/locale/nds/
drwxr-xr-x root/root         0 2021-05-25 18:39 usr/share/locale/nds/LC_MESSAGES/
-rw-r--r-- root/root      7001 2021-05-25 18:39 usr/share/locale/nds/LC_MESSAGES/encfs.mo
drwxr-xr-x root/root         0 2021-05-25 18:39 usr/share/locale/nl/
drwxr-xr-x root/root         0 2021-05-25 18:39 usr/share/locale/nl/LC_MESSAGES/
-rw-r--r-- root/root     18437 2021-05-25 18:39 usr/share/locale/nl/LC_MESSAGES/encfs.mo
drwxr-xr-x root/root         0 2021-05-25 18:39 usr/share/locale/nn/
drwxr-xr-x root/root         0 2021-05-25 18:39 usr/share/locale/nn/LC_MESSAGES/
-rw-r--r-- root/root      5997 2021-05-25 18:39 usr/share/locale/nn/LC_MESSAGES/encfs.mo
drwxr-xr-x root/root         0 2021-05-25 18:39 usr/share/locale/oc/
drwxr-xr-x root/root         0 2021-05-25 18:39 usr/share/locale/oc/LC_MESSAGES/
-rw-r--r-- root/root     18535 2021-05-25 18:39 usr/share/locale/oc/LC_MESSAGES/encfs.mo
drwxr-xr-x root/root         0 2021-05-25 18:39 usr/share/locale/pl/
drwxr-xr-x root/root         0 2021-05-25 18:39 usr/share/locale/pl/LC_MESSAGES/
-rw-r--r-- root/root     13296 2021-05-25 18:39 usr/share/locale/pl/LC_MESSAGES/encfs.mo
drwxr-xr-x root/root         0 2021-05-25 18:39 usr/share/locale/pt/
drwxr-xr-x root/root         0 2021-05-25 18:39 usr/share/locale/pt/LC_MESSAGES/
-rw-r--r-- root/root     21179 2021-05-25 18:39 usr/share/locale/pt/LC_MESSAGES/encfs.mo
drwxr-xr-x root/root         0 2021-05-25 18:39 usr/share/locale/pt_BR/
drwxr-xr-x root/root         0 2021-05-25 18:39 usr/share/locale/pt_BR/LC_MESSAGES/
-rw-r--r-- root/root     18962 2021-05-25 18:39 usr/share/locale/pt_BR/LC_MESSAGES/encfs.mo
drwxr-xr-x root/root         0 2021-05-25 18:39 usr/share/locale/pt_PT/
drwxr-xr-x root/root         0 2021-05-25 18:39 usr/share/locale/pt_PT/LC_MESSAGES/
-rw-r--r-- root/root     13590 2021-05-25 18:39 usr/share/locale/pt_PT/LC_MESSAGES/encfs.mo
drwxr-xr-x root/root         0 2021-05-25 18:39 usr/share/locale/ro/
drwxr-xr-x root/root         0 2021-05-25 18:39 usr/share/locale/ro/LC_MESSAGES/
-rw-r--r-- root/root     16070 2021-05-25 18:39 usr/share/locale/ro/LC_MESSAGES/encfs.mo
drwxr-xr-x root/root         0 2021-05-25 18:39 usr/share/locale/ru/
drwxr-xr-x root/root         0 2021-05-25 18:39 usr/share/locale/ru/LC_MESSAGES/
-rw-r--r-- root/root     25814 2021-05-25 18:39 usr/share/locale/ru/LC_MESSAGES/encfs.mo
drwxr-xr-x root/root         0 2021-05-25 18:39 usr/share/locale/sk/
drwxr-xr-x root/root         0 2021-05-25 18:39 usr/share/locale/sk/LC_MESSAGES/
-rw-r--r-- root/root      7773 2021-05-25 18:39 usr/share/locale/sk/LC_MESSAGES/encfs.mo
drwxr-xr-x root/root         0 2021-05-25 18:39 usr/share/locale/sr/
drwxr-xr-x root/root         0 2021-05-25 18:39 usr/share/locale/sr/LC_MESSAGES/
-rw-r--r-- root/root      4339 2021-05-25 18:39 usr/share/locale/sr/LC_MESSAGES/encfs.mo
drwxr-xr-x root/root         0 2021-05-25 18:39 usr/share/locale/sv/
drwxr-xr-x root/root         0 2021-05-25 18:39 usr/share/locale/sv/LC_MESSAGES/
-rw-r--r-- root/root     13374 2021-05-25 18:39 usr/share/locale/sv/LC_MESSAGES/encfs.mo
drwxr-xr-x root/root         0 2021-05-25 18:39 usr/share/locale/ta/
drwxr-xr-x root/root         0 2021-05-25 18:39 usr/share/locale/ta/LC_MESSAGES/
-rw-r--r-- root/root       831 2021-05-25 18:39 usr/share/locale/ta/LC_MESSAGES/encfs.mo
drwxr-xr-x root/root         0 2021-05-25 18:39 usr/share/locale/tr/
drwxr-xr-x root/root         0 2021-05-25 18:39 usr/share/locale/tr/LC_MESSAGES/
-rw-r--r-- root/root     18543 2021-05-25 18:39 usr/share/locale/tr/LC_MESSAGES/encfs.mo
drwxr-xr-x root/root         0 2021-05-25 18:39 usr/share/locale/uk/
drwxr-xr-x root/root         0 2021-05-25 18:39 usr/share/locale/uk/LC_MESSAGES/
-rw-r--r-- root/root     20176 2021-05-25 18:39 usr/share/locale/uk/LC_MESSAGES/encfs.mo
drwxr-xr-x root/root         0 2021-05-25 18:39 usr/share/locale/vi/
drwxr-xr-x root/root         0 2021-05-25 18:39 usr/share/locale/vi/LC_MESSAGES/
-rw-r--r-- root/root     10476 2021-05-25 18:39 usr/share/locale/vi/LC_MESSAGES/encfs.mo
drwxr-xr-x root/root         0 2021-05-25 18:39 usr/share/locale/zh_CN/
drwxr-xr-x root/root         0 2021-05-25 18:39 usr/share/locale/zh_CN/LC_MESSAGES/
-rw-r--r-- root/root     16823 2021-05-25 18:39 usr/share/locale/zh_CN/LC_MESSAGES/encfs.mo
drwxr-xr-x root/root         0 2021-05-25 18:39 usr/share/locale/zh_HK/
drwxr-xr-x root/root         0 2021-05-25 18:39 usr/share/locale/zh_HK/LC_MESSAGES/
-rw-r--r-- root/root      9071 2021-05-25 18:39 usr/share/locale/zh_HK/LC_MESSAGES/encfs.mo
drwxr-xr-x root/root         0 2021-05-25 18:39 usr/share/locale/zh_TW/
drwxr-xr-x root/root         0 2021-05-25 18:39 usr/share/locale/zh_TW/LC_MESSAGES/
-rw-r--r-- root/root       619 2021-05-25 18:39 usr/share/locale/zh_TW/LC_MESSAGES/encfs.mo


