++========================================
||
||   Package:  ./lxml/lxml-4.9.2-x86_64-1cf.txz
||
++========================================
drwxr-xr-x root/root         0 2022-12-14 14:14 ./
drwxr-xr-x root/root         0 2022-12-14 14:14 install/
-rw-r--r-- root/root       723 2022-12-14 14:14 install/slack-desc
-rw-r--r-- root/root        48 2022-12-14 14:14 install/slack-required
drwxr-xr-x root/root         0 2022-12-14 14:14 usr/
drwxr-xr-x root/root         0 2022-12-14 14:14 usr/doc/
drwxr-xr-x root/root         0 2022-12-14 14:14 usr/doc/lxml-4.9.2/
-rw-r--r-- root/root      1488 2022-12-13 21:29 usr/doc/lxml-4.9.2/BSD.txt
-rw-r--r-- root/root    123770 2022-12-13 21:29 usr/doc/lxml-4.9.2/CHANGES.txt
-rw-r--r-- root/root      1958 2022-12-13 21:29 usr/doc/lxml-4.9.2/CREDITS.txt
-rw-r--r-- root/root     56922 2022-12-13 21:29 usr/doc/lxml-4.9.2/FAQ.txt
-rw-r--r-- root/root     17992 2022-12-13 21:29 usr/doc/lxml-4.9.2/GPL.txt
-rw-r--r-- root/root      7436 2022-12-13 21:29 usr/doc/lxml-4.9.2/INSTALL.txt
-rw-r--r-- root/root      1488 2022-12-13 21:29 usr/doc/lxml-4.9.2/LICENSE.txt
-rw-r--r-- root/root      1514 2022-12-13 21:29 usr/doc/lxml-4.9.2/LICENSES.txt
-rw-r--r-- root/root      1459 2022-12-13 21:29 usr/doc/lxml-4.9.2/TODO.txt
-rw-r--r-- root/root     21753 2022-12-13 21:29 usr/doc/lxml-4.9.2/api.txt
-rw-r--r-- root/root     11775 2022-12-13 21:29 usr/doc/lxml-4.9.2/build.txt
-rw-r--r-- root/root      4050 2022-12-13 21:29 usr/doc/lxml-4.9.2/capi.txt
-rw-r--r-- root/root      8980 2022-12-13 21:29 usr/doc/lxml-4.9.2/compatibility.txt
-rw-r--r-- root/root      3667 2022-12-13 21:29 usr/doc/lxml-4.9.2/cssselect.txt
-rw-r--r-- root/root     21255 2022-12-13 21:29 usr/doc/lxml-4.9.2/element_classes.txt
-rw-r--r-- root/root      7709 2022-12-13 21:29 usr/doc/lxml-4.9.2/elementsoup.txt
-rw-r--r-- root/root      1276 2022-12-13 21:29 usr/doc/lxml-4.9.2/elementtree.txt
-rw-r--r-- root/root     19998 2022-12-13 21:29 usr/doc/lxml-4.9.2/extensions.txt
-rw-r--r-- root/root      3375 2022-12-13 21:29 usr/doc/lxml-4.9.2/html5parser.txt
-rw-r--r-- root/root      2106 2022-12-13 21:29 usr/doc/lxml-4.9.2/intro.txt
-rw-r--r-- root/root     10945 2022-12-13 21:29 usr/doc/lxml-4.9.2/lxml-source-howto.txt
-rw-r--r-- root/root      3024 2022-12-14 14:14 usr/doc/lxml-4.9.2/lxml.SlackBuild
-rw-r--r-- root/root     10981 2022-12-13 21:29 usr/doc/lxml-4.9.2/lxml2.txt
-rw-r--r-- root/root     26639 2022-12-13 21:29 usr/doc/lxml-4.9.2/lxmlhtml.txt
-rw-r--r-- root/root     10518 2022-12-13 21:29 usr/doc/lxml-4.9.2/main.txt
-rw-r--r-- root/root      3274 2022-12-13 21:29 usr/doc/lxml-4.9.2/memorymanagement.txt
-rw-r--r-- root/root     44294 2022-12-13 21:29 usr/doc/lxml-4.9.2/objectify.txt
-rw-r--r-- root/root     34021 2022-12-13 21:29 usr/doc/lxml-4.9.2/parsing.txt
-rw-r--r-- root/root     36865 2022-12-13 21:29 usr/doc/lxml-4.9.2/performance.txt
-rw-r--r-- root/root        15 2022-12-13 21:29 usr/doc/lxml-4.9.2/requirements.txt
-rw-r--r-- root/root     10243 2022-12-13 21:29 usr/doc/lxml-4.9.2/resolvers.txt
-rw-r--r-- root/root      3861 2022-12-13 21:29 usr/doc/lxml-4.9.2/sax.txt
-rw-r--r-- root/root     46236 2022-12-13 21:29 usr/doc/lxml-4.9.2/tutorial.txt
-rw-r--r-- root/root       147 2022-12-13 21:29 usr/doc/lxml-4.9.2/valgrind.txt
-rw-r--r-- root/root     21072 2022-12-13 21:29 usr/doc/lxml-4.9.2/validation.txt
-rw-r--r-- root/root     24750 2022-12-13 21:29 usr/doc/lxml-4.9.2/xpathxslt.txt
drwxr-xr-x root/root         0 2022-12-14 14:14 usr/lib64/
drwxr-xr-x root/root         0 2022-12-14 14:14 usr/lib64/python3.9/
drwxr-xr-x root/root         0 2022-12-14 14:14 usr/lib64/python3.9/site-packages/
drwxr-xr-x root/root         0 2022-12-14 14:14 usr/lib64/python3.9/site-packages/lxml/
drwxr-xr-x root/root         0 2022-12-14 14:14 usr/lib64/python3.9/site-packages/lxml-4.9.2-py3.9.egg-info/
-rw-r--r-- root/root      3391 2022-12-14 14:14 usr/lib64/python3.9/site-packages/lxml-4.9.2-py3.9.egg-info/PKG-INFO
-rw-r--r-- root/root     16580 2022-12-14 14:14 usr/lib64/python3.9/site-packages/lxml-4.9.2-py3.9.egg-info/SOURCES.txt
-rw-r--r-- root/root         1 2022-12-14 14:14 usr/lib64/python3.9/site-packages/lxml-4.9.2-py3.9.egg-info/dependency_links.txt
-rw-r--r-- root/root         1 2022-12-13 21:32 usr/lib64/python3.9/site-packages/lxml-4.9.2-py3.9.egg-info/not-zip-safe
-rw-r--r-- root/root        98 2022-12-14 14:14 usr/lib64/python3.9/site-packages/lxml-4.9.2-py3.9.egg-info/requires.txt
-rw-r--r-- root/root         5 2022-12-14 14:14 usr/lib64/python3.9/site-packages/lxml-4.9.2-py3.9.egg-info/top_level.txt
-rw-r--r-- root/root      8560 2022-12-13 21:29 usr/lib64/python3.9/site-packages/lxml/ElementInclude.py
-rw-r--r-- root/root       575 2022-12-13 21:29 usr/lib64/python3.9/site-packages/lxml/__init__.py
drwxr-xr-x root/root         0 2022-12-14 14:14 usr/lib64/python3.9/site-packages/lxml/__pycache__/
-rw-r--r-- root/root      3811 2022-12-14 14:14 usr/lib64/python3.9/site-packages/lxml/__pycache__/ElementInclude.cpython-39.pyc
-rw-r--r-- root/root       665 2022-12-14 14:14 usr/lib64/python3.9/site-packages/lxml/__pycache__/__init__.cpython-39.pyc
-rw-r--r-- root/root      6383 2022-12-14 14:14 usr/lib64/python3.9/site-packages/lxml/__pycache__/_elementpath.cpython-39.pyc
-rw-r--r-- root/root      5890 2022-12-14 14:14 usr/lib64/python3.9/site-packages/lxml/__pycache__/builder.cpython-39.pyc
-rw-r--r-- root/root      3606 2022-12-14 14:14 usr/lib64/python3.9/site-packages/lxml/__pycache__/cssselect.cpython-39.pyc
-rw-r--r-- root/root     13915 2022-12-14 14:14 usr/lib64/python3.9/site-packages/lxml/__pycache__/doctestcompare.cpython-39.pyc
-rw-r--r-- root/root       206 2022-12-14 14:14 usr/lib64/python3.9/site-packages/lxml/__pycache__/pyclasslookup.cpython-39.pyc
-rw-r--r-- root/root      8116 2022-12-14 14:14 usr/lib64/python3.9/site-packages/lxml/__pycache__/sax.cpython-39.pyc
-rw-r--r-- root/root       396 2022-12-14 14:14 usr/lib64/python3.9/site-packages/lxml/__pycache__/usedoctest.cpython-39.pyc
-rwxr-xr-x root/root    181712 2022-12-14 14:14 usr/lib64/python3.9/site-packages/lxml/_elementpath.cpython-39-x86_64-linux-gnu.so
-rw-r--r-- root/root     10742 2022-12-13 21:29 usr/lib64/python3.9/site-packages/lxml/_elementpath.py
-rw-r--r-- root/root     64452 2022-12-13 21:29 usr/lib64/python3.9/site-packages/lxml/apihelpers.pxi
-rwxr-xr-x root/root     99320 2022-12-14 14:14 usr/lib64/python3.9/site-packages/lxml/builder.cpython-39-x86_64-linux-gnu.so
-rw-r--r-- root/root      8147 2022-12-13 21:29 usr/lib64/python3.9/site-packages/lxml/builder.py
-rw-r--r-- root/root     22462 2022-12-13 21:29 usr/lib64/python3.9/site-packages/lxml/classlookup.pxi
-rw-r--r-- root/root      8458 2022-12-13 21:29 usr/lib64/python3.9/site-packages/lxml/cleanup.pxi
-rw-r--r-- root/root      3366 2022-12-13 21:29 usr/lib64/python3.9/site-packages/lxml/cssselect.py
-rw-r--r-- root/root      3283 2022-12-13 21:29 usr/lib64/python3.9/site-packages/lxml/debug.pxi
-rw-r--r-- root/root      5783 2022-12-13 21:29 usr/lib64/python3.9/site-packages/lxml/docloader.pxi
-rw-r--r-- root/root     18339 2022-12-13 21:29 usr/lib64/python3.9/site-packages/lxml/doctestcompare.py
-rw-r--r-- root/root     15219 2022-12-13 21:29 usr/lib64/python3.9/site-packages/lxml/dtd.pxi
-rwxr-xr-x root/root   1954584 2022-12-14 14:14 usr/lib64/python3.9/site-packages/lxml/etree.cpython-39-x86_64-linux-gnu.so
-rw-r--r-- root/root      8575 2022-12-13 21:29 usr/lib64/python3.9/site-packages/lxml/etree.h
-rw-r--r-- root/root    132415 2022-12-13 21:29 usr/lib64/python3.9/site-packages/lxml/etree.pyx
-rw-r--r-- root/root     17467 2022-12-13 21:29 usr/lib64/python3.9/site-packages/lxml/etree_api.h
-rw-r--r-- root/root     33241 2022-12-13 21:29 usr/lib64/python3.9/site-packages/lxml/extensions.pxi
drwxr-xr-x root/root         0 2022-12-14 14:14 usr/lib64/python3.9/site-packages/lxml/html/
-rw-r--r-- root/root       320 2022-12-13 21:29 usr/lib64/python3.9/site-packages/lxml/html/ElementSoup.py
-rw-r--r-- root/root     64937 2022-12-13 21:29 usr/lib64/python3.9/site-packages/lxml/html/__init__.py
drwxr-xr-x root/root         0 2022-12-14 14:14 usr/lib64/python3.9/site-packages/lxml/html/__pycache__/
-rw-r--r-- root/root       492 2022-12-14 14:14 usr/lib64/python3.9/site-packages/lxml/html/__pycache__/ElementSoup.cpython-39.pyc
-rw-r--r-- root/root     56822 2022-12-14 14:14 usr/lib64/python3.9/site-packages/lxml/html/__pycache__/__init__.cpython-39.pyc
-rw-r--r-- root/root      2262 2022-12-14 14:14 usr/lib64/python3.9/site-packages/lxml/html/__pycache__/_diffcommand.cpython-39.pyc
-rw-r--r-- root/root      3574 2022-12-14 14:14 usr/lib64/python3.9/site-packages/lxml/html/__pycache__/_html5builder.cpython-39.pyc
-rw-r--r-- root/root      2075 2022-12-14 14:14 usr/lib64/python3.9/site-packages/lxml/html/__pycache__/_setmixin.cpython-39.pyc
-rw-r--r-- root/root      2925 2022-12-14 14:14 usr/lib64/python3.9/site-packages/lxml/html/__pycache__/builder.cpython-39.pyc
-rw-r--r-- root/root     17581 2022-12-14 14:14 usr/lib64/python3.9/site-packages/lxml/html/__pycache__/clean.cpython-39.pyc
-rw-r--r-- root/root      2793 2022-12-14 14:14 usr/lib64/python3.9/site-packages/lxml/html/__pycache__/defs.cpython-39.pyc
-rw-r--r-- root/root     24020 2022-12-14 14:14 usr/lib64/python3.9/site-packages/lxml/html/__pycache__/diff.cpython-39.pyc
-rw-r--r-- root/root      7369 2022-12-14 14:14 usr/lib64/python3.9/site-packages/lxml/html/__pycache__/formfill.cpython-39.pyc
-rw-r--r-- root/root      6450 2022-12-14 14:14 usr/lib64/python3.9/site-packages/lxml/html/__pycache__/html5parser.cpython-39.pyc
-rw-r--r-- root/root      7975 2022-12-14 14:14 usr/lib64/python3.9/site-packages/lxml/html/__pycache__/soupparser.cpython-39.pyc
-rw-r--r-- root/root       418 2022-12-14 14:14 usr/lib64/python3.9/site-packages/lxml/html/__pycache__/usedoctest.cpython-39.pyc
-rw-r--r-- root/root      2121 2022-12-13 21:29 usr/lib64/python3.9/site-packages/lxml/html/_diffcommand.py
-rw-r--r-- root/root      3246 2022-12-13 21:29 usr/lib64/python3.9/site-packages/lxml/html/_html5builder.py
-rw-r--r-- root/root      1184 2022-12-13 21:29 usr/lib64/python3.9/site-packages/lxml/html/_setmixin.py
-rw-r--r-- root/root      4492 2022-12-13 21:29 usr/lib64/python3.9/site-packages/lxml/html/builder.py
-rwxr-xr-x root/root    249720 2022-12-14 14:14 usr/lib64/python3.9/site-packages/lxml/html/clean.cpython-39-x86_64-linux-gnu.so
-rw-r--r-- root/root     28316 2022-12-13 21:29 usr/lib64/python3.9/site-packages/lxml/html/clean.py
-rw-r--r-- root/root      4236 2022-12-13 21:29 usr/lib64/python3.9/site-packages/lxml/html/defs.py
-rwxr-xr-x root/root    320888 2022-12-14 14:14 usr/lib64/python3.9/site-packages/lxml/html/diff.cpython-39-x86_64-linux-gnu.so
-rw-r--r-- root/root     30553 2022-12-13 21:29 usr/lib64/python3.9/site-packages/lxml/html/diff.py
-rw-r--r-- root/root      9689 2022-12-13 21:29 usr/lib64/python3.9/site-packages/lxml/html/formfill.py
-rw-r--r-- root/root      8634 2022-12-13 21:29 usr/lib64/python3.9/site-packages/lxml/html/html5parser.py
-rw-r--r-- root/root     10203 2022-12-13 21:29 usr/lib64/python3.9/site-packages/lxml/html/soupparser.py
-rw-r--r-- root/root       249 2022-12-13 21:29 usr/lib64/python3.9/site-packages/lxml/html/usedoctest.py
drwxr-xr-x root/root         0 2022-12-14 14:14 usr/lib64/python3.9/site-packages/lxml/includes/
-rw-r--r-- root/root         0 2022-12-13 21:29 usr/lib64/python3.9/site-packages/lxml/includes/__init__.pxd
-rw-r--r-- root/root         0 2022-12-13 21:29 usr/lib64/python3.9/site-packages/lxml/includes/__init__.py
drwxr-xr-x root/root         0 2022-12-14 14:14 usr/lib64/python3.9/site-packages/lxml/includes/__pycache__/
-rw-r--r-- root/root       151 2022-12-14 14:14 usr/lib64/python3.9/site-packages/lxml/includes/__pycache__/__init__.cpython-39.pyc
-rw-r--r-- root/root      1123 2022-12-13 21:29 usr/lib64/python3.9/site-packages/lxml/includes/c14n.pxd
-rw-r--r-- root/root        96 2022-12-13 21:29 usr/lib64/python3.9/site-packages/lxml/includes/config.pxd
-rw-r--r-- root/root       671 2022-12-13 21:29 usr/lib64/python3.9/site-packages/lxml/includes/dtdvalid.pxd
-rw-r--r-- root/root     15365 2022-12-13 21:29 usr/lib64/python3.9/site-packages/lxml/includes/etree_defs.h
-rw-r--r-- root/root     10122 2022-12-13 21:29 usr/lib64/python3.9/site-packages/lxml/includes/etreepublic.pxd
-rw-r--r-- root/root      2868 2022-12-13 21:29 usr/lib64/python3.9/site-packages/lxml/includes/htmlparser.pxd
-rw-r--r-- root/root        71 2022-12-13 21:29 usr/lib64/python3.9/site-packages/lxml/includes/lxml-version.h
-rw-r--r-- root/root      2669 2022-12-13 21:29 usr/lib64/python3.9/site-packages/lxml/includes/relaxng.pxd
-rw-r--r-- root/root      1640 2022-12-13 21:29 usr/lib64/python3.9/site-packages/lxml/includes/schematron.pxd
-rw-r--r-- root/root     20091 2022-12-13 21:29 usr/lib64/python3.9/site-packages/lxml/includes/tree.pxd
-rw-r--r-- root/root       139 2022-12-13 21:29 usr/lib64/python3.9/site-packages/lxml/includes/uri.pxd
-rw-r--r-- root/root       852 2022-12-13 21:29 usr/lib64/python3.9/site-packages/lxml/includes/xinclude.pxd
-rw-r--r-- root/root     58004 2022-12-13 21:29 usr/lib64/python3.9/site-packages/lxml/includes/xmlerror.pxd
-rw-r--r-- root/root     10869 2022-12-13 21:29 usr/lib64/python3.9/site-packages/lxml/includes/xmlparser.pxd
-rw-r--r-- root/root      1696 2022-12-13 21:29 usr/lib64/python3.9/site-packages/lxml/includes/xmlschema.pxd
-rw-r--r-- root/root      5794 2022-12-13 21:29 usr/lib64/python3.9/site-packages/lxml/includes/xpath.pxd
-rw-r--r-- root/root      8341 2022-12-13 21:29 usr/lib64/python3.9/site-packages/lxml/includes/xslt.pxd
drwxr-xr-x root/root         0 2022-12-14 14:14 usr/lib64/python3.9/site-packages/lxml/isoschematron/
-rw-r--r-- root/root     12399 2022-12-13 21:29 usr/lib64/python3.9/site-packages/lxml/isoschematron/__init__.py
drwxr-xr-x root/root         0 2022-12-14 14:14 usr/lib64/python3.9/site-packages/lxml/isoschematron/__pycache__/
-rw-r--r-- root/root      9640 2022-12-14 14:14 usr/lib64/python3.9/site-packages/lxml/isoschematron/__pycache__/__init__.cpython-39.pyc
drwxr-xr-x root/root         0 2022-12-14 14:14 usr/lib64/python3.9/site-packages/lxml/isoschematron/resources/
drwxr-xr-x root/root         0 2022-12-14 14:14 usr/lib64/python3.9/site-packages/lxml/isoschematron/resources/rng/
-rw-r--r-- root/root     18337 2022-12-13 21:29 usr/lib64/python3.9/site-packages/lxml/isoschematron/resources/rng/iso-schematron.rng
drwxr-xr-x root/root         0 2022-12-14 14:14 usr/lib64/python3.9/site-packages/lxml/isoschematron/resources/xsl/
-rw-r--r-- root/root      3172 2022-12-13 21:29 usr/lib64/python3.9/site-packages/lxml/isoschematron/resources/xsl/RNG2Schtrn.xsl
-rw-r--r-- root/root      4563 2022-12-13 21:29 usr/lib64/python3.9/site-packages/lxml/isoschematron/resources/xsl/XSD2Schtrn.xsl
drwxr-xr-x root/root         0 2022-12-14 14:14 usr/lib64/python3.9/site-packages/lxml/isoschematron/resources/xsl/iso-schematron-xslt1/
-rw-r--r-- root/root     11703 2022-12-13 21:29 usr/lib64/python3.9/site-packages/lxml/isoschematron/resources/xsl/iso-schematron-xslt1/iso_abstract_expand.xsl
-rw-r--r-- root/root     39957 2022-12-13 21:29 usr/lib64/python3.9/site-packages/lxml/isoschematron/resources/xsl/iso-schematron-xslt1/iso_dsdl_include.xsl
-rw-r--r-- root/root      2015 2022-12-13 21:29 usr/lib64/python3.9/site-packages/lxml/isoschematron/resources/xsl/iso-schematron-xslt1/iso_schematron_message.xsl
-rw-r--r-- root/root     71764 2022-12-13 21:29 usr/lib64/python3.9/site-packages/lxml/isoschematron/resources/xsl/iso-schematron-xslt1/iso_schematron_skeleton_for_xslt1.xsl
-rw-r--r-- root/root     20382 2022-12-13 21:29 usr/lib64/python3.9/site-packages/lxml/isoschematron/resources/xsl/iso-schematron-xslt1/iso_svrl_for_xslt1.xsl
-rw-r--r-- root/root      3310 2022-12-13 21:29 usr/lib64/python3.9/site-packages/lxml/isoschematron/resources/xsl/iso-schematron-xslt1/readme.txt
-rw-r--r-- root/root     16607 2022-12-13 21:29 usr/lib64/python3.9/site-packages/lxml/iterparse.pxi
-rw-r--r-- root/root      8575 2022-12-13 21:29 usr/lib64/python3.9/site-packages/lxml/lxml.etree.h
-rw-r--r-- root/root     17472 2022-12-13 21:29 usr/lib64/python3.9/site-packages/lxml/lxml.etree_api.h
-rw-r--r-- root/root      9145 2022-12-13 21:29 usr/lib64/python3.9/site-packages/lxml/nsclasses.pxi
-rwxr-xr-x root/root    382424 2022-12-14 14:14 usr/lib64/python3.9/site-packages/lxml/objectify.cpython-39-x86_64-linux-gnu.so
-rw-r--r-- root/root     77100 2022-12-13 21:29 usr/lib64/python3.9/site-packages/lxml/objectify.pyx
-rw-r--r-- root/root     11479 2022-12-13 21:29 usr/lib64/python3.9/site-packages/lxml/objectpath.pxi
-rw-r--r-- root/root     78247 2022-12-13 21:29 usr/lib64/python3.9/site-packages/lxml/parser.pxi
-rw-r--r-- root/root      6859 2022-12-13 21:29 usr/lib64/python3.9/site-packages/lxml/parsertarget.pxi
-rw-r--r-- root/root     23562 2022-12-13 21:29 usr/lib64/python3.9/site-packages/lxml/proxy.pxi
-rw-r--r-- root/root      6660 2022-12-13 21:29 usr/lib64/python3.9/site-packages/lxml/public-api.pxi
-rw-r--r-- root/root        92 2022-12-13 21:29 usr/lib64/python3.9/site-packages/lxml/pyclasslookup.py
-rw-r--r-- root/root     19048 2022-12-13 21:29 usr/lib64/python3.9/site-packages/lxml/readonlytree.pxi
-rw-r--r-- root/root      6085 2022-12-13 21:29 usr/lib64/python3.9/site-packages/lxml/relaxng.pxi
-rwxr-xr-x root/root    159928 2022-12-14 14:14 usr/lib64/python3.9/site-packages/lxml/sax.cpython-39-x86_64-linux-gnu.so
-rw-r--r-- root/root      9396 2022-12-13 21:29 usr/lib64/python3.9/site-packages/lxml/sax.py
-rw-r--r-- root/root     32542 2022-12-13 21:29 usr/lib64/python3.9/site-packages/lxml/saxparser.pxi
-rw-r--r-- root/root      5782 2022-12-13 21:29 usr/lib64/python3.9/site-packages/lxml/schematron.pxi
-rw-r--r-- root/root     67999 2022-12-13 21:29 usr/lib64/python3.9/site-packages/lxml/serializer.pxi
-rw-r--r-- root/root       230 2022-12-13 21:29 usr/lib64/python3.9/site-packages/lxml/usedoctest.py
-rw-r--r-- root/root      2460 2022-12-13 21:29 usr/lib64/python3.9/site-packages/lxml/xinclude.pxi
-rw-r--r-- root/root     49531 2022-12-13 21:29 usr/lib64/python3.9/site-packages/lxml/xmlerror.pxi
-rw-r--r-- root/root      6064 2022-12-13 21:29 usr/lib64/python3.9/site-packages/lxml/xmlid.pxi
-rw-r--r-- root/root      8079 2022-12-13 21:29 usr/lib64/python3.9/site-packages/lxml/xmlschema.pxi
-rw-r--r-- root/root     19571 2022-12-13 21:29 usr/lib64/python3.9/site-packages/lxml/xpath.pxi
-rw-r--r-- root/root     36694 2022-12-13 21:29 usr/lib64/python3.9/site-packages/lxml/xslt.pxi
-rw-r--r-- root/root     11085 2022-12-13 21:29 usr/lib64/python3.9/site-packages/lxml/xsltext.pxi


