++========================================
||
||   Package:  ./ranger/ranger-1.9.3-x86_64-4cf.txz
||
++========================================
drwxr-xr-x root/root         0 2021-11-05 10:20 ./
drwxr-xr-x root/root         0 2021-11-05 10:20 install/
-rw-r--r-- root/root       130 2021-11-05 10:20 install/doinst.sh
-rw-r--r-- root/root       766 2021-11-05 10:20 install/slack-desc
drwxr-xr-x root/root         0 2021-11-05 10:20 usr/
drwxr-xr-x root/root         0 2021-11-05 10:20 usr/bin/
-rwxr-xr-x root/root      1315 2021-11-05 10:20 usr/bin/ranger
-rwxr-xr-x root/root     21176 2021-11-05 10:20 usr/bin/rifle
drwxr-xr-x root/root         0 2021-11-05 10:20 usr/doc/
drwxr-xr-x root/root         0 2021-11-05 10:20 usr/doc/ranger-1.9.3/
-rw-r--r-- root/root     23814 2019-12-31 16:07 usr/doc/ranger-1.9.3/CHANGELOG.md
-rw-r--r-- root/root      8540 2019-12-31 16:07 usr/doc/ranger-1.9.3/HACKING.md
-rw-r--r-- root/root      6542 2019-12-31 16:07 usr/doc/ranger-1.9.3/README.md
-rw-r--r-- root/root      5053 2019-12-31 16:07 usr/doc/ranger-1.9.3/colorschemes.md
drwxr-xr-x root/root         0 2021-11-05 10:20 usr/doc/ranger-1.9.3/config/
drwxr-xr-x root/root         0 2021-11-05 10:20 usr/doc/ranger-1.9.3/config/colorschemes/
-rw-r--r-- root/root      5744 2019-12-31 16:07 usr/doc/ranger-1.9.3/config/colorschemes/default.py
-rw-r--r-- root/root       714 2019-12-31 16:07 usr/doc/ranger-1.9.3/config/colorschemes/jungle.py
-rw-r--r-- root/root      1171 2019-12-31 16:07 usr/doc/ranger-1.9.3/config/colorschemes/snow.py
-rwxr-xr-x root/root     62106 2019-12-31 16:07 usr/doc/ranger-1.9.3/config/commands.py
-rw-r--r-- root/root     24193 2019-12-31 16:07 usr/doc/ranger-1.9.3/config/rc.conf
-rw-r--r-- root/root     14071 2019-12-31 16:07 usr/doc/ranger-1.9.3/config/rifle.conf
-rwxr-xr-x root/root     13758 2019-12-31 16:07 usr/doc/ranger-1.9.3/config/scope.sh
drwxr-xr-x root/root         0 2021-11-05 10:20 usr/doc/ranger-1.9.3/examples/
-rw-r--r-- root/root       370 2019-12-31 16:07 usr/doc/ranger-1.9.3/examples/README
-rw-r--r-- root/root       664 2019-12-31 16:07 usr/doc/ranger-1.9.3/examples/fish_automatic_cd.fish
-rw-r--r-- root/root       991 2019-12-31 16:07 usr/doc/ranger-1.9.3/examples/plugin_avfs.py
-rw-r--r-- root/root       743 2019-12-31 16:07 usr/doc/ranger-1.9.3/examples/plugin_chmod_keybindings.py
-rw-r--r-- root/root       576 2019-12-31 16:07 usr/doc/ranger-1.9.3/examples/plugin_fasd_add.py
-rw-r--r-- root/root       713 2019-12-31 16:07 usr/doc/ranger-1.9.3/examples/plugin_file_filter.py
-rw-r--r-- root/root       921 2019-12-31 16:07 usr/doc/ranger-1.9.3/examples/plugin_hello_world.py
-rw-r--r-- root/root      1355 2019-12-31 16:07 usr/doc/ranger-1.9.3/examples/plugin_ipc.py
-rw-r--r-- root/root       691 2019-12-31 16:07 usr/doc/ranger-1.9.3/examples/plugin_linemode.py
-rw-r--r-- root/root       676 2019-12-31 16:07 usr/doc/ranger-1.9.3/examples/plugin_new_macro.py
-rw-r--r-- root/root       401 2019-12-31 16:07 usr/doc/ranger-1.9.3/examples/plugin_new_sorting_method.py
-rw-r--r-- root/root      1487 2019-12-31 16:07 usr/doc/ranger-1.9.3/examples/plugin_pmount.py
-rw-r--r-- root/root      2674 2019-12-31 16:07 usr/doc/ranger-1.9.3/examples/plugin_pmount_dynamic.py
-rw-r--r-- root/root     18278 2019-12-31 16:07 usr/doc/ranger-1.9.3/examples/rc_emacs.conf
-rw-r--r-- root/root       360 2019-12-31 16:07 usr/doc/ranger-1.9.3/examples/rifle_different_file_opener.conf
-rwxr-xr-x root/root      1604 2019-12-31 16:07 usr/doc/ranger-1.9.3/examples/rifle_sxiv.sh
-rw-r--r-- root/root       818 2019-12-31 16:07 usr/doc/ranger-1.9.3/examples/shell_automatic_cd.sh
-rw-r--r-- root/root       273 2019-12-31 16:07 usr/doc/ranger-1.9.3/examples/shell_subshell_notice.sh
-rw-r--r-- root/root      1289 2019-12-31 16:07 usr/doc/ranger-1.9.3/examples/vim_file_chooser.vim
-rw-r--r-- root/root      3448 2021-11-05 10:20 usr/doc/ranger-1.9.3/ranger.SlackBuild
drwxr-xr-x root/root         0 2021-11-05 10:20 usr/doc/ranger-1.9.3/tools/
-rwxr-xr-x root/root      2226 2019-12-31 16:07 usr/doc/ranger-1.9.3/tools/convert_papermode_to_metadata.py
-rwxr-xr-x root/root      1065 2019-12-31 16:07 usr/doc/ranger-1.9.3/tools/performance_test.py
-rwxr-xr-x root/root       835 2019-12-31 16:07 usr/doc/ranger-1.9.3/tools/print_colors.py
-rwxr-xr-x root/root       506 2019-12-31 16:07 usr/doc/ranger-1.9.3/tools/print_keys.py
drwxr-xr-x root/root         0 2021-11-05 10:20 usr/lib64/
drwxr-xr-x root/root         0 2021-11-05 10:20 usr/lib64/python3.9/
drwxr-xr-x root/root         0 2021-11-05 10:20 usr/lib64/python3.9/site-packages/
drwxr-xr-x root/root         0 2021-11-05 10:20 usr/lib64/python3.9/site-packages/ranger/
-rw-r--r-- root/root      2102 2019-12-31 16:07 usr/lib64/python3.9/site-packages/ranger/__init__.py
drwxr-xr-x root/root         0 2021-11-05 10:20 usr/lib64/python3.9/site-packages/ranger/__pycache__/
-rw-r--r-- root/root      1679 2021-11-05 10:20 usr/lib64/python3.9/site-packages/ranger/__pycache__/__init__.cpython-39.pyc
drwxr-xr-x root/root         0 2021-11-05 10:20 usr/lib64/python3.9/site-packages/ranger/api/
-rw-r--r-- root/root      1467 2019-12-31 16:07 usr/lib64/python3.9/site-packages/ranger/api/__init__.py
drwxr-xr-x root/root         0 2021-11-05 10:20 usr/lib64/python3.9/site-packages/ranger/api/__pycache__/
-rw-r--r-- root/root      1581 2021-11-05 10:20 usr/lib64/python3.9/site-packages/ranger/api/__pycache__/__init__.cpython-39.pyc
-rw-r--r-- root/root     14242 2021-11-05 10:20 usr/lib64/python3.9/site-packages/ranger/api/__pycache__/commands.cpython-39.pyc
-rw-r--r-- root/root     15498 2019-12-31 16:07 usr/lib64/python3.9/site-packages/ranger/api/commands.py
drwxr-xr-x root/root         0 2021-11-05 10:20 usr/lib64/python3.9/site-packages/ranger/colorschemes/
-rw-r--r-- root/root        79 2019-12-31 16:07 usr/lib64/python3.9/site-packages/ranger/colorschemes/__init__.py
drwxr-xr-x root/root         0 2021-11-05 10:20 usr/lib64/python3.9/site-packages/ranger/colorschemes/__pycache__/
-rw-r--r-- root/root       241 2021-11-05 10:20 usr/lib64/python3.9/site-packages/ranger/colorschemes/__pycache__/__init__.cpython-39.pyc
-rw-r--r-- root/root      2899 2021-11-05 10:20 usr/lib64/python3.9/site-packages/ranger/colorschemes/__pycache__/default.cpython-39.pyc
-rw-r--r-- root/root       882 2021-11-05 10:20 usr/lib64/python3.9/site-packages/ranger/colorschemes/__pycache__/jungle.cpython-39.pyc
-rw-r--r-- root/root      1059 2021-11-05 10:20 usr/lib64/python3.9/site-packages/ranger/colorschemes/__pycache__/snow.cpython-39.pyc
-rw-r--r-- root/root      2262 2021-11-05 10:20 usr/lib64/python3.9/site-packages/ranger/colorschemes/__pycache__/solarized.cpython-39.pyc
-rw-r--r-- root/root      5744 2019-12-31 16:07 usr/lib64/python3.9/site-packages/ranger/colorschemes/default.py
-rw-r--r-- root/root       714 2019-12-31 16:07 usr/lib64/python3.9/site-packages/ranger/colorschemes/jungle.py
-rw-r--r-- root/root      1171 2019-12-31 16:07 usr/lib64/python3.9/site-packages/ranger/colorschemes/snow.py
-rw-r--r-- root/root      4361 2019-12-31 16:07 usr/lib64/python3.9/site-packages/ranger/colorschemes/solarized.py
drwxr-xr-x root/root         0 2021-11-05 10:20 usr/lib64/python3.9/site-packages/ranger/config/
-rw-r--r-- root/root        46 2019-12-31 16:07 usr/lib64/python3.9/site-packages/ranger/config/__init__.py
drwxr-xr-x root/root         0 2021-11-05 10:20 usr/lib64/python3.9/site-packages/ranger/config/__pycache__/
-rw-r--r-- root/root       202 2021-11-05 10:20 usr/lib64/python3.9/site-packages/ranger/config/__pycache__/__init__.cpython-39.pyc
-rw-r--r-- root/root     57525 2021-11-05 10:20 usr/lib64/python3.9/site-packages/ranger/config/__pycache__/commands.cpython-39.pyc
-rw-r--r-- root/root      1108 2021-11-05 10:20 usr/lib64/python3.9/site-packages/ranger/config/__pycache__/commands_sample.cpython-39.pyc
-rw-r--r-- root/root     62106 2019-12-31 16:07 usr/lib64/python3.9/site-packages/ranger/config/commands.py
-rw-r--r-- root/root      2763 2019-12-31 16:07 usr/lib64/python3.9/site-packages/ranger/config/commands_sample.py
-rw-r--r-- root/root     24193 2019-12-31 16:07 usr/lib64/python3.9/site-packages/ranger/config/rc.conf
-rw-r--r-- root/root     14071 2019-12-31 16:07 usr/lib64/python3.9/site-packages/ranger/config/rifle.conf
drwxr-xr-x root/root         0 2021-11-05 10:20 usr/lib64/python3.9/site-packages/ranger/container/
-rw-r--r-- root/root        71 2019-12-31 16:07 usr/lib64/python3.9/site-packages/ranger/container/__init__.py
drwxr-xr-x root/root         0 2021-11-05 10:20 usr/lib64/python3.9/site-packages/ranger/container/__pycache__/
-rw-r--r-- root/root       230 2021-11-05 10:20 usr/lib64/python3.9/site-packages/ranger/container/__pycache__/__init__.cpython-39.pyc
-rw-r--r-- root/root      7267 2021-11-05 10:20 usr/lib64/python3.9/site-packages/ranger/container/__pycache__/bookmarks.cpython-39.pyc
-rw-r--r-- root/root     20928 2021-11-05 10:20 usr/lib64/python3.9/site-packages/ranger/container/__pycache__/directory.cpython-39.pyc
-rw-r--r-- root/root      3482 2021-11-05 10:20 usr/lib64/python3.9/site-packages/ranger/container/__pycache__/file.cpython-39.pyc
-rw-r--r-- root/root     10627 2021-11-05 10:20 usr/lib64/python3.9/site-packages/ranger/container/__pycache__/fsobject.cpython-39.pyc
-rw-r--r-- root/root      4189 2021-11-05 10:20 usr/lib64/python3.9/site-packages/ranger/container/__pycache__/history.cpython-39.pyc
-rw-r--r-- root/root      8870 2021-11-05 10:20 usr/lib64/python3.9/site-packages/ranger/container/__pycache__/settings.cpython-39.pyc
-rw-r--r-- root/root      4942 2021-11-05 10:20 usr/lib64/python3.9/site-packages/ranger/container/__pycache__/tags.cpython-39.pyc
-rw-r--r-- root/root      8136 2019-12-31 16:07 usr/lib64/python3.9/site-packages/ranger/container/bookmarks.py
-rw-r--r-- root/root     25250 2019-12-31 16:07 usr/lib64/python3.9/site-packages/ranger/container/directory.py
-rw-r--r-- root/root      3508 2019-12-31 16:07 usr/lib64/python3.9/site-packages/ranger/container/file.py
-rw-r--r-- root/root     12284 2019-12-31 16:07 usr/lib64/python3.9/site-packages/ranger/container/fsobject.py
-rw-r--r-- root/root      4615 2019-12-31 16:07 usr/lib64/python3.9/site-packages/ranger/container/history.py
-rw-r--r-- root/root     11646 2019-12-31 16:07 usr/lib64/python3.9/site-packages/ranger/container/settings.py
-rw-r--r-- root/root      4378 2019-12-31 16:07 usr/lib64/python3.9/site-packages/ranger/container/tags.py
drwxr-xr-x root/root         0 2021-11-05 10:20 usr/lib64/python3.9/site-packages/ranger/core/
-rw-r--r-- root/root        22 2019-12-31 16:07 usr/lib64/python3.9/site-packages/ranger/core/__init__.py
drwxr-xr-x root/root         0 2021-11-05 10:20 usr/lib64/python3.9/site-packages/ranger/core/__pycache__/
-rw-r--r-- root/root       176 2021-11-05 10:20 usr/lib64/python3.9/site-packages/ranger/core/__pycache__/__init__.cpython-39.pyc
-rw-r--r-- root/root     45359 2021-11-05 10:20 usr/lib64/python3.9/site-packages/ranger/core/__pycache__/actions.cpython-39.pyc
-rw-r--r-- root/root      9377 2021-11-05 10:20 usr/lib64/python3.9/site-packages/ranger/core/__pycache__/filter_stack.cpython-39.pyc
-rw-r--r-- root/root     13490 2021-11-05 10:20 usr/lib64/python3.9/site-packages/ranger/core/__pycache__/fm.cpython-39.pyc
-rw-r--r-- root/root      5970 2021-11-05 10:20 usr/lib64/python3.9/site-packages/ranger/core/__pycache__/linemode.cpython-39.pyc
-rw-r--r-- root/root     11442 2021-11-05 10:20 usr/lib64/python3.9/site-packages/ranger/core/__pycache__/loader.cpython-39.pyc
-rw-r--r-- root/root     14126 2021-11-05 10:20 usr/lib64/python3.9/site-packages/ranger/core/__pycache__/main.cpython-39.pyc
-rw-r--r-- root/root      3732 2021-11-05 10:20 usr/lib64/python3.9/site-packages/ranger/core/__pycache__/metadata.cpython-39.pyc
-rw-r--r-- root/root      7155 2021-11-05 10:20 usr/lib64/python3.9/site-packages/ranger/core/__pycache__/runner.cpython-39.pyc
-rw-r--r-- root/root      1082 2021-11-05 10:20 usr/lib64/python3.9/site-packages/ranger/core/__pycache__/shared.cpython-39.pyc
-rw-r--r-- root/root      4663 2021-11-05 10:20 usr/lib64/python3.9/site-packages/ranger/core/__pycache__/tab.cpython-39.pyc
-rw-r--r-- root/root     58704 2019-12-31 16:07 usr/lib64/python3.9/site-packages/ranger/core/actions.py
-rw-r--r-- root/root      6919 2019-12-31 16:07 usr/lib64/python3.9/site-packages/ranger/core/filter_stack.py
-rw-r--r-- root/root     16025 2019-12-31 16:07 usr/lib64/python3.9/site-packages/ranger/core/fm.py
-rw-r--r-- root/root      4690 2019-12-31 16:07 usr/lib64/python3.9/site-packages/ranger/core/linemode.py
-rw-r--r-- root/root     15595 2019-12-31 16:07 usr/lib64/python3.9/site-packages/ranger/core/loader.py
-rw-r--r-- root/root     19768 2019-12-31 16:07 usr/lib64/python3.9/site-packages/ranger/core/main.py
-rw-r--r-- root/root      5358 2019-12-31 16:07 usr/lib64/python3.9/site-packages/ranger/core/metadata.py
-rw-r--r-- root/root      9418 2019-12-31 16:07 usr/lib64/python3.9/site-packages/ranger/core/runner.py
-rw-r--r-- root/root       703 2019-12-31 16:07 usr/lib64/python3.9/site-packages/ranger/core/shared.py
-rw-r--r-- root/root      6041 2019-12-31 16:07 usr/lib64/python3.9/site-packages/ranger/core/tab.py
drwxr-xr-x root/root         0 2021-11-05 10:20 usr/lib64/python3.9/site-packages/ranger/data/
-rw-r--r-- root/root      1322 2019-12-31 16:07 usr/lib64/python3.9/site-packages/ranger/data/mime.types
-rwxr-xr-x root/root     13758 2019-12-31 16:07 usr/lib64/python3.9/site-packages/ranger/data/scope.sh
drwxr-xr-x root/root         0 2021-11-05 10:20 usr/lib64/python3.9/site-packages/ranger/ext/
-rw-r--r-- root/root        62 2019-12-31 16:07 usr/lib64/python3.9/site-packages/ranger/ext/__init__.py
drwxr-xr-x root/root         0 2021-11-05 10:20 usr/lib64/python3.9/site-packages/ranger/ext/__pycache__/
-rw-r--r-- root/root       215 2021-11-05 10:20 usr/lib64/python3.9/site-packages/ranger/ext/__pycache__/__init__.cpython-39.pyc
-rw-r--r-- root/root      2455 2021-11-05 10:20 usr/lib64/python3.9/site-packages/ranger/ext/__pycache__/accumulator.cpython-39.pyc
-rw-r--r-- root/root       631 2021-11-05 10:20 usr/lib64/python3.9/site-packages/ranger/ext/__pycache__/cached_function.cpython-39.pyc
-rw-r--r-- root/root      1341 2021-11-05 10:20 usr/lib64/python3.9/site-packages/ranger/ext/__pycache__/curses_interrupt_handler.cpython-39.pyc
-rw-r--r-- root/root      5593 2021-11-05 10:20 usr/lib64/python3.9/site-packages/ranger/ext/__pycache__/direction.cpython-39.pyc
-rw-r--r-- root/root      1619 2021-11-05 10:20 usr/lib64/python3.9/site-packages/ranger/ext/__pycache__/get_executables.cpython-39.pyc
-rw-r--r-- root/root       946 2021-11-05 10:20 usr/lib64/python3.9/site-packages/ranger/ext/__pycache__/hash.cpython-39.pyc
-rw-r--r-- root/root      2120 2021-11-05 10:20 usr/lib64/python3.9/site-packages/ranger/ext/__pycache__/human_readable.cpython-39.pyc
-rw-r--r-- root/root     22159 2021-11-05 10:20 usr/lib64/python3.9/site-packages/ranger/ext/__pycache__/img_display.cpython-39.pyc
-rw-r--r-- root/root      1417 2021-11-05 10:20 usr/lib64/python3.9/site-packages/ranger/ext/__pycache__/iter_tools.cpython-39.pyc
-rw-r--r-- root/root      7042 2021-11-05 10:20 usr/lib64/python3.9/site-packages/ranger/ext/__pycache__/keybinding_parser.cpython-39.pyc
-rw-r--r-- root/root      1708 2021-11-05 10:20 usr/lib64/python3.9/site-packages/ranger/ext/__pycache__/lazy_property.cpython-39.pyc
-rw-r--r-- root/root      2433 2021-11-05 10:20 usr/lib64/python3.9/site-packages/ranger/ext/__pycache__/logutils.cpython-39.pyc
-rw-r--r-- root/root       552 2021-11-05 10:20 usr/lib64/python3.9/site-packages/ranger/ext/__pycache__/mount_path.cpython-39.pyc
-rw-r--r-- root/root       618 2021-11-05 10:20 usr/lib64/python3.9/site-packages/ranger/ext/__pycache__/next_available_filename.cpython-39.pyc
-rw-r--r-- root/root      1228 2021-11-05 10:20 usr/lib64/python3.9/site-packages/ranger/ext/__pycache__/openstruct.cpython-39.pyc
-rw-r--r-- root/root       777 2021-11-05 10:20 usr/lib64/python3.9/site-packages/ranger/ext/__pycache__/popen_forked.cpython-39.pyc
-rw-r--r-- root/root       940 2021-11-05 10:20 usr/lib64/python3.9/site-packages/ranger/ext/__pycache__/relative_symlink.cpython-39.pyc
-rw-r--r-- root/root     13951 2021-11-05 10:20 usr/lib64/python3.9/site-packages/ranger/ext/__pycache__/rifle.cpython-39.pyc
-rw-r--r-- root/root       471 2021-11-05 10:20 usr/lib64/python3.9/site-packages/ranger/ext/__pycache__/safe_path.cpython-39.pyc
-rw-r--r-- root/root      1119 2021-11-05 10:20 usr/lib64/python3.9/site-packages/ranger/ext/__pycache__/shell_escape.cpython-39.pyc
-rw-r--r-- root/root      7041 2021-11-05 10:20 usr/lib64/python3.9/site-packages/ranger/ext/__pycache__/shutil_generatorized.cpython-39.pyc
-rw-r--r-- root/root      9768 2021-11-05 10:20 usr/lib64/python3.9/site-packages/ranger/ext/__pycache__/signals.cpython-39.pyc
-rw-r--r-- root/root      2187 2021-11-05 10:20 usr/lib64/python3.9/site-packages/ranger/ext/__pycache__/spawn.cpython-39.pyc
-rw-r--r-- root/root      4892 2021-11-05 10:20 usr/lib64/python3.9/site-packages/ranger/ext/__pycache__/widestring.cpython-39.pyc
-rw-r--r-- root/root      2518 2019-12-31 16:07 usr/lib64/python3.9/site-packages/ranger/ext/accumulator.py
-rw-r--r-- root/root       584 2019-12-31 16:07 usr/lib64/python3.9/site-packages/ranger/ext/cached_function.py
-rw-r--r-- root/root      1407 2019-12-31 16:07 usr/lib64/python3.9/site-packages/ranger/ext/curses_interrupt_handler.py
-rw-r--r-- root/root      5186 2019-12-31 16:07 usr/lib64/python3.9/site-packages/ranger/ext/direction.py
-rw-r--r-- root/root      1824 2019-12-31 16:07 usr/lib64/python3.9/site-packages/ranger/ext/get_executables.py
-rw-r--r-- root/root       965 2019-12-31 16:07 usr/lib64/python3.9/site-packages/ranger/ext/hash.py
-rw-r--r-- root/root      2785 2019-12-31 16:07 usr/lib64/python3.9/site-packages/ranger/ext/human_readable.py
-rw-r--r-- root/root     28750 2019-12-31 16:07 usr/lib64/python3.9/site-packages/ranger/ext/img_display.py
-rw-r--r-- root/root      1352 2019-12-31 16:07 usr/lib64/python3.9/site-packages/ranger/ext/iter_tools.py
-rw-r--r-- root/root      8699 2019-12-31 16:07 usr/lib64/python3.9/site-packages/ranger/ext/keybinding_parser.py
-rw-r--r-- root/root      1666 2019-12-31 16:07 usr/lib64/python3.9/site-packages/ranger/ext/lazy_property.py
-rw-r--r-- root/root      2092 2019-12-31 16:07 usr/lib64/python3.9/site-packages/ranger/ext/logutils.py
-rw-r--r-- root/root       468 2019-12-31 16:07 usr/lib64/python3.9/site-packages/ranger/ext/mount_path.py
-rw-r--r-- root/root       627 2019-12-31 16:07 usr/lib64/python3.9/site-packages/ranger/ext/next_available_filename.py
-rw-r--r-- root/root       786 2019-12-31 16:07 usr/lib64/python3.9/site-packages/ranger/ext/openstruct.py
-rw-r--r-- root/root       791 2019-12-31 16:07 usr/lib64/python3.9/site-packages/ranger/ext/popen_forked.py
-rw-r--r-- root/root       868 2019-12-31 16:07 usr/lib64/python3.9/site-packages/ranger/ext/relative_symlink.py
-rw-r--r-- root/root     21175 2019-12-31 16:07 usr/lib64/python3.9/site-packages/ranger/ext/rifle.py
-rw-r--r-- root/root       481 2019-12-31 16:07 usr/lib64/python3.9/site-packages/ranger/ext/safe_path.py
-rw-r--r-- root/root       956 2019-12-31 16:07 usr/lib64/python3.9/site-packages/ranger/ext/shell_escape.py
-rw-r--r-- root/root     10210 2019-12-31 16:07 usr/lib64/python3.9/site-packages/ranger/ext/shutil_generatorized.py
-rw-r--r-- root/root     10196 2019-12-31 16:07 usr/lib64/python3.9/site-packages/ranger/ext/signals.py
-rw-r--r-- root/root      2259 2019-12-31 16:07 usr/lib64/python3.9/site-packages/ranger/ext/spawn.py
drwxr-xr-x root/root         0 2021-11-05 10:20 usr/lib64/python3.9/site-packages/ranger/ext/vcs/
-rw-r--r-- root/root       299 2019-12-31 16:07 usr/lib64/python3.9/site-packages/ranger/ext/vcs/__init__.py
drwxr-xr-x root/root         0 2021-11-05 10:20 usr/lib64/python3.9/site-packages/ranger/ext/vcs/__pycache__/
-rw-r--r-- root/root       370 2021-11-05 10:20 usr/lib64/python3.9/site-packages/ranger/ext/vcs/__pycache__/__init__.cpython-39.pyc
-rw-r--r-- root/root      3941 2021-11-05 10:20 usr/lib64/python3.9/site-packages/ranger/ext/vcs/__pycache__/bzr.cpython-39.pyc
-rw-r--r-- root/root      5204 2021-11-05 10:20 usr/lib64/python3.9/site-packages/ranger/ext/vcs/__pycache__/git.cpython-39.pyc
-rw-r--r-- root/root      3463 2021-11-05 10:20 usr/lib64/python3.9/site-packages/ranger/ext/vcs/__pycache__/hg.cpython-39.pyc
-rw-r--r-- root/root      3847 2021-11-05 10:20 usr/lib64/python3.9/site-packages/ranger/ext/vcs/__pycache__/svn.cpython-39.pyc
-rw-r--r-- root/root     13253 2021-11-05 10:20 usr/lib64/python3.9/site-packages/ranger/ext/vcs/__pycache__/vcs.cpython-39.pyc
-rw-r--r-- root/root      4320 2019-12-31 16:07 usr/lib64/python3.9/site-packages/ranger/ext/vcs/bzr.py
-rw-r--r-- root/root      5983 2019-12-31 16:07 usr/lib64/python3.9/site-packages/ranger/ext/vcs/git.py
-rw-r--r-- root/root      3731 2019-12-31 16:07 usr/lib64/python3.9/site-packages/ranger/ext/vcs/hg.py
-rw-r--r-- root/root      4228 2019-12-31 16:07 usr/lib64/python3.9/site-packages/ranger/ext/vcs/svn.py
-rw-r--r-- root/root     17646 2019-12-31 16:07 usr/lib64/python3.9/site-packages/ranger/ext/vcs/vcs.py
-rw-r--r-- root/root      5310 2019-12-31 16:07 usr/lib64/python3.9/site-packages/ranger/ext/widestring.py
drwxr-xr-x root/root         0 2021-11-05 10:20 usr/lib64/python3.9/site-packages/ranger/gui/
-rw-r--r-- root/root         0 2019-12-31 16:07 usr/lib64/python3.9/site-packages/ranger/gui/__init__.py
drwxr-xr-x root/root         0 2021-11-05 10:20 usr/lib64/python3.9/site-packages/ranger/gui/__pycache__/
-rw-r--r-- root/root       148 2021-11-05 10:20 usr/lib64/python3.9/site-packages/ranger/gui/__pycache__/__init__.cpython-39.pyc
-rw-r--r-- root/root      3707 2021-11-05 10:20 usr/lib64/python3.9/site-packages/ranger/gui/__pycache__/ansi.cpython-39.pyc
-rw-r--r-- root/root      4765 2021-11-05 10:20 usr/lib64/python3.9/site-packages/ranger/gui/__pycache__/bar.cpython-39.pyc
-rw-r--r-- root/root      1594 2021-11-05 10:20 usr/lib64/python3.9/site-packages/ranger/gui/__pycache__/color.cpython-39.pyc
-rw-r--r-- root/root      4930 2021-11-05 10:20 usr/lib64/python3.9/site-packages/ranger/gui/__pycache__/colorscheme.cpython-39.pyc
-rw-r--r-- root/root      1515 2021-11-05 10:20 usr/lib64/python3.9/site-packages/ranger/gui/__pycache__/context.cpython-39.pyc
-rw-r--r-- root/root      3495 2021-11-05 10:20 usr/lib64/python3.9/site-packages/ranger/gui/__pycache__/curses_shortcuts.cpython-39.pyc
-rw-r--r-- root/root      9266 2021-11-05 10:20 usr/lib64/python3.9/site-packages/ranger/gui/__pycache__/displayable.cpython-39.pyc
-rw-r--r-- root/root      2074 2021-11-05 10:20 usr/lib64/python3.9/site-packages/ranger/gui/__pycache__/mouse_event.cpython-39.pyc
-rw-r--r-- root/root     15239 2021-11-05 10:20 usr/lib64/python3.9/site-packages/ranger/gui/__pycache__/ui.cpython-39.pyc
-rw-r--r-- root/root      5824 2019-12-31 16:07 usr/lib64/python3.9/site-packages/ranger/gui/ansi.py
-rw-r--r-- root/root      4245 2019-12-31 16:07 usr/lib64/python3.9/site-packages/ranger/gui/bar.py
-rw-r--r-- root/root      2274 2019-12-31 16:07 usr/lib64/python3.9/site-packages/ranger/gui/color.py
-rw-r--r-- root/root      5568 2019-12-31 16:07 usr/lib64/python3.9/site-packages/ranger/gui/colorscheme.py
-rw-r--r-- root/root      1591 2019-12-31 16:07 usr/lib64/python3.9/site-packages/ranger/gui/context.py
-rw-r--r-- root/root      2974 2019-12-31 16:07 usr/lib64/python3.9/site-packages/ranger/gui/curses_shortcuts.py
-rw-r--r-- root/root     10338 2019-12-31 16:07 usr/lib64/python3.9/site-packages/ranger/gui/displayable.py
-rw-r--r-- root/root      2155 2019-12-31 16:07 usr/lib64/python3.9/site-packages/ranger/gui/mouse_event.py
-rw-r--r-- root/root     19869 2019-12-31 16:07 usr/lib64/python3.9/site-packages/ranger/gui/ui.py
drwxr-xr-x root/root         0 2021-11-05 10:20 usr/lib64/python3.9/site-packages/ranger/gui/widgets/
-rw-r--r-- root/root      1123 2019-12-31 16:07 usr/lib64/python3.9/site-packages/ranger/gui/widgets/__init__.py
drwxr-xr-x root/root         0 2021-11-05 10:20 usr/lib64/python3.9/site-packages/ranger/gui/widgets/__pycache__/
-rw-r--r-- root/root      1088 2021-11-05 10:20 usr/lib64/python3.9/site-packages/ranger/gui/widgets/__pycache__/__init__.cpython-39.pyc
-rw-r--r-- root/root     13628 2021-11-05 10:20 usr/lib64/python3.9/site-packages/ranger/gui/widgets/__pycache__/browsercolumn.cpython-39.pyc
-rw-r--r-- root/root     13426 2021-11-05 10:20 usr/lib64/python3.9/site-packages/ranger/gui/widgets/__pycache__/console.cpython-39.pyc
-rw-r--r-- root/root      7113 2021-11-05 10:20 usr/lib64/python3.9/site-packages/ranger/gui/widgets/__pycache__/pager.cpython-39.pyc
-rw-r--r-- root/root      8878 2021-11-05 10:20 usr/lib64/python3.9/site-packages/ranger/gui/widgets/__pycache__/statusbar.cpython-39.pyc
-rw-r--r-- root/root      2771 2021-11-05 10:20 usr/lib64/python3.9/site-packages/ranger/gui/widgets/__pycache__/taskview.cpython-39.pyc
-rw-r--r-- root/root      4500 2021-11-05 10:20 usr/lib64/python3.9/site-packages/ranger/gui/widgets/__pycache__/titlebar.cpython-39.pyc
-rw-r--r-- root/root      7265 2021-11-05 10:20 usr/lib64/python3.9/site-packages/ranger/gui/widgets/__pycache__/view_base.cpython-39.pyc
-rw-r--r-- root/root      6671 2021-11-05 10:20 usr/lib64/python3.9/site-packages/ranger/gui/widgets/__pycache__/view_miller.cpython-39.pyc
-rw-r--r-- root/root      2076 2021-11-05 10:20 usr/lib64/python3.9/site-packages/ranger/gui/widgets/__pycache__/view_multipane.cpython-39.pyc
-rw-r--r-- root/root     20534 2019-12-31 16:07 usr/lib64/python3.9/site-packages/ranger/gui/widgets/browsercolumn.py
-rw-r--r-- root/root     19156 2019-12-31 16:07 usr/lib64/python3.9/site-packages/ranger/gui/widgets/console.py
-rw-r--r-- root/root      8861 2019-12-31 16:07 usr/lib64/python3.9/site-packages/ranger/gui/widgets/pager.py
-rw-r--r-- root/root     11587 2019-12-31 16:07 usr/lib64/python3.9/site-packages/ranger/gui/widgets/statusbar.py
-rw-r--r-- root/root      2876 2019-12-31 16:07 usr/lib64/python3.9/site-packages/ranger/gui/widgets/taskview.py
-rw-r--r-- root/root      5322 2019-12-31 16:07 usr/lib64/python3.9/site-packages/ranger/gui/widgets/titlebar.py
-rw-r--r-- root/root      6634 2019-12-31 16:07 usr/lib64/python3.9/site-packages/ranger/gui/widgets/view_base.py
-rw-r--r-- root/root     10550 2019-12-31 16:07 usr/lib64/python3.9/site-packages/ranger/gui/widgets/view_miller.py
-rw-r--r-- root/root      1908 2019-12-31 16:07 usr/lib64/python3.9/site-packages/ranger/gui/widgets/view_multipane.py
-rw-r--r-- root/root      1468 2021-11-05 10:20 usr/lib64/python3.9/site-packages/ranger_fm-1.9.3-py3.9.egg-info
drwxr-xr-x root/root         0 2021-11-05 10:20 usr/man/
drwxr-xr-x root/root         0 2021-11-05 10:20 usr/man/man1/
-rw-r--r-- root/root     25418 2019-12-31 16:07 usr/man/man1/ranger.1.gz
-rw-r--r-- root/root      3392 2019-12-31 16:07 usr/man/man1/rifle.1.gz
drwxr-xr-x root/root         0 2021-11-05 10:20 usr/share/
drwxr-xr-x root/root         0 2021-11-05 10:20 usr/share/applications/
-rw-r--r-- root/root       276 2019-12-31 16:07 usr/share/applications/ranger.desktop


