++========================================
||
||   Package:  ./goocanvas/goocanvas-3.0.0-x86_64-1cf.txz
||
++========================================
drwxr-xr-x root/root         0 2021-04-26 09:22 ./
drwxr-xr-x root/root         0 2021-04-26 09:22 install/
-rw-r--r-- root/root       240 2021-04-26 09:22 install/doinst.sh
-rw-r--r-- root/root       752 2021-04-26 09:22 install/slack-desc
drwxr-xr-x root/root         0 2021-04-26 09:22 usr/
drwxr-xr-x root/root         0 2021-04-26 09:22 usr/doc/
drwxr-xr-x root/root         0 2021-04-26 09:22 usr/doc/goocanvas-3.0.0/
-rw-r--r-- root/root        32 2019-01-20 10:47 usr/doc/goocanvas-3.0.0/AUTHORS
-rw-r--r-- root/root     25292 2019-01-20 10:47 usr/doc/goocanvas-3.0.0/COPYING
-rw-r--r-- root/root     94380 2021-01-16 12:32 usr/doc/goocanvas-3.0.0/ChangeLog
-rw-r--r-- root/root      9822 2021-01-16 12:27 usr/doc/goocanvas-3.0.0/NEWS
-rw-r--r-- root/root      2247 2019-01-20 10:47 usr/doc/goocanvas-3.0.0/README
-rw-r--r-- root/root      3257 2019-01-20 10:47 usr/doc/goocanvas-3.0.0/TODO
-rw-r--r-- root/root      4026 2021-04-26 09:22 usr/doc/goocanvas-3.0.0/goocanvas.SlackBuild
drwxr-xr-x root/root         0 2021-04-26 09:21 usr/include/
drwxr-xr-x root/root         0 2021-04-26 09:21 usr/include/goocanvas-3.0/
-rw-r--r-- root/root     11738 2021-04-26 09:21 usr/include/goocanvas-3.0/goocanvas.h
-rw-r--r-- root/root      3898 2021-04-26 09:21 usr/include/goocanvas-3.0/goocanvasellipse.h
-rw-r--r-- root/root      1129 2021-04-26 09:21 usr/include/goocanvas-3.0/goocanvasenumtypes.h
-rw-r--r-- root/root      4895 2021-04-26 09:21 usr/include/goocanvas-3.0/goocanvasgrid.h
-rw-r--r-- root/root      3583 2021-04-26 09:21 usr/include/goocanvas-3.0/goocanvasgroup.h
-rw-r--r-- root/root      3666 2021-04-26 09:21 usr/include/goocanvas-3.0/goocanvasimage.h
-rw-r--r-- root/root     19599 2021-04-26 09:21 usr/include/goocanvas-3.0/goocanvasitem.h
-rw-r--r-- root/root     11588 2021-04-26 09:21 usr/include/goocanvas-3.0/goocanvasitemmodel.h
-rw-r--r-- root/root      8983 2021-04-26 09:21 usr/include/goocanvas-3.0/goocanvasitemsimple.h
-rw-r--r-- root/root      3305 2021-04-26 09:21 usr/include/goocanvas-3.0/goocanvasmarshal.h
-rw-r--r-- root/root      3560 2021-04-26 09:21 usr/include/goocanvas-3.0/goocanvaspath.h
-rw-r--r-- root/root      5969 2021-04-26 09:21 usr/include/goocanvas-3.0/goocanvaspolyline.h
-rw-r--r-- root/root      3891 2021-04-26 09:21 usr/include/goocanvas-3.0/goocanvasrect.h
-rw-r--r-- root/root      3592 2021-04-26 09:21 usr/include/goocanvas-3.0/goocanvasstyle.h
-rw-r--r-- root/root      4076 2021-04-26 09:21 usr/include/goocanvas-3.0/goocanvastable.h
-rw-r--r-- root/root      4171 2021-04-26 09:21 usr/include/goocanvas-3.0/goocanvastext.h
-rw-r--r-- root/root     13657 2021-04-26 09:21 usr/include/goocanvas-3.0/goocanvasutils.h
-rw-r--r-- root/root      2016 2021-04-26 09:21 usr/include/goocanvas-3.0/goocanvaswidget.h
drwxr-xr-x root/root         0 2021-04-26 09:22 usr/lib64/
drwxr-xr-x root/root         0 2021-04-26 09:21 usr/lib64/girepository-1.0/
-rw-r--r-- root/root     56604 2021-04-26 09:21 usr/lib64/girepository-1.0/GooCanvas-3.0.typelib
-rwxr-xr-x root/root    367400 2021-04-26 09:21 usr/lib64/libgoocanvas-3.0.so.9.3.2
drwxr-xr-x root/root         0 2021-04-26 09:22 usr/lib64/pkgconfig/
-rw-r--r-- root/root       258 2021-04-26 09:22 usr/lib64/pkgconfig/goocanvas-3.0.pc
drwxr-xr-x root/root         0 2021-04-26 09:22 usr/share/
drwxr-xr-x root/root         0 2021-04-26 09:21 usr/share/gir-1.0/
-rw-r--r-- root/root    717200 2021-04-26 09:21 usr/share/gir-1.0/GooCanvas-3.0.gir
drwxr-xr-x root/root         0 2021-04-26 09:22 usr/share/gtk-doc/
drwxr-xr-x root/root         0 2021-04-26 09:22 usr/share/gtk-doc/html/
drwxr-xr-x root/root         0 2021-04-26 09:22 usr/share/gtk-doc/html/goocanvas3/
-rw-r--r-- root/root      1674 2021-04-26 09:22 usr/share/gtk-doc/html/goocanvas3/api-index-full.html
-rw-r--r-- root/root      1832 2021-04-26 09:22 usr/share/gtk-doc/html/goocanvas3/ch01.html
-rw-r--r-- root/root      2310 2021-04-26 09:22 usr/share/gtk-doc/html/goocanvas3/goocanvas3-goocanvasenumtypes.html
-rw-r--r-- root/root       576 2021-04-26 09:22 usr/share/gtk-doc/html/goocanvas3/goocanvas3.devhelp2
-rw-r--r-- root/root       256 2021-04-26 09:22 usr/share/gtk-doc/html/goocanvas3/home.png
-rw-r--r-- root/root      1589 2021-04-26 09:22 usr/share/gtk-doc/html/goocanvas3/index.html
-rw-r--r-- root/root       395 2021-04-26 09:22 usr/share/gtk-doc/html/goocanvas3/left-insensitive.png
-rw-r--r-- root/root       262 2021-04-26 09:22 usr/share/gtk-doc/html/goocanvas3/left.png
-rw-r--r-- root/root       373 2021-04-26 09:22 usr/share/gtk-doc/html/goocanvas3/right-insensitive.png
-rw-r--r-- root/root       261 2021-04-26 09:22 usr/share/gtk-doc/html/goocanvas3/right.png
-rw-r--r-- root/root     12008 2021-04-26 09:22 usr/share/gtk-doc/html/goocanvas3/style.css
-rw-r--r-- root/root       374 2021-04-26 09:22 usr/share/gtk-doc/html/goocanvas3/up-insensitive.png
-rw-r--r-- root/root       260 2021-04-26 09:22 usr/share/gtk-doc/html/goocanvas3/up.png
drwxr-xr-x root/root         0 2021-04-26 09:22 usr/share/locale/
drwxr-xr-x root/root         0 2021-04-26 09:22 usr/share/locale/cs/
drwxr-xr-x root/root         0 2021-04-26 09:22 usr/share/locale/cs/LC_MESSAGES/
-rw-r--r-- root/root     29148 2021-04-26 09:22 usr/share/locale/cs/LC_MESSAGES/goocanvas3.mo
drwxr-xr-x root/root         0 2021-04-26 09:22 usr/share/locale/de/
drwxr-xr-x root/root         0 2021-04-26 09:22 usr/share/locale/de/LC_MESSAGES/
-rw-r--r-- root/root     29357 2021-04-26 09:22 usr/share/locale/de/LC_MESSAGES/goocanvas3.mo
drwxr-xr-x root/root         0 2021-04-26 09:22 usr/share/locale/el/
drwxr-xr-x root/root         0 2021-04-26 09:22 usr/share/locale/el/LC_MESSAGES/
-rw-r--r-- root/root      3795 2021-04-26 09:22 usr/share/locale/el/LC_MESSAGES/goocanvas3.mo
drwxr-xr-x root/root         0 2021-04-26 09:22 usr/share/locale/en_GB/
drwxr-xr-x root/root         0 2021-04-26 09:22 usr/share/locale/en_GB/LC_MESSAGES/
-rw-r--r-- root/root       326 2021-04-26 09:22 usr/share/locale/en_GB/LC_MESSAGES/goocanvas3.mo
drwxr-xr-x root/root         0 2021-04-26 09:22 usr/share/locale/es/
drwxr-xr-x root/root         0 2021-04-26 09:22 usr/share/locale/es/LC_MESSAGES/
-rw-r--r-- root/root     28998 2021-04-26 09:22 usr/share/locale/es/LC_MESSAGES/goocanvas3.mo
drwxr-xr-x root/root         0 2021-04-26 09:22 usr/share/locale/eu/
drwxr-xr-x root/root         0 2021-04-26 09:22 usr/share/locale/eu/LC_MESSAGES/
-rw-r--r-- root/root     28025 2021-04-26 09:22 usr/share/locale/eu/LC_MESSAGES/goocanvas3.mo
drwxr-xr-x root/root         0 2021-04-26 09:22 usr/share/locale/hu/
drwxr-xr-x root/root         0 2021-04-26 09:22 usr/share/locale/hu/LC_MESSAGES/
-rw-r--r-- root/root     28846 2021-04-26 09:22 usr/share/locale/hu/LC_MESSAGES/goocanvas3.mo
drwxr-xr-x root/root         0 2021-04-26 09:22 usr/share/locale/id/
drwxr-xr-x root/root         0 2021-04-26 09:22 usr/share/locale/id/LC_MESSAGES/
-rw-r--r-- root/root     27115 2021-04-26 09:22 usr/share/locale/id/LC_MESSAGES/goocanvas3.mo
drwxr-xr-x root/root         0 2021-04-26 09:22 usr/share/locale/ja/
drwxr-xr-x root/root         0 2021-04-26 09:22 usr/share/locale/ja/LC_MESSAGES/
-rw-r--r-- root/root     19359 2021-04-26 09:22 usr/share/locale/ja/LC_MESSAGES/goocanvas3.mo
drwxr-xr-x root/root         0 2021-04-26 09:22 usr/share/locale/pl/
drwxr-xr-x root/root         0 2021-04-26 09:22 usr/share/locale/pl/LC_MESSAGES/
-rw-r--r-- root/root     28295 2021-04-26 09:22 usr/share/locale/pl/LC_MESSAGES/goocanvas3.mo
drwxr-xr-x root/root         0 2021-04-26 09:22 usr/share/locale/pt_BR/
drwxr-xr-x root/root         0 2021-04-26 09:22 usr/share/locale/pt_BR/LC_MESSAGES/
-rw-r--r-- root/root     28587 2021-04-26 09:22 usr/share/locale/pt_BR/LC_MESSAGES/goocanvas3.mo
drwxr-xr-x root/root         0 2021-04-26 09:22 usr/share/locale/sr/
drwxr-xr-x root/root         0 2021-04-26 09:22 usr/share/locale/sr/LC_MESSAGES/
-rw-r--r-- root/root     35886 2021-04-26 09:22 usr/share/locale/sr/LC_MESSAGES/goocanvas3.mo
drwxr-xr-x root/root         0 2021-04-26 09:22 usr/share/locale/sv/
drwxr-xr-x root/root         0 2021-04-26 09:22 usr/share/locale/sv/LC_MESSAGES/
-rw-r--r-- root/root     28359 2021-04-26 09:22 usr/share/locale/sv/LC_MESSAGES/goocanvas3.mo


