++========================================
||
||   Package:  ./psensor/psensor-1.2.1-x86_64-2cf.txz
||
++========================================
drwxr-xr-x root/root         0 2020-12-28 08:41 ./
drwxr-xr-x root/root         0 2020-12-28 08:41 install/
-rw-r--r-- root/root       587 2020-12-28 08:41 install/doinst.sh
-rw-r--r-- root/root      1048 2020-12-28 08:41 install/slack-desc
drwxr-xr-x root/root         0 2020-12-28 08:41 usr/
drwxr-xr-x root/root         0 2020-12-28 08:41 usr/bin/
-rwxr-xr-x root/root    127776 2020-12-28 08:41 usr/bin/psensor
-rwxr-xr-x root/root     52432 2020-12-28 08:41 usr/bin/psensor-server
drwxr-xr-x root/root         0 2020-12-28 08:41 usr/doc/
drwxr-xr-x root/root         0 2020-12-28 08:41 usr/doc/psensor-1.2.1/
-rw-r--r-- root/root       490 2020-12-28 08:41 usr/doc/psensor-1.2.1/AUTHORS
-rw-r--r-- root/root     17997 2020-12-28 08:41 usr/doc/psensor-1.2.1/COPYING
-rw-r--r-- root/root     15752 2020-12-28 08:41 usr/doc/psensor-1.2.1/INSTALL
-rw-r--r-- root/root     26274 2020-12-28 08:41 usr/doc/psensor-1.2.1/NEWS
-rw-r--r-- root/root     71620 2020-12-28 08:41 usr/doc/psensor-1.2.1/NEWS.html
-rw-r--r-- root/root      4457 2020-12-28 08:41 usr/doc/psensor-1.2.1/README
-rw-r--r-- root/root     38214 2020-12-28 08:41 usr/doc/psensor-1.2.1/README.html
-rw-r--r-- root/root     31019 2020-12-28 08:41 usr/doc/psensor-1.2.1/TODO.html
-rw-r--r-- root/root       358 2020-12-28 08:41 usr/doc/psensor-1.2.1/TODO.txt
-rw-r--r-- root/root     45657 2020-12-28 08:41 usr/doc/psensor-1.2.1/faq.html
-rw-r--r-- root/root     10198 2020-12-28 08:41 usr/doc/psensor-1.2.1/faq.txt
-rw-r--r-- root/root      3700 2020-12-28 08:41 usr/doc/psensor-1.2.1/psensor.SlackBuild
drwxr-xr-x root/root         0 2020-12-28 08:41 usr/man/
drwxr-xr-x root/root         0 2020-12-28 08:41 usr/man/man1/
-rw-r--r-- root/root      2094 2020-12-28 08:41 usr/man/man1/psensor-server.1.gz
-rw-r--r-- root/root       740 2020-12-28 08:41 usr/man/man1/psensor.1.gz
drwxr-xr-x root/root         0 2020-12-28 08:41 usr/share/
drwxr-xr-x root/root         0 2020-12-28 08:41 usr/share/applications/
-rw-r--r-- root/root       302 2020-12-28 08:41 usr/share/applications/psensor.desktop
drwxr-xr-x root/root         0 2020-12-28 08:41 usr/share/glib-2.0/
drwxr-xr-x root/root         0 2020-12-28 08:41 usr/share/glib-2.0/schemas/
-rw-r--r-- root/root      9340 2020-12-28 08:41 usr/share/glib-2.0/schemas/psensor.gschema.xml
drwxr-xr-x root/root         0 2020-12-28 08:41 usr/share/icons/
drwxr-xr-x root/root         0 2020-12-28 08:41 usr/share/icons/hicolor/
drwxr-xr-x root/root         0 2020-12-28 08:41 usr/share/icons/hicolor/128x128/
drwxr-xr-x root/root         0 2020-12-28 08:41 usr/share/icons/hicolor/128x128/apps/
-rw-r--r-- root/root      4351 2020-12-28 08:41 usr/share/icons/hicolor/128x128/apps/psensor.png
drwxr-xr-x root/root         0 2020-12-28 08:41 usr/share/icons/hicolor/14x14/
drwxr-xr-x root/root         0 2020-12-28 08:41 usr/share/icons/hicolor/14x14/apps/
-rw-r--r-- root/root       532 2020-12-28 08:41 usr/share/icons/hicolor/14x14/apps/psensor.png
drwxr-xr-x root/root         0 2020-12-28 08:41 usr/share/icons/hicolor/16x16/
drwxr-xr-x root/root         0 2020-12-28 08:41 usr/share/icons/hicolor/16x16/apps/
-rw-r--r-- root/root       566 2020-12-28 08:41 usr/share/icons/hicolor/16x16/apps/psensor.png
drwxr-xr-x root/root         0 2020-12-28 08:41 usr/share/icons/hicolor/22x22/
drwxr-xr-x root/root         0 2020-12-28 08:41 usr/share/icons/hicolor/22x22/apps/
-rw-r--r-- root/root       761 2020-12-28 08:41 usr/share/icons/hicolor/22x22/apps/psensor.png
drwxr-xr-x root/root         0 2020-12-28 08:41 usr/share/icons/hicolor/24x24/
drwxr-xr-x root/root         0 2020-12-28 08:41 usr/share/icons/hicolor/24x24/apps/
-rw-r--r-- root/root       808 2020-12-28 08:41 usr/share/icons/hicolor/24x24/apps/psensor.png
drwxr-xr-x root/root         0 2020-12-28 08:41 usr/share/icons/hicolor/256x256/
drwxr-xr-x root/root         0 2020-12-28 08:41 usr/share/icons/hicolor/256x256/apps/
-rw-r--r-- root/root      8554 2020-12-28 08:41 usr/share/icons/hicolor/256x256/apps/psensor.png
drwxr-xr-x root/root         0 2020-12-28 08:41 usr/share/icons/hicolor/32x32/
drwxr-xr-x root/root         0 2020-12-28 08:41 usr/share/icons/hicolor/32x32/apps/
-rw-r--r-- root/root      1142 2020-12-28 08:41 usr/share/icons/hicolor/32x32/apps/psensor.png
drwxr-xr-x root/root         0 2020-12-28 08:41 usr/share/icons/hicolor/48x48/
drwxr-xr-x root/root         0 2020-12-28 08:41 usr/share/icons/hicolor/48x48/apps/
-rw-r--r-- root/root      1665 2020-12-28 08:41 usr/share/icons/hicolor/48x48/apps/psensor.png
drwxr-xr-x root/root         0 2020-12-28 08:41 usr/share/icons/hicolor/64x64/
drwxr-xr-x root/root         0 2020-12-28 08:41 usr/share/icons/hicolor/64x64/apps/
-rw-r--r-- root/root      2079 2020-12-28 08:41 usr/share/icons/hicolor/64x64/apps/psensor.png
drwxr-xr-x root/root         0 2020-12-28 08:41 usr/share/icons/hicolor/scalable/
drwxr-xr-x root/root         0 2020-12-28 08:41 usr/share/icons/hicolor/scalable/apps/
-rw-r--r-- root/root      6701 2020-12-28 08:41 usr/share/icons/hicolor/scalable/apps/psensor.svg
-rw-r--r-- root/root      4097 2020-12-28 08:41 usr/share/icons/hicolor/scalable/apps/psensor_hot.svg
-rw-r--r-- root/root      2522 2020-12-28 08:41 usr/share/icons/hicolor/scalable/apps/psensor_normal.svg
drwxr-xr-x root/root         0 2020-12-28 08:41 usr/share/icons/ubuntu-mono-dark/
drwxr-xr-x root/root         0 2020-12-28 08:41 usr/share/icons/ubuntu-mono-dark/apps/
drwxr-xr-x root/root         0 2020-12-28 08:41 usr/share/icons/ubuntu-mono-dark/apps/22/
-rw-r--r-- root/root      6701 2020-12-28 08:41 usr/share/icons/ubuntu-mono-dark/apps/22/psensor.svg
drwxr-xr-x root/root         0 2020-12-28 08:41 usr/share/icons/ubuntu-mono-dark/status/
drwxr-xr-x root/root         0 2020-12-28 08:41 usr/share/icons/ubuntu-mono-dark/status/22/
-rw-r--r-- root/root      4097 2020-12-28 08:41 usr/share/icons/ubuntu-mono-dark/status/22/psensor_hot.svg
-rw-r--r-- root/root      5151 2020-12-28 08:41 usr/share/icons/ubuntu-mono-dark/status/22/psensor_normal.svg
drwxr-xr-x root/root         0 2020-12-28 08:41 usr/share/icons/ubuntu-mono-light/
drwxr-xr-x root/root         0 2020-12-28 08:41 usr/share/icons/ubuntu-mono-light/status/
drwxr-xr-x root/root         0 2020-12-28 08:41 usr/share/icons/ubuntu-mono-light/status/22/
-rw-r--r-- root/root      4097 2020-12-28 08:41 usr/share/icons/ubuntu-mono-light/status/22/psensor_hot.svg
-rw-r--r-- root/root      2458 2020-12-28 08:41 usr/share/icons/ubuntu-mono-light/status/22/psensor_normal.svg
drwxr-xr-x root/root         0 2020-12-28 08:41 usr/share/locale/
drwxr-xr-x root/root         0 2020-12-28 08:41 usr/share/locale/de/
drwxr-xr-x root/root         0 2020-12-28 08:41 usr/share/locale/de/LC_MESSAGES/
-rw-r--r-- root/root     15290 2020-12-28 08:41 usr/share/locale/de/LC_MESSAGES/psensor.mo
drwxr-xr-x root/root         0 2020-12-28 08:41 usr/share/locale/el/
drwxr-xr-x root/root         0 2020-12-28 08:41 usr/share/locale/el/LC_MESSAGES/
-rw-r--r-- root/root       375 2020-12-28 08:41 usr/share/locale/el/LC_MESSAGES/psensor.mo
drwxr-xr-x root/root         0 2020-12-28 08:41 usr/share/locale/es/
drwxr-xr-x root/root         0 2020-12-28 08:41 usr/share/locale/es/LC_MESSAGES/
-rw-r--r-- root/root     10544 2020-12-28 08:41 usr/share/locale/es/LC_MESSAGES/psensor.mo
drwxr-xr-x root/root         0 2020-12-28 08:41 usr/share/locale/fr/
drwxr-xr-x root/root         0 2020-12-28 08:41 usr/share/locale/fr/LC_MESSAGES/
-rw-r--r-- root/root     10838 2020-12-28 08:41 usr/share/locale/fr/LC_MESSAGES/psensor.mo
drwxr-xr-x root/root         0 2020-12-28 08:41 usr/share/locale/hr/
drwxr-xr-x root/root         0 2020-12-28 08:41 usr/share/locale/hr/LC_MESSAGES/
-rw-r--r-- root/root     13353 2020-12-28 08:41 usr/share/locale/hr/LC_MESSAGES/psensor.mo
drwxr-xr-x root/root         0 2020-12-28 08:41 usr/share/locale/hu/
drwxr-xr-x root/root         0 2020-12-28 08:41 usr/share/locale/hu/LC_MESSAGES/
-rw-r--r-- root/root     12026 2020-12-28 08:41 usr/share/locale/hu/LC_MESSAGES/psensor.mo
drwxr-xr-x root/root         0 2020-12-28 08:41 usr/share/locale/it/
drwxr-xr-x root/root         0 2020-12-28 08:41 usr/share/locale/it/LC_MESSAGES/
-rw-r--r-- root/root     10850 2020-12-28 08:41 usr/share/locale/it/LC_MESSAGES/psensor.mo
drwxr-xr-x root/root         0 2020-12-28 08:41 usr/share/locale/lv/
drwxr-xr-x root/root         0 2020-12-28 08:41 usr/share/locale/lv/LC_MESSAGES/
-rw-r--r-- root/root     10402 2020-12-28 08:41 usr/share/locale/lv/LC_MESSAGES/psensor.mo
drwxr-xr-x root/root         0 2020-12-28 08:41 usr/share/locale/nl/
drwxr-xr-x root/root         0 2020-12-28 08:41 usr/share/locale/nl/LC_MESSAGES/
-rw-r--r-- root/root     10303 2020-12-28 08:41 usr/share/locale/nl/LC_MESSAGES/psensor.mo
drwxr-xr-x root/root         0 2020-12-28 08:41 usr/share/locale/pl/
drwxr-xr-x root/root         0 2020-12-28 08:41 usr/share/locale/pl/LC_MESSAGES/
-rw-r--r-- root/root     15222 2020-12-28 08:41 usr/share/locale/pl/LC_MESSAGES/psensor.mo
drwxr-xr-x root/root         0 2020-12-28 08:41 usr/share/locale/pt_BR/
drwxr-xr-x root/root         0 2020-12-28 08:41 usr/share/locale/pt_BR/LC_MESSAGES/
-rw-r--r-- root/root      7758 2020-12-28 08:41 usr/share/locale/pt_BR/LC_MESSAGES/psensor.mo
drwxr-xr-x root/root         0 2020-12-28 08:41 usr/share/locale/ru/
drwxr-xr-x root/root         0 2020-12-28 08:41 usr/share/locale/ru/LC_MESSAGES/
-rw-r--r-- root/root     17008 2020-12-28 08:41 usr/share/locale/ru/LC_MESSAGES/psensor.mo
drwxr-xr-x root/root         0 2020-12-28 08:41 usr/share/locale/sl/
drwxr-xr-x root/root         0 2020-12-28 08:41 usr/share/locale/sl/LC_MESSAGES/
-rw-r--r-- root/root       608 2020-12-28 08:41 usr/share/locale/sl/LC_MESSAGES/psensor.mo
drwxr-xr-x root/root         0 2020-12-28 08:41 usr/share/locale/sr/
drwxr-xr-x root/root         0 2020-12-28 08:41 usr/share/locale/sr/LC_MESSAGES/
-rw-r--r-- root/root      1659 2020-12-28 08:41 usr/share/locale/sr/LC_MESSAGES/psensor.mo
drwxr-xr-x root/root         0 2020-12-28 08:41 usr/share/locale/sv/
drwxr-xr-x root/root         0 2020-12-28 08:41 usr/share/locale/sv/LC_MESSAGES/
-rw-r--r-- root/root     15301 2020-12-28 08:41 usr/share/locale/sv/LC_MESSAGES/psensor.mo
drwxr-xr-x root/root         0 2020-12-28 08:41 usr/share/locale/tr/
drwxr-xr-x root/root         0 2020-12-28 08:41 usr/share/locale/tr/LC_MESSAGES/
-rw-r--r-- root/root     11287 2020-12-28 08:41 usr/share/locale/tr/LC_MESSAGES/psensor.mo
drwxr-xr-x root/root         0 2020-12-28 08:41 usr/share/locale/uk/
drwxr-xr-x root/root         0 2020-12-28 08:41 usr/share/locale/uk/LC_MESSAGES/
-rw-r--r-- root/root      8036 2020-12-28 08:41 usr/share/locale/uk/LC_MESSAGES/psensor.mo
drwxr-xr-x root/root         0 2020-12-28 08:41 usr/share/locale/zh_CN/
drwxr-xr-x root/root         0 2020-12-28 08:41 usr/share/locale/zh_CN/LC_MESSAGES/
-rw-r--r-- root/root      9145 2020-12-28 08:41 usr/share/locale/zh_CN/LC_MESSAGES/psensor.mo
drwxr-xr-x root/root         0 2020-12-28 08:41 usr/share/psensor/
-rw-r--r-- root/root      7469 2020-12-28 08:41 usr/share/psensor/psensor-appindicator.glade
-rw-r--r-- root/root     63179 2020-12-28 08:41 usr/share/psensor/psensor-pref.glade
-rw-r--r-- root/root     14134 2020-12-28 08:41 usr/share/psensor/psensor.glade
-rw-r--r-- root/root     43310 2020-12-28 08:41 usr/share/psensor/sensor-edit.glade
drwxr-xr-x root/root         0 2020-12-28 08:41 usr/share/psensor/www/
-rw-r--r-- root/root      1468 2020-12-28 08:41 usr/share/psensor/www/details.html
-rw-r--r-- root/root      9662 2020-12-28 08:41 usr/share/psensor/www/favicon.ico
-rw-r--r-- root/root      2037 2020-12-28 08:41 usr/share/psensor/www/index.html
-rw-r--r-- root/root      5624 2020-12-28 08:41 usr/share/psensor/www/jqplot.css
-rw-r--r-- root/root     30342 2020-12-28 08:41 usr/share/psensor/www/jqplot.dateAxisRenderer.js
-rw-r--r-- root/root    466621 2020-12-28 08:41 usr/share/psensor/www/jqplot.js
-rw-r--r-- root/root    268381 2020-12-28 08:41 usr/share/psensor/www/jquery.js
-rw-r--r-- root/root      7415 2020-12-28 08:41 usr/share/psensor/www/psensor.js
-rw-r--r-- root/root      2729 2020-12-28 08:41 usr/share/psensor/www/style.css


