++========================================
||
||   Package:  ./spotify-bin/spotify-bin-1.1.42-x86_64-1cf.txz
||
++========================================
drwxr-xr-x root/root         0 2020-09-17 09:35 ./
drwxr-xr-x root/root         0 2020-09-17 09:35 install/
-rw-r--r-- root/root       418 2020-09-17 09:35 install/doinst.sh
-rw-r--r-- root/root       775 2020-09-17 09:35 install/slack-desc
drwxr-xr-x root/root         0 2020-09-17 09:35 usr/
drwxr-xr-x root/root         0 2020-09-17 09:35 usr/bin/
drwxr-xr-x root/root         0 2020-09-17 09:35 usr/doc/
drwxr-xr-x root/root         0 2020-09-17 09:35 usr/doc/spotify-bin-1.1.42/
-rw-r--r-- root/root      3029 2020-09-17 09:35 usr/doc/spotify-bin-1.1.42/spotify-bin.SlackBuild
drwxr-xr-x root/root         0 2020-09-17 09:35 usr/share/
drwxr-xr-x root/root         0 2020-09-17 09:35 usr/share/applications/
-rwxr--r-- root/root       238 2020-09-17 09:35 usr/share/applications/spotify.desktop
drwxr-xr-x root/root         0 2020-09-17 09:35 usr/share/icons/
drwxr-xr-x root/root         0 2020-09-17 09:35 usr/share/icons/hicolor/
drwxr-xr-x root/root         0 2020-09-17 09:35 usr/share/icons/hicolor/128x128/
drwxr-xr-x root/root         0 2020-09-17 09:35 usr/share/icons/hicolor/128x128/apps/
-rw-r--r-- root/root      8120 2020-09-17 09:35 usr/share/icons/hicolor/128x128/apps/spotify-client.png
drwxr-xr-x root/root         0 2020-09-17 09:35 usr/share/icons/hicolor/16x16/
drwxr-xr-x root/root         0 2020-09-17 09:35 usr/share/icons/hicolor/16x16/apps/
-rw-r--r-- root/root       890 2020-09-17 09:35 usr/share/icons/hicolor/16x16/apps/spotify-client.png
drwxr-xr-x root/root         0 2020-09-17 09:35 usr/share/icons/hicolor/22x22/
drwxr-xr-x root/root         0 2020-09-17 09:35 usr/share/icons/hicolor/22x22/apps/
-rw-r--r-- root/root      1220 2020-09-17 09:35 usr/share/icons/hicolor/22x22/apps/spotify-client.png
drwxr-xr-x root/root         0 2020-09-17 09:35 usr/share/icons/hicolor/24x24/
drwxr-xr-x root/root         0 2020-09-17 09:35 usr/share/icons/hicolor/24x24/apps/
-rw-r--r-- root/root      1350 2020-09-17 09:35 usr/share/icons/hicolor/24x24/apps/spotify-client.png
drwxr-xr-x root/root         0 2020-09-17 09:35 usr/share/icons/hicolor/256x256/
drwxr-xr-x root/root         0 2020-09-17 09:35 usr/share/icons/hicolor/256x256/apps/
-rw-r--r-- root/root     17075 2020-09-17 09:35 usr/share/icons/hicolor/256x256/apps/spotify-client.png
drwxr-xr-x root/root         0 2020-09-17 09:35 usr/share/icons/hicolor/32x32/
drwxr-xr-x root/root         0 2020-09-17 09:35 usr/share/icons/hicolor/32x32/apps/
-rw-r--r-- root/root      1709 2020-09-17 09:35 usr/share/icons/hicolor/32x32/apps/spotify-client.png
drwxr-xr-x root/root         0 2020-09-17 09:35 usr/share/icons/hicolor/48x48/
drwxr-xr-x root/root         0 2020-09-17 09:35 usr/share/icons/hicolor/48x48/apps/
-rw-r--r-- root/root      2954 2020-09-17 09:35 usr/share/icons/hicolor/48x48/apps/spotify-client.png
drwxr-xr-x root/root         0 2020-09-17 09:35 usr/share/icons/hicolor/512x512/
drwxr-xr-x root/root         0 2020-09-17 09:35 usr/share/icons/hicolor/512x512/apps/
-rw-r--r-- root/root     26124 2020-09-17 09:35 usr/share/icons/hicolor/512x512/apps/spotify-client.png
drwxr-xr-x root/root         0 2020-09-17 09:35 usr/share/icons/hicolor/64x64/
drwxr-xr-x root/root         0 2020-09-17 09:35 usr/share/icons/hicolor/64x64/apps/
-rw-r--r-- root/root      3223 2020-09-17 09:35 usr/share/icons/hicolor/64x64/apps/spotify-client.png
drwxr-xr-x root/root         0 2020-09-17 09:35 usr/share/spotify/
drwxr-xr-x root/root         0 2020-09-15 00:14 usr/share/spotify/Apps/
-rw-r--r-- root/root    574660 2020-09-15 00:13 usr/share/spotify/Apps/about.spa
-rw-r--r-- root/root    823398 2020-09-15 00:13 usr/share/spotify/Apps/artist.spa
-rw-r--r-- root/root    749068 2020-09-15 00:13 usr/share/spotify/Apps/browse.spa
-rw-r--r-- root/root    586701 2020-09-15 00:13 usr/share/spotify/Apps/buddy-list.spa
-rw-r--r-- root/root    648812 2020-09-15 00:13 usr/share/spotify/Apps/chart.spa
-rw-r--r-- root/root    561713 2020-09-15 00:13 usr/share/spotify/Apps/collection-album.spa
-rw-r--r-- root/root    567889 2020-09-15 00:13 usr/share/spotify/Apps/collection-artist.spa
-rw-r--r-- root/root    651117 2020-09-15 00:13 usr/share/spotify/Apps/collection-songs.spa
-rw-r--r-- root/root    836357 2020-09-15 00:13 usr/share/spotify/Apps/collection.spa
-rw-r--r-- root/root    722723 2020-09-15 00:13 usr/share/spotify/Apps/concert.spa
-rw-r--r-- root/root    876751 2020-09-15 00:13 usr/share/spotify/Apps/concerts.spa
-rw-r--r-- root/root    423268 2020-09-15 00:13 usr/share/spotify/Apps/error.spa
-rw-r--r-- root/root    538970 2020-09-15 00:13 usr/share/spotify/Apps/findfriends.spa
-rw-r--r-- root/root   1104074 2020-09-15 00:13 usr/share/spotify/Apps/full-screen-modal.spa
-rw-r--r-- root/root    744059 2020-09-15 00:13 usr/share/spotify/Apps/genre.spa
-rw-r--r-- root/root   1517704 2020-09-15 00:13 usr/share/spotify/Apps/glue-resources.spa
-rw-r--r-- root/root    744040 2020-09-15 00:13 usr/share/spotify/Apps/hub.spa
-rw-r--r-- root/root    585435 2020-09-15 00:13 usr/share/spotify/Apps/legacy-lyrics.spa
-rw-r--r-- root/root    526838 2020-09-15 00:13 usr/share/spotify/Apps/licenses.spa
-rw-r--r-- root/root   4902560 2020-09-15 00:13 usr/share/spotify/Apps/login.spa
-rw-r--r-- root/root    601522 2020-09-15 00:13 usr/share/spotify/Apps/lyrics.spa
-rw-r--r-- root/root    564996 2020-09-15 00:13 usr/share/spotify/Apps/playlist-folder.spa
-rw-r--r-- root/root    836397 2020-09-15 00:13 usr/share/spotify/Apps/playlist.spa
-rw-r--r-- root/root    642775 2020-09-15 00:13 usr/share/spotify/Apps/profile.spa
-rw-r--r-- root/root    545088 2020-09-15 00:13 usr/share/spotify/Apps/queue.spa
-rw-r--r-- root/root    651351 2020-09-15 00:13 usr/share/spotify/Apps/search.spa
-rw-r--r-- root/root    576000 2020-09-15 00:13 usr/share/spotify/Apps/settings.spa
-rw-r--r-- root/root    723648 2020-09-15 00:13 usr/share/spotify/Apps/show.spa
-rw-r--r-- root/root    579790 2020-09-15 00:13 usr/share/spotify/Apps/station.spa
-rw-r--r-- root/root    776235 2020-09-15 00:13 usr/share/spotify/Apps/stations.spa
-rw-r--r-- root/root   3203325 2020-09-15 00:10 usr/share/spotify/Apps/xpui.spa
-rw-r--r-- root/root   1172849 2020-09-15 00:13 usr/share/spotify/Apps/zlink.spa
drwxr-xr-x root/root         0 2020-09-15 00:14 usr/share/spotify/apt-keys/
-rw-r--r-- root/root      1184 2020-09-02 18:02 usr/share/spotify/apt-keys/spotify-2019-07-15-4773BD5E130D1D45.gpg
-rw-r--r-- root/root      1184 2020-09-10 12:48 usr/share/spotify/apt-keys/spotify-2020-09-08-D1742AD60D811D58.gpg
-rw-r--r-- root/root   1971431 2020-07-30 06:11 usr/share/spotify/cef.pak
-rw-r--r-- root/root    269389 2020-07-30 06:14 usr/share/spotify/cef_100_percent.pak
-rw-r--r-- root/root    425064 2020-07-30 06:14 usr/share/spotify/cef_200_percent.pak
-rw-r--r-- root/root   1297799 2020-07-30 06:12 usr/share/spotify/cef_extensions.pak
-rw-r--r-- root/root   1614597 2020-07-30 06:08 usr/share/spotify/devtools_resources.pak
drwxr-xr-x root/root         0 2020-09-15 00:14 usr/share/spotify/icons/
-rw-r--r-- root/root      8120 2020-09-02 18:02 usr/share/spotify/icons/spotify-linux-128.png
-rw-r--r-- root/root       890 2020-09-02 18:02 usr/share/spotify/icons/spotify-linux-16.png
-rw-r--r-- root/root      1220 2020-09-02 18:02 usr/share/spotify/icons/spotify-linux-22.png
-rw-r--r-- root/root      1350 2020-09-02 18:02 usr/share/spotify/icons/spotify-linux-24.png
-rw-r--r-- root/root     17075 2020-09-02 18:02 usr/share/spotify/icons/spotify-linux-256.png
-rw-r--r-- root/root      1709 2020-09-02 18:02 usr/share/spotify/icons/spotify-linux-32.png
-rw-r--r-- root/root      2954 2020-09-02 18:02 usr/share/spotify/icons/spotify-linux-48.png
-rw-r--r-- root/root     26124 2020-09-02 18:02 usr/share/spotify/icons/spotify-linux-512.png
-rw-r--r-- root/root      3223 2020-09-02 18:02 usr/share/spotify/icons/spotify-linux-64.png
-rw-r--r-- root/root     24360 2020-09-02 18:02 usr/share/spotify/icons/spotify_icon.ico
-rw-r--r-- root/root  10498464 2020-07-30 05:45 usr/share/spotify/icudtl.dat
-rw-r--r-- root/root    243800 2020-09-17 09:35 usr/share/spotify/libEGL.so
-rw-r--r-- root/root   9103464 2020-09-17 09:35 usr/share/spotify/libGLESv2.so
-rw-r--r-- root/root 147980856 2020-09-17 09:35 usr/share/spotify/libcef.so
drwxr-xr-x root/root         0 2020-09-15 00:14 usr/share/spotify/locales/
-rw-r--r-- root/root    383808 2020-07-30 06:08 usr/share/spotify/locales/am.pak
-rw-r--r-- root/root     16864 2020-09-15 00:12 usr/share/spotify/locales/ar.mo
-rw-r--r-- root/root    396725 2020-07-30 06:08 usr/share/spotify/locales/ar.pak
-rw-r--r-- root/root    434450 2020-07-30 06:08 usr/share/spotify/locales/bg.pak
-rw-r--r-- root/root    566971 2020-07-30 06:08 usr/share/spotify/locales/bn.pak
-rw-r--r-- root/root    269405 2020-07-30 06:08 usr/share/spotify/locales/ca.pak
-rw-r--r-- root/root     14782 2020-09-15 00:12 usr/share/spotify/locales/cs.mo
-rw-r--r-- root/root    275600 2020-07-30 06:08 usr/share/spotify/locales/cs.pak
-rw-r--r-- root/root    247707 2020-07-30 06:08 usr/share/spotify/locales/da.pak
-rw-r--r-- root/root     14935 2020-09-15 00:12 usr/share/spotify/locales/de.mo
-rw-r--r-- root/root    268053 2020-07-30 06:08 usr/share/spotify/locales/de.pak
-rw-r--r-- root/root     19156 2020-09-15 00:12 usr/share/spotify/locales/el.mo
-rw-r--r-- root/root    478240 2020-07-30 06:08 usr/share/spotify/locales/el.pak
-rw-r--r-- root/root    220056 2020-07-30 06:08 usr/share/spotify/locales/en-GB.pak
-rw-r--r-- root/root    222354 2020-07-30 06:08 usr/share/spotify/locales/en-US.pak
-rw-r--r-- root/root     13952 2020-09-15 00:12 usr/share/spotify/locales/en.mo
-rw-r--r-- root/root     14764 2020-09-15 00:12 usr/share/spotify/locales/es-419.mo
-rw-r--r-- root/root    264484 2020-07-30 06:08 usr/share/spotify/locales/es-419.pak
-rw-r--r-- root/root     14773 2020-09-15 00:12 usr/share/spotify/locales/es.mo
-rw-r--r-- root/root    268895 2020-07-30 06:08 usr/share/spotify/locales/es.pak
-rw-r--r-- root/root    239044 2020-07-30 06:08 usr/share/spotify/locales/et.pak
-rw-r--r-- root/root    383825 2020-07-30 06:08 usr/share/spotify/locales/fa.pak
-rw-r--r-- root/root     14512 2020-09-15 00:12 usr/share/spotify/locales/fi.mo
-rw-r--r-- root/root    247327 2020-07-30 06:08 usr/share/spotify/locales/fi.pak
-rw-r--r-- root/root    274402 2020-07-30 06:08 usr/share/spotify/locales/fil.pak
-rw-r--r-- root/root     15302 2020-09-15 00:12 usr/share/spotify/locales/fr-CA.mo
-rw-r--r-- root/root     15333 2020-09-15 00:12 usr/share/spotify/locales/fr.mo
-rw-r--r-- root/root    290693 2020-07-30 06:08 usr/share/spotify/locales/fr.pak
-rw-r--r-- root/root    541761 2020-07-30 06:08 usr/share/spotify/locales/gu.pak
-rw-r--r-- root/root     16163 2020-09-15 00:12 usr/share/spotify/locales/he.mo
-rw-r--r-- root/root    331590 2020-07-30 06:08 usr/share/spotify/locales/he.pak
-rw-r--r-- root/root    559221 2020-07-30 06:08 usr/share/spotify/locales/hi.pak
-rw-r--r-- root/root    263706 2020-07-30 06:08 usr/share/spotify/locales/hr.pak
-rw-r--r-- root/root     14942 2020-09-15 00:12 usr/share/spotify/locales/hu.mo
-rw-r--r-- root/root    284238 2020-07-30 06:08 usr/share/spotify/locales/hu.pak
-rw-r--r-- root/root     14168 2020-09-15 00:12 usr/share/spotify/locales/id.mo
-rw-r--r-- root/root    237894 2020-07-30 06:08 usr/share/spotify/locales/id.pak
-rw-r--r-- root/root     14761 2020-09-15 00:12 usr/share/spotify/locales/it.mo
-rw-r--r-- root/root    260446 2020-07-30 06:08 usr/share/spotify/locales/it.pak
-rw-r--r-- root/root     16228 2020-09-15 00:12 usr/share/spotify/locales/ja.mo
-rw-r--r-- root/root    322382 2020-07-30 06:08 usr/share/spotify/locales/ja.pak
-rw-r--r-- root/root    631156 2020-07-30 06:08 usr/share/spotify/locales/kn.pak
-rw-r--r-- root/root     15471 2020-09-15 00:12 usr/share/spotify/locales/ko.mo
-rw-r--r-- root/root    271180 2020-07-30 06:08 usr/share/spotify/locales/ko.pak
-rw-r--r-- root/root    282762 2020-07-30 06:08 usr/share/spotify/locales/lt.pak
-rw-r--r-- root/root    281229 2020-07-30 06:08 usr/share/spotify/locales/lv.pak
-rw-r--r-- root/root    666366 2020-07-30 06:08 usr/share/spotify/locales/ml.pak
-rw-r--r-- root/root    532690 2020-07-30 06:08 usr/share/spotify/locales/mr.pak
-rw-r--r-- root/root     14515 2020-09-15 00:12 usr/share/spotify/locales/ms.mo
-rw-r--r-- root/root    246408 2020-07-30 06:08 usr/share/spotify/locales/ms.pak
-rw-r--r-- root/root    242310 2020-07-30 06:08 usr/share/spotify/locales/nb.pak
-rw-r--r-- root/root     14819 2020-09-15 00:12 usr/share/spotify/locales/nl.mo
-rw-r--r-- root/root    252965 2020-07-30 06:08 usr/share/spotify/locales/nl.pak
-rw-r--r-- root/root     14758 2020-09-15 00:12 usr/share/spotify/locales/pl.mo
-rw-r--r-- root/root    274863 2020-07-30 06:08 usr/share/spotify/locales/pl.pak
-rw-r--r-- root/root     14360 2020-09-15 00:12 usr/share/spotify/locales/pt-BR.mo
-rw-r--r-- root/root    261332 2020-07-30 06:08 usr/share/spotify/locales/pt-BR.pak
-rw-r--r-- root/root    264296 2020-07-30 06:08 usr/share/spotify/locales/pt-PT.pak
-rw-r--r-- root/root    271146 2020-07-30 06:08 usr/share/spotify/locales/ro.pak
-rw-r--r-- root/root     17706 2020-09-15 00:12 usr/share/spotify/locales/ru.mo
-rw-r--r-- root/root    433797 2020-07-30 06:08 usr/share/spotify/locales/ru.pak
-rw-r--r-- root/root    279701 2020-07-30 06:08 usr/share/spotify/locales/sk.pak
-rw-r--r-- root/root    266872 2020-07-30 06:08 usr/share/spotify/locales/sl.pak
-rw-r--r-- root/root    412421 2020-07-30 06:08 usr/share/spotify/locales/sr.pak
-rw-r--r-- root/root     14547 2020-09-15 00:12 usr/share/spotify/locales/sv.mo
-rw-r--r-- root/root    244224 2020-07-30 06:08 usr/share/spotify/locales/sv.pak
-rw-r--r-- root/root    249477 2020-07-30 06:08 usr/share/spotify/locales/sw.pak
-rw-r--r-- root/root    638388 2020-07-30 06:08 usr/share/spotify/locales/ta.pak
-rw-r--r-- root/root    599573 2020-07-30 06:08 usr/share/spotify/locales/te.pak
-rw-r--r-- root/root     20730 2020-09-15 00:12 usr/share/spotify/locales/th.mo
-rw-r--r-- root/root    508454 2020-07-30 06:08 usr/share/spotify/locales/th.pak
-rw-r--r-- root/root     14562 2020-09-15 00:12 usr/share/spotify/locales/tr.mo
-rw-r--r-- root/root    259117 2020-07-30 06:08 usr/share/spotify/locales/tr.pak
-rw-r--r-- root/root    433324 2020-07-30 06:08 usr/share/spotify/locales/uk.pak
-rw-r--r-- root/root     15729 2020-09-15 00:12 usr/share/spotify/locales/vi.mo
-rw-r--r-- root/root    302366 2020-07-30 06:08 usr/share/spotify/locales/vi.pak
-rw-r--r-- root/root    224599 2020-07-30 06:08 usr/share/spotify/locales/zh-CN.pak
-rw-r--r-- root/root     13767 2020-09-15 00:12 usr/share/spotify/locales/zh-Hant.mo
-rw-r--r-- root/root    224609 2020-07-30 06:08 usr/share/spotify/locales/zh-TW.pak
-rw-r--r-- root/root     50848 2020-07-30 06:21 usr/share/spotify/snapshot_blob.bin
-rwxr-xr-x root/root  65406816 2020-09-17 09:35 usr/share/spotify/spotify
-rw-r--r-- root/root       238 2020-09-02 18:02 usr/share/spotify/spotify.desktop
drwxr-xr-x root/root         0 2020-09-17 09:35 usr/share/spotify/swiftshader/
-rw-r--r-- root/root    268848 2020-09-17 09:35 usr/share/spotify/swiftshader/libEGL.so
-rw-r--r-- root/root   3328800 2020-09-17 09:35 usr/share/spotify/swiftshader/libGLESv2.so
-rw-r--r-- root/root    170890 2020-07-30 06:21 usr/share/spotify/v8_context_snapshot.bin


