++========================================
||
||   Package:  ./fluffychat-bin/fluffychat-bin-1.7.1-x86_64-1cf.txz
||
++========================================
drwxr-xr-x root/root         0 2022-11-26 14:04 ./
drwxr-xr-x root/root         0 2022-11-26 14:04 install/
-rw-r--r-- root/root       501 2022-11-26 14:04 install/doinst.sh
-rw-r--r-- root/root       828 2022-11-26 14:04 install/slack-desc
-rw-r--r-- root/root         7 2022-11-26 14:04 install/slack-required
drwxr-xr-x root/root         0 2022-11-26 14:04 usr/
drwxr-xr-x root/root         0 2022-11-26 14:04 usr/bin/
drwxr-xr-x root/root         0 2022-11-26 14:04 usr/doc/
drwxr-xr-x root/root         0 2022-11-26 14:04 usr/doc/fluffychat-bin-1.7.1/
-rw-r--r-- root/root      3825 2022-11-26 14:04 usr/doc/fluffychat-bin-1.7.1/fluffychat-bin.SlackBuild
drwxr-xr-x root/root         0 2022-11-26 14:04 usr/share/
drwxr-xr-x root/root         0 2022-11-26 14:04 usr/share/applications/
-rw-r--r-- root/root       214 2022-11-26 14:04 usr/share/applications/fluffychat-bin.desktop
drwxr-xr-x root/root         0 2022-11-26 14:04 usr/share/fluffychat-bin/
drwxr-xr-x root/root         0 2022-11-23 08:21 usr/share/fluffychat-bin/data/
drwxr-xr-x root/root         0 2022-11-23 08:21 usr/share/fluffychat-bin/data/flutter_assets/
-rw-r--r-- root/root      4675 2022-11-23 08:21 usr/share/fluffychat-bin/data/flutter_assets/AssetManifest.json
-rw-r--r-- root/root      3114 2022-11-23 08:21 usr/share/fluffychat-bin/data/flutter_assets/FontManifest.json
-rw-r--r-- root/root    156471 2022-11-23 08:21 usr/share/fluffychat-bin/data/flutter_assets/NOTICES.Z
drwxr-xr-x root/root         0 2022-11-23 08:21 usr/share/fluffychat-bin/data/flutter_assets/assets/
-rw-r--r-- root/root      6906 2022-11-23 08:21 usr/share/fluffychat-bin/data/flutter_assets/assets/backup.png
-rw-r--r-- root/root     61004 2022-11-23 08:21 usr/share/fluffychat-bin/data/flutter_assets/assets/banner.png
-rw-r--r-- root/root     67719 2022-11-23 08:21 usr/share/fluffychat-bin/data/flutter_assets/assets/banner_dark.png
-rw-r--r-- root/root     27675 2022-11-23 08:21 usr/share/fluffychat-bin/data/flutter_assets/assets/chat.svg
-rw-r--r-- root/root      4363 2022-11-23 08:21 usr/share/fluffychat-bin/data/flutter_assets/assets/colors.png
-rw-r--r-- root/root    136198 2022-11-23 08:21 usr/share/fluffychat-bin/data/flutter_assets/assets/favicon.ico
-rw-r--r-- root/root     19510 2022-11-23 08:21 usr/share/fluffychat-bin/data/flutter_assets/assets/favicon.png
-rw-r--r-- root/root     37504 2022-11-23 08:21 usr/share/fluffychat-bin/data/flutter_assets/assets/info-logo.png
-rw-r--r-- root/root     15430 2022-11-23 08:21 usr/share/fluffychat-bin/data/flutter_assets/assets/info-logo.svg
drwxr-xr-x root/root         0 2022-11-23 08:21 usr/share/fluffychat-bin/data/flutter_assets/assets/js/
drwxr-xr-x root/root         0 2022-11-23 08:21 usr/share/fluffychat-bin/data/flutter_assets/assets/js/package/
-rw-r--r-- root/root         0 2022-11-23 08:21 usr/share/fluffychat-bin/data/flutter_assets/assets/js/package/.gitkeep
-rw-r--r-- root/root    217146 2022-11-23 08:21 usr/share/fluffychat-bin/data/flutter_assets/assets/login_wallpaper.png
-rw-r--r-- root/root     26538 2022-11-23 08:21 usr/share/fluffychat-bin/data/flutter_assets/assets/logo.png
-rw-r--r-- root/root      3113 2022-11-23 08:21 usr/share/fluffychat-bin/data/flutter_assets/assets/logo.svg
-rw-r--r-- root/root     44862 2022-11-23 08:21 usr/share/fluffychat-bin/data/flutter_assets/assets/private_chat_wallpaper.png
-rw-r--r-- root/root     60635 2022-11-23 08:21 usr/share/fluffychat-bin/data/flutter_assets/assets/sas-emoji.json
-rw-r--r-- root/root      3472 2022-11-23 08:21 usr/share/fluffychat-bin/data/flutter_assets/assets/share.png
drwxr-xr-x root/root         0 2022-11-23 08:21 usr/share/fluffychat-bin/data/flutter_assets/assets/sounds/
-rw-r--r-- root/root     11948 2022-11-23 08:21 usr/share/fluffychat-bin/data/flutter_assets/assets/sounds/WoodenBeaver_stereo_message-new-instant.ogg
-rw-r--r-- root/root     22116 2022-11-23 08:21 usr/share/fluffychat-bin/data/flutter_assets/assets/sounds/call.ogg
-rw-r--r-- root/root    297207 2022-11-23 08:21 usr/share/fluffychat-bin/data/flutter_assets/assets/sounds/phone.ogg
-rw-r--r-- root/root     18879 2022-11-23 08:21 usr/share/fluffychat-bin/data/flutter_assets/assets/typing.gif
-rw-r--r-- root/root      2361 2022-11-23 08:21 usr/share/fluffychat-bin/data/flutter_assets/assets/typing.svg
-rw-r--r-- root/root      5123 2022-11-23 08:21 usr/share/fluffychat-bin/data/flutter_assets/assets/verification.png
drwxr-xr-x root/root         0 2022-11-23 08:21 usr/share/fluffychat-bin/data/flutter_assets/fonts/
-rw-r--r-- root/root   1614500 2022-11-23 08:21 usr/share/fluffychat-bin/data/flutter_assets/fonts/MaterialIcons-Regular.otf
drwxr-xr-x root/root         0 2022-11-23 08:21 usr/share/fluffychat-bin/data/flutter_assets/fonts/NotoEmoji/
-rw-r--r-- root/root  10468688 2022-11-23 08:21 usr/share/fluffychat-bin/data/flutter_assets/fonts/NotoEmoji/NotoColorEmoji.ttf
drwxr-xr-x root/root         0 2022-11-23 08:21 usr/share/fluffychat-bin/data/flutter_assets/fonts/Roboto/
-rw-r--r-- root/root    167336 2022-11-23 08:21 usr/share/fluffychat-bin/data/flutter_assets/fonts/Roboto/Roboto-Bold.ttf
-rw-r--r-- root/root    170504 2022-11-23 08:21 usr/share/fluffychat-bin/data/flutter_assets/fonts/Roboto/Roboto-Italic.ttf
-rw-r--r-- root/root    168260 2022-11-23 08:21 usr/share/fluffychat-bin/data/flutter_assets/fonts/Roboto/Roboto-Regular.ttf
drwxr-xr-x root/root         0 2022-11-23 08:21 usr/share/fluffychat-bin/data/flutter_assets/packages/
drwxr-xr-x root/root         0 2022-11-23 08:21 usr/share/fluffychat-bin/data/flutter_assets/packages/cupertino_icons/
drwxr-xr-x root/root         0 2022-11-23 08:21 usr/share/fluffychat-bin/data/flutter_assets/packages/cupertino_icons/assets/
-rw-r--r-- root/root    283452 2022-11-23 08:21 usr/share/fluffychat-bin/data/flutter_assets/packages/cupertino_icons/assets/CupertinoIcons.ttf
drwxr-xr-x root/root         0 2022-11-23 08:21 usr/share/fluffychat-bin/data/flutter_assets/packages/flutter_math_fork/
drwxr-xr-x root/root         0 2022-11-23 08:21 usr/share/fluffychat-bin/data/flutter_assets/packages/flutter_math_fork/lib/
drwxr-xr-x root/root         0 2022-11-23 08:21 usr/share/fluffychat-bin/data/flutter_assets/packages/flutter_math_fork/lib/katex_fonts/
drwxr-xr-x root/root         0 2022-11-23 08:21 usr/share/fluffychat-bin/data/flutter_assets/packages/flutter_math_fork/lib/katex_fonts/fonts/
-rw-r--r-- root/root     70936 2022-11-23 08:21 usr/share/fluffychat-bin/data/flutter_assets/packages/flutter_math_fork/lib/katex_fonts/fonts/KaTeX_AMS-Regular.ttf
-rw-r--r-- root/root     18208 2022-11-23 08:21 usr/share/fluffychat-bin/data/flutter_assets/packages/flutter_math_fork/lib/katex_fonts/fonts/KaTeX_Caligraphic-Bold.ttf
-rw-r--r-- root/root     17564 2022-11-23 08:21 usr/share/fluffychat-bin/data/flutter_assets/packages/flutter_math_fork/lib/katex_fonts/fonts/KaTeX_Caligraphic-Regular.ttf
-rw-r--r-- root/root     24400 2022-11-23 08:21 usr/share/fluffychat-bin/data/flutter_assets/packages/flutter_math_fork/lib/katex_fonts/fonts/KaTeX_Fraktur-Bold.ttf
-rw-r--r-- root/root     23904 2022-11-23 08:21 usr/share/fluffychat-bin/data/flutter_assets/packages/flutter_math_fork/lib/katex_fonts/fonts/KaTeX_Fraktur-Regular.ttf
-rw-r--r-- root/root     59704 2022-11-23 08:21 usr/share/fluffychat-bin/data/flutter_assets/packages/flutter_math_fork/lib/katex_fonts/fonts/KaTeX_Main-Bold.ttf
-rw-r--r-- root/root     43364 2022-11-23 08:21 usr/share/fluffychat-bin/data/flutter_assets/packages/flutter_math_fork/lib/katex_fonts/fonts/KaTeX_Main-BoldItalic.ttf
-rw-r--r-- root/root     46536 2022-11-23 08:21 usr/share/fluffychat-bin/data/flutter_assets/packages/flutter_math_fork/lib/katex_fonts/fonts/KaTeX_Main-Italic.ttf
-rw-r--r-- root/root     68376 2022-11-23 08:21 usr/share/fluffychat-bin/data/flutter_assets/packages/flutter_math_fork/lib/katex_fonts/fonts/KaTeX_Main-Regular.ttf
-rw-r--r-- root/root     38184 2022-11-23 08:21 usr/share/fluffychat-bin/data/flutter_assets/packages/flutter_math_fork/lib/katex_fonts/fonts/KaTeX_Math-BoldItalic.ttf
-rw-r--r-- root/root     39912 2022-11-23 08:21 usr/share/fluffychat-bin/data/flutter_assets/packages/flutter_math_fork/lib/katex_fonts/fonts/KaTeX_Math-Italic.ttf
-rw-r--r-- root/root     32588 2022-11-23 08:21 usr/share/fluffychat-bin/data/flutter_assets/packages/flutter_math_fork/lib/katex_fonts/fonts/KaTeX_SansSerif-Bold.ttf
-rw-r--r-- root/root     29860 2022-11-23 08:21 usr/share/fluffychat-bin/data/flutter_assets/packages/flutter_math_fork/lib/katex_fonts/fonts/KaTeX_SansSerif-Italic.ttf
-rw-r--r-- root/root     28708 2022-11-23 08:21 usr/share/fluffychat-bin/data/flutter_assets/packages/flutter_math_fork/lib/katex_fonts/fonts/KaTeX_SansSerif-Regular.ttf
-rw-r--r-- root/root     23520 2022-11-23 08:21 usr/share/fluffychat-bin/data/flutter_assets/packages/flutter_math_fork/lib/katex_fonts/fonts/KaTeX_Script-Regular.ttf
-rw-r--r-- root/root     11932 2022-11-23 08:21 usr/share/fluffychat-bin/data/flutter_assets/packages/flutter_math_fork/lib/katex_fonts/fonts/KaTeX_Size1-Regular.ttf
-rw-r--r-- root/root     11080 2022-11-23 08:21 usr/share/fluffychat-bin/data/flutter_assets/packages/flutter_math_fork/lib/katex_fonts/fonts/KaTeX_Size2-Regular.ttf
-rw-r--r-- root/root      7028 2022-11-23 08:21 usr/share/fluffychat-bin/data/flutter_assets/packages/flutter_math_fork/lib/katex_fonts/fonts/KaTeX_Size3-Regular.ttf
-rw-r--r-- root/root     10008 2022-11-23 08:21 usr/share/fluffychat-bin/data/flutter_assets/packages/flutter_math_fork/lib/katex_fonts/fonts/KaTeX_Size4-Regular.ttf
-rw-r--r-- root/root     34560 2022-11-23 08:21 usr/share/fluffychat-bin/data/flutter_assets/packages/flutter_math_fork/lib/katex_fonts/fonts/KaTeX_Typewriter-Regular.ttf
drwxr-xr-x root/root         0 2022-11-23 08:21 usr/share/fluffychat-bin/data/flutter_assets/packages/wakelock_web/
drwxr-xr-x root/root         0 2022-11-23 08:21 usr/share/fluffychat-bin/data/flutter_assets/packages/wakelock_web/assets/
-rw-r--r-- root/root     13344 2022-11-23 08:21 usr/share/fluffychat-bin/data/flutter_assets/packages/wakelock_web/assets/no_sleep.js
drwxr-xr-x root/root         0 2022-11-23 08:21 usr/share/fluffychat-bin/data/flutter_assets/shaders/
-rw-r--r-- root/root     17280 2022-11-23 08:21 usr/share/fluffychat-bin/data/flutter_assets/shaders/ink_sparkle.frag
-rw-r--r-- root/root        93 2022-11-23 08:21 usr/share/fluffychat-bin/data/flutter_assets/version.json
-rw-r--r-- root/root    815504 2022-11-23 08:18 usr/share/fluffychat-bin/data/icudtl.dat
-rwxr-xr-x root/root     19168 2022-11-26 14:04 usr/share/fluffychat-bin/fluffychat
drwxr-xr-x root/root         0 2022-11-26 14:04 usr/share/fluffychat-bin/lib/
drwxr-xr-x root/root         0 2022-11-26 14:04 usr/share/fluffychat-bin/lib/fmedia/
-rw-r--r-- root/root     68120 2022-11-26 14:04 usr/share/fluffychat-bin/lib/fmedia/fmedia
-rw-r--r-- root/root      9092 2022-11-23 08:18 usr/share/fluffychat-bin/lib/fmedia/fmedia.conf
drwxr-xr-x root/root         0 2022-11-26 14:04 usr/share/fluffychat-bin/lib/fmedia/mod/
-rw-r--r-- root/root     18640 2022-11-26 14:04 usr/share/fluffychat-bin/lib/fmedia/mod/aac.so
-rw-r--r-- root/root     75944 2022-11-26 14:04 usr/share/fluffychat-bin/lib/fmedia/mod/afilter.so
-rw-r--r-- root/root     14480 2022-11-26 14:04 usr/share/fluffychat-bin/lib/fmedia/mod/alac.so
-rw-r--r-- root/root     43440 2022-11-26 14:04 usr/share/fluffychat-bin/lib/fmedia/mod/alsa.so
-rw-r--r-- root/root     14472 2022-11-26 14:04 usr/share/fluffychat-bin/lib/fmedia/mod/ape.so
-rw-r--r-- root/root    211688 2022-11-26 14:04 usr/share/fluffychat-bin/lib/fmedia/mod/core.so
-rw-r--r-- root/root     14536 2022-11-26 14:04 usr/share/fluffychat-bin/lib/fmedia/mod/dbus.so
-rw-r--r-- root/root     14488 2022-11-26 14:04 usr/share/fluffychat-bin/lib/fmedia/mod/dynanorm.so
-rw-r--r-- root/root     43240 2022-11-26 14:04 usr/share/fluffychat-bin/lib/fmedia/mod/flac.so
-rw-r--r-- root/root    223488 2022-11-26 14:04 usr/share/fluffychat-bin/lib/fmedia/mod/fmt.so
-rw-r--r-- root/root     18712 2022-11-26 14:04 usr/share/fluffychat-bin/lib/fmedia/mod/jack.so
-rw-r--r-- root/root    162896 2022-11-26 14:04 usr/share/fluffychat-bin/lib/fmedia/mod/libALAC-ff.so
-rw-r--r-- root/root    257920 2022-11-26 14:04 usr/share/fluffychat-bin/lib/fmedia/mod/libDynamicAudioNormalizer-ff.so
-rw-r--r-- root/root    317688 2022-11-26 14:04 usr/share/fluffychat-bin/lib/fmedia/mod/libFLAC-ff.so
-rw-r--r-- root/root    171192 2022-11-26 14:04 usr/share/fluffychat-bin/lib/fmedia/mod/libMAC-ff.so
-rw-r--r-- root/root    829304 2022-11-26 14:04 usr/share/fluffychat-bin/lib/fmedia/mod/libfdk-aac-ff.so
-rw-r--r-- root/root    321656 2022-11-26 14:04 usr/share/fluffychat-bin/lib/fmedia/mod/libmp3lame-ff.so
-rw-r--r-- root/root     56552 2022-11-26 14:04 usr/share/fluffychat-bin/lib/fmedia/mod/libmpc-ff.so
-rw-r--r-- root/root    298040 2022-11-26 14:04 usr/share/fluffychat-bin/lib/fmedia/mod/libmpg123-ff.so
-rw-r--r-- root/root     14368 2022-11-26 14:04 usr/share/fluffychat-bin/lib/fmedia/mod/libogg-ff.so
-rw-r--r-- root/root    514144 2022-11-26 14:04 usr/share/fluffychat-bin/lib/fmedia/mod/libopus-ff.so
-rw-r--r-- root/root    244984 2022-11-26 14:04 usr/share/fluffychat-bin/lib/fmedia/mod/libsoxr-ff.so
-rw-r--r-- root/root    227632 2022-11-26 14:04 usr/share/fluffychat-bin/lib/fmedia/mod/libvorbis-ff.so
-rw-r--r-- root/root    702648 2022-11-26 14:04 usr/share/fluffychat-bin/lib/fmedia/mod/libvorbisenc-ff.so
-rw-r--r-- root/root     43000 2022-11-26 14:04 usr/share/fluffychat-bin/lib/fmedia/mod/libwavpack-ff.so
-rw-r--r-- root/root     14480 2022-11-26 14:04 usr/share/fluffychat-bin/lib/fmedia/mod/mpc.so
-rw-r--r-- root/root     14552 2022-11-26 14:04 usr/share/fluffychat-bin/lib/fmedia/mod/mpeg.so
-rw-r--r-- root/root     96536 2022-11-26 14:04 usr/share/fluffychat-bin/lib/fmedia/mod/net.so
-rw-r--r-- root/root     22760 2022-11-26 14:04 usr/share/fluffychat-bin/lib/fmedia/mod/opus.so
-rw-r--r-- root/root     75984 2022-11-26 14:04 usr/share/fluffychat-bin/lib/fmedia/mod/plist.so
-rw-r--r-- root/root     47560 2022-11-26 14:04 usr/share/fluffychat-bin/lib/fmedia/mod/pulse.so
-rw-r--r-- root/root     14472 2022-11-26 14:04 usr/share/fluffychat-bin/lib/fmedia/mod/soxr.so
-rw-r--r-- root/root     35456 2022-11-26 14:04 usr/share/fluffychat-bin/lib/fmedia/mod/tui.so
-rw-r--r-- root/root     18656 2022-11-26 14:04 usr/share/fluffychat-bin/lib/fmedia/mod/vorbis.so
-rw-r--r-- root/root     14488 2022-11-26 14:04 usr/share/fluffychat-bin/lib/fmedia/mod/wavpack.so
-rw-r--r-- root/root  21005208 2022-11-26 14:04 usr/share/fluffychat-bin/lib/libapp.so
-rw-r--r-- root/root     18776 2022-11-26 14:04 usr/share/fluffychat-bin/lib/libdesktop_drop_plugin.so
-rw-r--r-- root/root     18728 2022-11-26 14:04 usr/share/fluffychat-bin/lib/libdesktop_lifecycle_plugin.so
-rw-r--r-- root/root     18728 2022-11-26 14:04 usr/share/fluffychat-bin/lib/libemoji_picker_flutter_plugin.so
-rw-r--r-- root/root     23088 2022-11-26 14:04 usr/share/fluffychat-bin/lib/libfile_selector_linux_plugin.so
-rw-r--r-- root/root  14623192 2022-11-26 14:04 usr/share/fluffychat-bin/lib/libflutter_linux_gtk.so
-rw-r--r-- root/root     23184 2022-11-26 14:04 usr/share/fluffychat-bin/lib/libflutter_secure_storage_linux_plugin.so
-rw-r--r-- root/root    757376 2022-11-26 14:04 usr/share/fluffychat-bin/lib/libhandy_flutter.so
-rw-r--r-- root/root     23088 2022-11-26 14:04 usr/share/fluffychat-bin/lib/libhandy_window_plugin.so
-rw-r--r-- root/root     14384 2022-11-26 14:04 usr/share/fluffychat-bin/lib/librecord_linux_plugin.so
-rw-r--r-- root/root     18880 2022-11-26 14:04 usr/share/fluffychat-bin/lib/liburl_launcher_linux_plugin.so
drwxr-xr-x root/root         0 2022-11-26 14:04 usr/share/pixmaps/
-rw-r--r-- root/root     19510 2022-11-26 14:04 usr/share/pixmaps/fluffychat-bin.png


